Archive member included to satisfy reference by file (symbol)

/Applications/MCUXpressoIDE_10.3.0_2200/ide/plugins/com.nxp.mcuxpresso.tools.macosx_10.3.0.201811011841/tools/bin/../lib/gcc/arm-none-eabi/7.3.1/thumb/v7e-m/fpv4-sp/hard/libgcc.a(_aeabi_uldivmod.o)
                              ./drivers/fsl_lpspi.o (__aeabi_uldivmod)
/Applications/MCUXpressoIDE_10.3.0_2200/ide/plugins/com.nxp.mcuxpresso.tools.macosx_10.3.0.201811011841/tools/bin/../lib/gcc/arm-none-eabi/7.3.1/thumb/v7e-m/fpv4-sp/hard/libgcc.a(_udivmoddi4.o)
                              /Applications/MCUXpressoIDE_10.3.0_2200/ide/plugins/com.nxp.mcuxpresso.tools.macosx_10.3.0.201811011841/tools/bin/../lib/gcc/arm-none-eabi/7.3.1/thumb/v7e-m/fpv4-sp/hard/libgcc.a(_aeabi_uldivmod.o) (__udivmoddi4)
/Applications/MCUXpressoIDE_10.3.0_2200/ide/plugins/com.nxp.mcuxpresso.tools.macosx_10.3.0.201811011841/tools/bin/../lib/gcc/arm-none-eabi/7.3.1/thumb/v7e-m/fpv4-sp/hard/libgcc.a(unwind-arm.o)
                              ./startup/startup_mke18f16.o (__aeabi_unwind_cpp_pr0)
/Applications/MCUXpressoIDE_10.3.0_2200/ide/plugins/com.nxp.mcuxpresso.tools.macosx_10.3.0.201811011841/tools/bin/../lib/gcc/arm-none-eabi/7.3.1/thumb/v7e-m/fpv4-sp/hard/libgcc.a(libunwind.o)
                              /Applications/MCUXpressoIDE_10.3.0_2200/ide/plugins/com.nxp.mcuxpresso.tools.macosx_10.3.0.201811011841/tools/bin/../lib/gcc/arm-none-eabi/7.3.1/thumb/v7e-m/fpv4-sp/hard/libgcc.a(unwind-arm.o) (restore_core_regs)
/Applications/MCUXpressoIDE_10.3.0_2200/ide/plugins/com.nxp.mcuxpresso.tools.macosx_10.3.0.201811011841/tools/bin/../lib/gcc/arm-none-eabi/7.3.1/thumb/v7e-m/fpv4-sp/hard/libgcc.a(pr-support.o)
                              /Applications/MCUXpressoIDE_10.3.0_2200/ide/plugins/com.nxp.mcuxpresso.tools.macosx_10.3.0.201811011841/tools/bin/../lib/gcc/arm-none-eabi/7.3.1/thumb/v7e-m/fpv4-sp/hard/libgcc.a(unwind-arm.o) (__gnu_unwind_execute)
/Applications/MCUXpressoIDE_10.3.0_2200/ide/plugins/com.nxp.mcuxpresso.tools.macosx_10.3.0.201811011841/tools/bin/../lib/gcc/arm-none-eabi/7.3.1/thumb/v7e-m/fpv4-sp/hard/libgcc.a(_dvmd_tls.o)
                              /Applications/MCUXpressoIDE_10.3.0_2200/ide/plugins/com.nxp.mcuxpresso.tools.macosx_10.3.0.201811011841/tools/bin/../lib/gcc/arm-none-eabi/7.3.1/thumb/v7e-m/fpv4-sp/hard/libgcc.a(_aeabi_uldivmod.o) (__aeabi_ldiv0)
/Applications/MCUXpressoIDE_10.3.0_2200/ide/plugins/com.nxp.mcuxpresso.tools.macosx_10.3.0.201811011841/tools/bin/../lib/gcc/arm-none-eabi/7.3.1/../../../../arm-none-eabi/lib/thumb/v7e-m/fpv4-sp/hard/libc_nano.a(lib_a-abort.o)
                              /Applications/MCUXpressoIDE_10.3.0_2200/ide/plugins/com.nxp.mcuxpresso.tools.macosx_10.3.0.201811011841/tools/bin/../lib/gcc/arm-none-eabi/7.3.1/thumb/v7e-m/fpv4-sp/hard/libgcc.a(unwind-arm.o) (abort)
/Applications/MCUXpressoIDE_10.3.0_2200/ide/plugins/com.nxp.mcuxpresso.tools.macosx_10.3.0.201811011841/tools/bin/../lib/gcc/arm-none-eabi/7.3.1/../../../../arm-none-eabi/lib/thumb/v7e-m/fpv4-sp/hard/libc_nano.a(lib_a-aeabi_atexit.o)
                              ./source/CAN.o (__aeabi_atexit)
/Applications/MCUXpressoIDE_10.3.0_2200/ide/plugins/com.nxp.mcuxpresso.tools.macosx_10.3.0.201811011841/tools/bin/../lib/gcc/arm-none-eabi/7.3.1/../../../../arm-none-eabi/lib/thumb/v7e-m/fpv4-sp/hard/libc_nano.a(lib_a-cxa_atexit.o)
                              /Applications/MCUXpressoIDE_10.3.0_2200/ide/plugins/com.nxp.mcuxpresso.tools.macosx_10.3.0.201811011841/tools/bin/../lib/gcc/arm-none-eabi/7.3.1/../../../../arm-none-eabi/lib/thumb/v7e-m/fpv4-sp/hard/libc_nano.a(lib_a-aeabi_atexit.o) (__cxa_atexit)
/Applications/MCUXpressoIDE_10.3.0_2200/ide/plugins/com.nxp.mcuxpresso.tools.macosx_10.3.0.201811011841/tools/bin/../lib/gcc/arm-none-eabi/7.3.1/../../../../arm-none-eabi/lib/thumb/v7e-m/fpv4-sp/hard/libc_nano.a(lib_a-init.o)
                              ./startup/startup_mke18f16.o (__libc_init_array)
/Applications/MCUXpressoIDE_10.3.0_2200/ide/plugins/com.nxp.mcuxpresso.tools.macosx_10.3.0.201811011841/tools/bin/../lib/gcc/arm-none-eabi/7.3.1/../../../../arm-none-eabi/lib/thumb/v7e-m/fpv4-sp/hard/libc_nano.a(lib_a-malloc.o)
                              ./drivers/fsl_common.o (malloc)
/Applications/MCUXpressoIDE_10.3.0_2200/ide/plugins/com.nxp.mcuxpresso.tools.macosx_10.3.0.201811011841/tools/bin/../lib/gcc/arm-none-eabi/7.3.1/../../../../arm-none-eabi/lib/thumb/v7e-m/fpv4-sp/hard/libc_nano.a(lib_a-memcpy-stub.o)
                              ./utilities/fsl_shell.o (memcpy)
/Applications/MCUXpressoIDE_10.3.0_2200/ide/plugins/com.nxp.mcuxpresso.tools.macosx_10.3.0.201811011841/tools/bin/../lib/gcc/arm-none-eabi/7.3.1/../../../../arm-none-eabi/lib/thumb/v7e-m/fpv4-sp/hard/libc_nano.a(lib_a-memmove.o)
                              ./utilities/fsl_shell.o (memmove)
[...]
Memory Configuration

Name             Origin             Length             Attributes
PROGRAM_FLASH    0x0000000000000000 0x0000000000080000 xr
SRAM_UPPER       0x0000000020000000 0x0000000000008000 xrw
SRAM_LOWER       0x000000001fff8000 0x0000000000008000 xrw
FLEX_RAM         0x0000000014000000 0x0000000000001000 xrw
*default*        0x0000000000000000 0xffffffffffffffff

Linker script and memory map

LOAD ./utilities/utilities/fsl_notifier.o
LOAD ./utilities/fsl_assert.o
LOAD ./utilities/fsl_debug_console.o
LOAD ./utilities/fsl_shell.o
LOAD ./utilities/fsl_str.o
LOAD ./startup/startup_mke18f16.o
LOAD ./source/CAN.o
LOAD ./source/DashB.o
LOAD ./source/Gears.o
LOAD ./source/LCD.o
LOAD ./source/WarningLEDs.o
LOAD ./source/semihost_hardfault.o
LOAD ./lib/adc.o
LOAD ./lib/candrv.o
LOAD ./lib/canlight.o
LOAD ./lib/gpio.o
LOAD ./lib/lpit.o
LOAD ./lib/spi.o
LOAD ./drivers/fsl_acmp.o
LOAD ./drivers/fsl_adc12.o
LOAD ./drivers/fsl_cache.o
LOAD ./drivers/fsl_clock.o
LOAD ./drivers/fsl_common.o
LOAD ./drivers/fsl_crc.o
LOAD ./drivers/fsl_dac32.o
LOAD ./drivers/fsl_dmamux.o
LOAD ./drivers/fsl_edma.o
LOAD ./drivers/fsl_ewm.o
LOAD ./drivers/fsl_flexcan.o
LOAD ./drivers/fsl_flexcan_edma.o
LOAD ./drivers/fsl_flexio.o
LOAD ./drivers/fsl_flexio_i2c_master.o
LOAD ./drivers/fsl_flexio_spi.o
LOAD ./drivers/fsl_flexio_spi_edma.o
LOAD ./drivers/fsl_flexio_uart.o
LOAD ./drivers/fsl_flexio_uart_edma.o
LOAD ./drivers/fsl_ftfx_cache.o
LOAD ./drivers/fsl_ftfx_controller.o
LOAD ./drivers/fsl_ftfx_flash.o
LOAD ./drivers/fsl_ftfx_flexnvm.o
LOAD ./drivers/fsl_ftm.o
LOAD ./drivers/fsl_gpio.o
LOAD ./drivers/fsl_lmem_cache.o
LOAD ./drivers/fsl_lpi2c.o
LOAD ./drivers/fsl_lpi2c_edma.o
LOAD ./drivers/fsl_lpit.o
LOAD ./drivers/fsl_lpspi.o
LOAD ./drivers/fsl_lpspi_edma.o
LOAD ./drivers/fsl_lptmr.o
LOAD ./drivers/fsl_lpuart.o
LOAD ./drivers/fsl_lpuart_edma.o
LOAD ./drivers/fsl_pdb.o
LOAD ./drivers/fsl_pmc.o
LOAD ./drivers/fsl_pwt.o
LOAD ./drivers/fsl_rcm.o
LOAD ./drivers/fsl_rtc.o
LOAD ./drivers/fsl_sim.o
LOAD ./drivers/fsl_smc.o
LOAD ./drivers/fsl_sysmpu.o
LOAD ./drivers/fsl_trgmux.o
LOAD ./drivers/fsl_wdog32.o
LOAD ./device/system_MKE18F16.o
LOAD ./component/uart/lpuart_adapter.o
LOAD ./component/serial_manager/serial_manager.o
LOAD ./component/serial_manager/serial_port_uart.o
LOAD ./component/lists/generic_list.o
LOAD ./board/board.o
LOAD ./board/clock_config.o
LOAD ./board/peripherals.o
LOAD ./board/pin_mux.o
LOAD ./System/Scheduler.o
LOAD ./System/System.o
LOAD ./System/SystemTesting.o
START GROUP
LOAD /Applications/MCUXpressoIDE_10.3.0_2200/ide/plugins/com.nxp.mcuxpresso.tools.macosx_10.3.0.201811011841/tools/bin/../lib/gcc/arm-none-eabi/7.3.1/thumb/v7e-m/fpv4-sp/hard/libgcc.a
LOAD /Applications/MCUXpressoIDE_10.3.0_2200/ide/plugins/com.nxp.mcuxpresso.tools.macosx_10.3.0.201811011841/tools/bin/../lib/gcc/arm-none-eabi/7.3.1/../../../../arm-none-eabi/lib/thumb/v7e-m/fpv4-sp/hard/libc_nano.a
LOAD /Applications/MCUXpressoIDE_10.3.0_2200/ide/plugins/com.nxp.mcuxpresso.tools.macosx_10.3.0.201811011841/tools/bin/../lib/gcc/arm-none-eabi/7.3.1/../../../../arm-none-eabi/lib/thumb/v7e-m/fpv4-sp/hard/libstdc++_nano.a
LOAD /Applications/MCUXpressoIDE_10.3.0_2200/ide/plugins/com.nxp.mcuxpresso.tools.macosx_10.3.0.201811011841/tools/bin/../lib/gcc/arm-none-eabi/7.3.1/../../../../arm-none-eabi/lib/thumb/v7e-m/fpv4-sp/hard/libm.a
LOAD /Applications/MCUXpressoIDE_10.3.0_2200/ide/plugins/com.nxp.mcuxpresso.tools.macosx_10.3.0.201811011841/tools/bin/../lib/gcc/arm-none-eabi/7.3.1/../../../../arm-none-eabi/lib/thumb/v7e-m/fpv4-sp/hard/libcr_newlib_semihost.a
LOAD /Applications/MCUXpressoIDE_10.3.0_2200/ide/plugins/com.nxp.mcuxpresso.tools.macosx_10.3.0.201811011841/tools/bin/../lib/gcc/arm-none-eabi/7.3.1/thumb/v7e-m/fpv4-sp/hard/crti.o
LOAD /Applications/MCUXpressoIDE_10.3.0_2200/ide/plugins/com.nxp.mcuxpresso.tools.macosx_10.3.0.201811011841/tools/bin/../lib/gcc/arm-none-eabi/7.3.1/thumb/v7e-m/fpv4-sp/hard/crtn.o
LOAD /Applications/MCUXpressoIDE_10.3.0_2200/ide/plugins/com.nxp.mcuxpresso.tools.macosx_10.3.0.201811011841/tools/bin/../lib/gcc/arm-none-eabi/7.3.1/thumb/v7e-m/fpv4-sp/hard/crtbegin.o
LOAD /Applications/MCUXpressoIDE_10.3.0_2200/ide/plugins/com.nxp.mcuxpresso.tools.macosx_10.3.0.201811011841/tools/bin/../lib/gcc/arm-none-eabi/7.3.1/thumb/v7e-m/fpv4-sp/hard/crtend.o
END GROUP
                0x0000000000000000                __base_PROGRAM_FLASH = 0x0
                0x0000000000000000                __base_Flash = 0x0
                0x0000000000080000                __top_PROGRAM_FLASH = 0x80000
                0x0000000000080000                __top_Flash = 0x80000
                0x0000000020000000                __base_SRAM_UPPER = 0x20000000
                0x0000000020000000                __base_RAM = 0x20000000
                0x0000000020008000                __top_SRAM_UPPER = 0x20008000
                0x0000000020008000                __top_RAM = 0x20008000
                0x000000001fff8000                __base_SRAM_LOWER = 0x1fff8000
                0x000000001fff8000                __base_RAM2 = 0x1fff8000
                0x0000000020000000                __top_SRAM_LOWER = 0x20000000
                0x0000000020000000                __top_RAM2 = 0x20000000
                0x0000000014000000                __base_FLEX_RAM = 0x14000000
                0x0000000014000000                __base_RAM3 = 0x14000000
                0x0000000014001000                __top_FLEX_RAM = 0x14001000
                0x0000000014001000                __top_RAM3 = 0x14001000

.text           0x0000000000000000     0xbf60
 FILL mask 0xff
                0x0000000000000000                __vectors_start__ = ABSOLUTE (.)
 *(SORT_BY_ALIGNMENT(.isr_vector))
 .isr_vector    0x0000000000000000      0x1a4 ./startup/startup_mke18f16.o
                0x0000000000000000                __Vectors
                0x0000000000000000                g_pfnVectors
                0x00000000000001a4                . = ALIGN (0x4)
                0x00000000000001a4                __section_table_start = .
                0x00000000000001a4                __data_section_table = .
                0x00000000000001a4        0x4 LONG 0xcea0 LOADADDR (.data)
                0x00000000000001a8        0x4 LONG 0x20000000 ADDR (.data)
                0x00000000000001ac        0x4 LONG 0x78 SIZEOF (.data)
                0x00000000000001b0        0x4 LONG 0xcea0 LOADADDR (.data_RAM2)
                0x00000000000001b4        0x4 LONG 0x1fff8000 ADDR (.data_RAM2)
                0x00000000000001b8        0x4 LONG 0x0 SIZEOF (.data_RAM2)
                0x00000000000001bc        0x4 LONG 0xcea0 LOADADDR (.data_RAM3)
                0x00000000000001c0        0x4 LONG 0x14000000 ADDR (.data_RAM3)
                0x00000000000001c4        0x4 LONG 0x0 SIZEOF (.data_RAM3)
                0x00000000000001c8                __data_section_table_end = .
                0x00000000000001c8                __bss_section_table = .
                0x00000000000001c8        0x4 LONG 0x20000078 ADDR (.bss)
                0x00000000000001cc        0x4 LONG 0x2a0 SIZEOF (.bss)
                0x00000000000001d0        0x4 LONG 0x1fff8000 ADDR (.bss_RAM2)
                0x00000000000001d4        0x4 LONG 0x0 SIZEOF (.bss_RAM2)
                0x00000000000001d8        0x4 LONG 0x14000000 ADDR (.bss_RAM3)
                0x00000000000001dc        0x4 LONG 0x0 SIZEOF (.bss_RAM3)
                0x00000000000001e0                __bss_section_table_end = .
                0x00000000000001e0                __section_table_end = .
 *(SORT_BY_ALIGNMENT(.after_vectors*))
 .after_vectors.reset
                0x00000000000001e0       0x50 ./startup/startup_mke18f16.o
                0x00000000000001e0                ResetISR
 .after_vectors.init_data
                0x0000000000000230       0x1e ./startup/startup_mke18f16.o
                0x0000000000000230                data_init(unsigned int, unsigned int, unsigned int)
 .after_vectors.init_bss
                0x000000000000024e       0x12 ./startup/startup_mke18f16.o
                0x000000000000024e                bss_init(unsigned int, unsigned int)
 .after_vectors
                0x0000000000000260       0x14 ./startup/startup_mke18f16.o
                0x0000000000000260                NMI_Handler
                0x0000000000000264                MemManage_Handler
                0x0000000000000266                BusFault_Handler
                0x0000000000000268                UsageFault_Handler
                0x000000000000026a                SVC_Handler
                0x000000000000026c                DebugMon_Handler
                0x000000000000026e                PendSV_Handler
                0x0000000000000272                FTM2_DriverIRQHandler
                0x0000000000000272                Reserved82_DriverIRQHandler
                0x0000000000000272                RTC_Seconds_DriverIRQHandler
                0x0000000000000272                MCM_DriverIRQHandler
                0x0000000000000272                LPIT0_Ch0_DriverIRQHandler
                0x0000000000000272                Reserved69_DriverIRQHandler
                0x0000000000000272                PDB1_DriverIRQHandler
                0x0000000000000272                CMP1_DriverIRQHandler
                0x0000000000000272                FTM0_DriverIRQHandler
                0x0000000000000272                IntDefaultHandler
                0x0000000000000272                SCG_RCM_DriverIRQHandler
                0x0000000000000272                PORTC_DriverIRQHandler
                0x0000000000000272                DAC0_DriverIRQHandler
                0x0000000000000272                CMP2_DriverIRQHandler
                0x0000000000000272                LVD_LVW_DriverIRQHandler
                0x0000000000000272                PWT_DriverIRQHandler
                0x0000000000000272                Reserved53_DriverIRQHandler
                0x0000000000000272                Reserved91_DriverIRQHandler
                0x0000000000000272                Reserved71_DriverIRQHandler
                0x0000000000000272                ADC1_DriverIRQHandler
                0x0000000000000272                PORTA_DriverIRQHandler
                0x0000000000000272                Reserved92_DriverIRQHandler
                0x0000000000000272                WDOG_EWM_DriverIRQHandler
                0x0000000000000272                PDB0_DriverIRQHandler
                0x0000000000000272                Reserved83_DriverIRQHandler
                0x0000000000000272                Reserved61_DriverIRQHandler
                0x0000000000000272                LPIT0_Ch2_DriverIRQHandler
                0x0000000000000272                RTC_DriverIRQHandler
                0x0000000000000272                Read_Collision_DriverIRQHandler
                0x0000000000000272                Reserved54_DriverIRQHandler
                0x0000000000000272                SWI_DriverIRQHandler
                0x0000000000000272                Reserved99_DriverIRQHandler
                0x0000000000000272                PDB2_DriverIRQHandler
                0x0000000000000272                Reserved44_DriverIRQHandler
                0x0000000000000272                LPIT0_Ch1_DriverIRQHandler
                0x0000000000000272                Reserved81_DriverIRQHandler
                0x0000000000000272                Reserved88_DriverIRQHandler
                0x0000000000000272                ADC0_DriverIRQHandler
                0x0000000000000272                LPIT0_Ch3_DriverIRQHandler
                0x0000000000000272                Doublebit_Fault_DriverIRQHandler
                0x0000000000000272                CMP0_DriverIRQHandler
                0x0000000000000272                Reserved98_DriverIRQHandler
                0x0000000000000272                FTM3_DriverIRQHandler
                0x0000000000000272                ADC2_DriverIRQHandler
                0x0000000000000272                PORTD_DriverIRQHandler
                0x0000000000000272                Reserved46_DriverIRQHandler
                0x0000000000000272                Reserved70_DriverIRQHandler
                0x0000000000000272                PORTE_DriverIRQHandler
                0x0000000000000272                FTFE_DriverIRQHandler
                0x0000000000000272                Reserved39_DriverIRQHandler
                0x0000000000000272                PORTB_DriverIRQHandler
                0x0000000000000272                LPTMR0_DriverIRQHandler
                0x0000000000000272                DMA_Error_DriverIRQHandler
                0x0000000000000272                FTM1_DriverIRQHandler
                0x0000000000000272                Reserved100_DriverIRQHandler
                0x0000000000000400                . = 0x400
 *fill*         0x0000000000000274      0x18c ff
                0x0000000000000400                PROVIDE (__FLASH_CONFIG_START__ = .)
 *(SORT_BY_ALIGNMENT(.FlashConfig))
 .FlashConfig   0x0000000000000400       0x10 ./startup/startup_mke18f16.o
                0x0000000000000410                PROVIDE (__FLASH_CONFIG_END__ = .)
                0x0000000000000001                ASSERT (! ((__FLASH_CONFIG_START__ == __FLASH_CONFIG_END__)), Linker Flash Config Support Enabled, but no .FlashConfig section provided within application)
 *(SORT_BY_ALIGNMENT(.text*))
 .text          0x0000000000000410       0xa0 /Applications/MCUXpressoIDE_10.3.0_2200/ide/plugins/com.nxp.mcuxpresso.tools.macosx_10.3.0.201811011841/tools/bin/../lib/gcc/arm-none-eabi/7.3.1/../../../../arm-none-eabi/lib/thumb/v7e-m/fpv4-sp/hard/libc_nano.a(lib_a-memchr.o)
                0x0000000000000410                memchr
 .text.LPSPI_MasterSetDelayTimes
                0x00000000000004b0      0x204 ./drivers/fsl_lpspi.o
                0x00000000000004b0                LPSPI_MasterSetDelayTimes
 .text.__assert_func
                0x00000000000006b4       0x28 ./utilities/fsl_assert.o
                0x00000000000006b4                __assert_func
 .text          0x00000000000006dc      0x168 ./source/CAN.o
                0x00000000000006dc                genCallBack()
                0x0000000000000720                setupCAN()
                0x000000000000078c                toggleWarningLeds(unsigned char)
                0x00000000000007ee                read()
 .text._ZN7ServiceD2Ev
                0x0000000000000844       0x20 ./source/CAN.o
                0x0000000000000844                Service::~Service()
                0x0000000000000844                Service::~Service()
 .text._ZN13StaticServiceIN3BSP3can8CANlightEJPKNS1_16_canlight_configEEE11StaticClassEv
                0x0000000000000864       0x30 ./source/CAN.o
                0x0000000000000864                StaticService<BSP::can::CANlight, BSP::can::_canlight_config const*>::StaticClass()
 .text._ZN13StaticServiceIN3BSP3can8CANlightEJPKNS1_16_canlight_configEEED2Ev
                0x0000000000000894       0x24 ./source/CAN.o
                0x0000000000000894                StaticService<BSP::can::CANlight, BSP::can::_canlight_config const*>::~StaticService()
                0x0000000000000894                StaticService<BSP::can::CANlight, BSP::can::_canlight_config const*>::~StaticService()
 .text._ZN3BSP3can8CANlightD2Ev
                0x00000000000008b8       0x24 ./source/CAN.o
                0x00000000000008b8                BSP::can::CANlight::~CANlight()
                0x00000000000008b8                BSP::can::CANlight::~CANlight()
 .text._ZN13StaticServiceIN3BSP3can8CANlightEJPKNS1_16_canlight_configEEE15ConstructStaticEOS5_
                0x00000000000008dc       0x90 ./source/CAN.o
                0x00000000000008dc                StaticService<BSP::can::CANlight, BSP::can::_canlight_config const*>::ConstructStatic(BSP::can::_canlight_config const*&&)
 .text          0x000000000000096c      0x2e8 ./source/Gears.o
                0x000000000000096c                initGears()
                0x00000000000009be                shift(int)
 .text._ZN3BSP4gpio4GPIO4tickEv
                0x0000000000000c54       0x1c ./source/Gears.o
                0x0000000000000c54                BSP::gpio::GPIO::tick()
 .text._ZN13StaticServiceIN3BSP4gpio4GPIOEJEED2Ev
                0x0000000000000c70       0x24 ./source/Gears.o
                0x0000000000000c70                StaticService<BSP::gpio::GPIO>::~StaticService()
                0x0000000000000c70                StaticService<BSP::gpio::GPIO>::~StaticService()
 .text._ZN3BSP4gpio4GPIOD2Ev
                0x0000000000000c94       0x24 ./source/Gears.o
                0x0000000000000c94                BSP::gpio::GPIO::~GPIO()
                0x0000000000000c94                BSP::gpio::GPIO::~GPIO()
 .text._ZN13StaticServiceIN3BSP4gpio4GPIOEJEE15ConstructStaticEv
                0x0000000000000cb8       0x7c ./source/Gears.o
                0x0000000000000cb8                StaticService<BSP::gpio::GPIO>::ConstructStatic()
 .text._ZN13StaticServiceIN3BSP4gpio4GPIOEJEE11StaticClassEv
                0x0000000000000d34       0x30 ./source/Gears.o
                0x0000000000000d34                StaticService<BSP::gpio::GPIO>::StaticClass()
 .text          0x0000000000000d64      0x730 ./source/LCD.o
                0x0000000000000e04                delay(int)
                0x0000000000000e34                LCDinit()
                0x0000000000000f02                writeLeft(char)
                0x0000000000001030                writeRight(char)
                0x000000000000115e                comLeft(char)
                0x000000000000128c                comRight(char)
                0x00000000000013ba                bothSides(char)
                0x00000000000013dc                writeBothSides(char)
                0x00000000000013fe                LCDcommand(char)
                0x0000000000001414                LCDchar(char)
                0x000000000000142e                LCDwrite(char*)
                0x0000000000001464                SysTick_Handler
 .text          0x0000000000001494      0x858 ./lib/adc.o
                0x000000000000160a                BSP::adc::ADC::ADC(BSP::adc::adc_config const*)
                0x000000000000160a                BSP::adc::ADC::ADC(BSP::adc::adc_config const*)
                0x0000000000001764                BSP::adc::ADC::tick()
                0x0000000000001778                BSP::adc::ADC::config_base(ADC_Type*, _adc12_config*)
                0x0000000000001870                BSP::adc::ADC::config_hardware_compare(ADC_Type*, _adc12_hardware_compare_config*)
                0x00000000000018cc                BSP::adc::ADC::set_callback(ADC_Type*, void (*)(ADC_Type*, void*))
                0x0000000000001900                BSP::adc::ADC::set_offset(ADC_Type*, unsigned long)
                0x000000000000194e                BSP::adc::ADC::set_gain(ADC_Type*, unsigned long)
                0x000000000000199c                BSP::adc::ADC::set_hardware_average(ADC_Type*, _adc12_hardware_average_mode)
                0x00000000000019ec                BSP::adc::ADC::enable_dma(ADC_Type*, bool)
                0x0000000000001a3c                BSP::adc::ADC::enable_hardware_trigger(ADC_Type*, bool)
                0x0000000000001a8c                BSP::adc::ADC::get_default_config(BSP::adc::adc_config*)
                0x0000000000001b00                BSP::adc::ADC::get_callback(ADC_Type*)
                0x0000000000001b2c                BSP::adc::ADC::get_base_status_flags(ADC_Type*)
                0x0000000000001b46                BSP::adc::ADC::get_channel_status_flags(ADC_Type*, unsigned long)
                0x0000000000001b64                BSP::adc::ADC::calibrate(ADC_Type*)
                0x0000000000001b7e                BSP::adc::ADC::read(ADC_Type*, unsigned long)
                0x0000000000001c26                BSP::adc::ADC::get_index(ADC_Type*)
                0x0000000000001c80                ADC0_IRQHandler
                0x0000000000001ca4                ADC1_IRQHandler
                0x0000000000001cc8                ADC2_IRQHandler
 .text._ZN13StaticServiceIN3BSP3adc3ADCEJPKNS1_10adc_configEEED2Ev
                0x0000000000001cec       0x24 ./lib/adc.o
                0x0000000000001cec                StaticService<BSP::adc::ADC, BSP::adc::adc_config const*>::~StaticService()
                0x0000000000001cec                StaticService<BSP::adc::ADC, BSP::adc::adc_config const*>::~StaticService()
 .text._ZN7ServiceC2Ev
                0x0000000000001d10       0x20 ./lib/adc.o
                0x0000000000001d10                Service::Service()
                0x0000000000001d10                Service::Service()
 .text._ZN13StaticServiceIN3BSP3adc3ADCEJPKNS1_10adc_configEEEC2Ev
                0x0000000000001d30       0x24 ./lib/adc.o
                0x0000000000001d30                StaticService<BSP::adc::ADC, BSP::adc::adc_config const*>::StaticService()
                0x0000000000001d30                StaticService<BSP::adc::ADC, BSP::adc::adc_config const*>::StaticService()
 .text._ZN13StaticServiceIN3BSP3adc3ADCEJPKNS1_10adc_configEEE11StaticClassEv
                0x0000000000001d54       0x30 ./lib/adc.o
                0x0000000000001d54                StaticService<BSP::adc::ADC, BSP::adc::adc_config const*>::StaticClass()
 .text._ZN3BSP3adc3ADCD2Ev
                0x0000000000001d84       0x24 ./lib/adc.o
                0x0000000000001d84                BSP::adc::ADC::~ADC()
                0x0000000000001d84                BSP::adc::ADC::~ADC()
 .text          0x0000000000001da8      0x4b0 ./lib/canlight.o
                0x0000000000001e36                BSP::can::CANlight::CANlight(BSP::can::_canlight_config const*)
                0x0000000000001e36                BSP::can::CANlight::CANlight(BSP::can::_canlight_config const*)
                0x0000000000001eac                BSP::can::CANlight::mbinterrupt(unsigned char)
                0x0000000000001f62                BSP::can::CANlight::init(unsigned char, BSP::can::CANlight::_canx_config*)
                0x0000000000002064                BSP::can::CANlight::tx(unsigned char, BSP::can::CANlight::_frame)
                0x000000000000214c                BSP::can::CANlight::readrx(unsigned char)
                0x0000000000002216                BSP::can::CANlight::tick()
                0x000000000000222a                CAN0_ORed_Message_buffer_IRQHandler
                0x0000000000002240                CAN1_ORed_Message_buffer_IRQHandler
 .text._ZN3BSP3can8CANlight4baseEh
                0x0000000000002258       0x2c ./lib/canlight.o
                0x0000000000002258                BSP::can::CANlight::base(unsigned char)
 .text._ZN13StaticServiceIN3BSP3can8CANlightEJPKNS1_16_canlight_configEEEC2Ev
                0x0000000000002284       0x24 ./lib/canlight.o
                0x0000000000002284                StaticService<BSP::can::CANlight, BSP::can::_canlight_config const*>::StaticService()
                0x0000000000002284                StaticService<BSP::can::CANlight, BSP::can::_canlight_config const*>::StaticService()
 .text          0x00000000000022a8      0x5a4 ./lib/gpio.o
                0x000000000000239e                BSP::gpio::GPIO::GPIO()
                0x000000000000239e                BSP::gpio::GPIO::GPIO()
                0x00000000000023f0                BSP::gpio::GPIO::set(BSP::gpio::GPIO_port, unsigned long)
                0x000000000000244c                BSP::gpio::GPIO::clear(BSP::gpio::GPIO_port, unsigned long)
                0x00000000000024a8                BSP::gpio::GPIO::toggle(BSP::gpio::GPIO_port, unsigned long)
                0x0000000000002504                BSP::gpio::GPIO::out_dir(BSP::gpio::GPIO_port, unsigned long)
                0x0000000000002534                BSP::gpio::GPIO::in_dir(BSP::gpio::GPIO_port, unsigned long)
                0x0000000000002566                BSP::gpio::GPIO::read(BSP::gpio::GPIO_port, unsigned long)
                0x00000000000025a2                BSP::gpio::GPIO::config_pin(BSP::gpio::GPIO_port, unsigned long, _port_pin_config*)
                0x00000000000025ce                BSP::gpio::GPIO::config_interrupt(BSP::gpio::GPIO_port, unsigned long, _port_interrupt)
                0x00000000000025fc                BSP::gpio::GPIO::config_function(BSP::gpio::GPIO_port, void (*)())
                0x0000000000002630                BSP::gpio::GPIO::int_source(BSP::gpio::GPIO_port)
                0x0000000000002684                BSP::gpio::GPIO::ack_interrupt(BSP::gpio::GPIO_port, unsigned char)
                0x00000000000026bc                BSP::gpio::GPIO::get_port(BSP::gpio::GPIO_port)
                0x0000000000002720                BSP::gpio::GPIO::get_gpio(BSP::gpio::GPIO_port)
                0x0000000000002784                PORTA_IRQHandler
                0x00000000000027ac                PORTB_IRQHandler
                0x00000000000027d4                PORTC_IRQHandler
                0x00000000000027fc                PORTD_IRQHandler
                0x0000000000002824                PORTE_IRQHandler
 .text._ZN13StaticServiceIN3BSP4gpio4GPIOEJEEC2Ev
                0x000000000000284c       0x24 ./lib/gpio.o
                0x000000000000284c                StaticService<BSP::gpio::GPIO>::StaticService()
                0x000000000000284c                StaticService<BSP::gpio::GPIO>::StaticService()
 .text          0x0000000000002870      0x338 ./lib/lpit.o
                0x0000000000002994                BSP::lpit::LPIT::LPIT(BSP::lpit::lpit_config const*)
                0x0000000000002994                BSP::lpit::LPIT::LPIT(BSP::lpit::lpit_config const*)
                0x0000000000002a28                BSP::lpit::LPIT::init(unsigned char, unsigned long, void (*)())
                0x0000000000002ab6                BSP::lpit::LPIT::tick()
                0x0000000000002aca                BSP::lpit::LPIT::interrupt(unsigned char)
                0x0000000000002b50                LPIT0_Ch0_IRQHandler
                0x0000000000002b66                LPIT0_Ch1_IRQHandler
                0x0000000000002b7c                LPIT0_Ch2_IRQHandler
                0x0000000000002b92                LPIT0_Ch3_IRQHandler
 .text._ZN13StaticServiceIN3BSP4lpit4LPITEJPKNS1_11lpit_configEEED2Ev
                0x0000000000002ba8       0x24 ./lib/lpit.o
                0x0000000000002ba8                StaticService<BSP::lpit::LPIT, BSP::lpit::lpit_config const*>::~StaticService()
                0x0000000000002ba8                StaticService<BSP::lpit::LPIT, BSP::lpit::lpit_config const*>::~StaticService()
 .text._ZN13StaticServiceIN3BSP4lpit4LPITEJPKNS1_11lpit_configEEEC2Ev
                0x0000000000002bcc       0x24 ./lib/lpit.o
                0x0000000000002bcc                StaticService<BSP::lpit::LPIT, BSP::lpit::lpit_config const*>::StaticService()
                0x0000000000002bcc                StaticService<BSP::lpit::LPIT, BSP::lpit::lpit_config const*>::StaticService()
 .text._ZN13StaticServiceIN3BSP4lpit4LPITEJPKNS1_11lpit_configEEE11StaticClassEv
                0x0000000000002bf0       0x30 ./lib/lpit.o
                0x0000000000002bf0                StaticService<BSP::lpit::LPIT, BSP::lpit::lpit_config const*>::StaticClass()
 .text._ZN3BSP4lpit4LPITD2Ev
                0x0000000000002c20       0x24 ./lib/lpit.o
                0x0000000000002c20                BSP::lpit::LPIT::~LPIT()
                0x0000000000002c20                BSP::lpit::LPIT::~LPIT()
 .text          0x0000000000002c44      0xa60 ./lib/spi.o
                0x0000000000002e74                BSP::spi::SPI::SPI(BSP::spi::spi_config const*)
                0x0000000000002e74                BSP::spi::SPI::SPI(BSP::spi::spi_config const*)
                0x0000000000002f34                BSP::spi::SPI::tick()
                0x0000000000002f48                BSP::spi::SPI::initMaster(unsigned char, BSP::spi::SPI::masterConfig*)
                0x0000000000003240                BSP::spi::SPI::mastertx(unsigned char, unsigned char*, unsigned char*, unsigned char)
                0x0000000000003336                BSP::spi::SPI::mastercb(unsigned char)
                0x000000000000351e                BSP::spi::SPI::slavecb(unsigned char)
                0x0000000000003536                BSP::spi::SPI::cson(BSP::spi::SPI::transceiver*)
                0x00000000000035c4                BSP::spi::SPI::csoff(BSP::spi::SPI::transceiver*)
                0x0000000000003642                LPSPI0_IRQHandler
                0x0000000000003672                LPSPI1_IRQHandler
 .text._ZN13StaticServiceIN3BSP3spi3SPIEJPKNS1_10spi_configEEED2Ev
                0x00000000000036a4       0x24 ./lib/spi.o
                0x00000000000036a4                StaticService<BSP::spi::SPI, BSP::spi::spi_config const*>::~StaticService()
                0x00000000000036a4                StaticService<BSP::spi::SPI, BSP::spi::spi_config const*>::~StaticService()
 .text._ZN13StaticServiceIN3BSP3spi3SPIEJPKNS1_10spi_configEEEC2Ev
                0x00000000000036c8       0x24 ./lib/spi.o
                0x00000000000036c8                StaticService<BSP::spi::SPI, BSP::spi::spi_config const*>::StaticService()
                0x00000000000036c8                StaticService<BSP::spi::SPI, BSP::spi::spi_config const*>::StaticService()
 .text._ZN13StaticServiceIN3BSP3spi3SPIEJPKNS1_10spi_configEEE11StaticClassEv
                0x00000000000036ec       0x30 ./lib/spi.o
                0x00000000000036ec                StaticService<BSP::spi::SPI, BSP::spi::spi_config const*>::StaticClass()
 .text._ZN3BSP3spi3SPID2Ev
                0x000000000000371c       0x24 ./lib/spi.o
                0x000000000000371c                BSP::spi::SPI::~SPI()
                0x000000000000371c                BSP::spi::SPI::~SPI()
 .text.CLOCK_EnableClock
                0x0000000000003740       0x40 ./drivers/fsl_adc12.o
 .text.ADC12_GetChannelConversionValue
                0x0000000000003780       0x3c ./drivers/fsl_adc12.o
 .text.ADC12_GetInstance
                0x00000000000037bc       0x58 ./drivers/fsl_adc12.o
 .text.ADC12_Init
                0x0000000000003814       0xe4 ./drivers/fsl_adc12.o
                0x0000000000003814                ADC12_Init
 .text.ADC12_SetChannelConfig
                0x00000000000038f8       0x80 ./drivers/fsl_adc12.o
                0x00000000000038f8                ADC12_SetChannelConfig
 .text.ADC12_GetChannelStatusFlags
                0x0000000000003978       0x54 ./drivers/fsl_adc12.o
                0x0000000000003978                ADC12_GetChannelStatusFlags
 .text.ADC12_SetHardwareCompareConfig
                0x00000000000039cc       0xa4 ./drivers/fsl_adc12.o
                0x00000000000039cc                ADC12_SetHardwareCompareConfig
 .text.CLOCK_GetCurSysClkConfig
                0x0000000000003a70       0x3c ./drivers/fsl_clock.o
 .text.CLOCK_GetErClkFreq
                0x0000000000003aac       0x48 ./drivers/fsl_clock.o
                0x0000000000003aac                CLOCK_GetErClkFreq
 .text.CLOCK_GetOsc32kClkFreq
                0x0000000000003af4       0x30 ./drivers/fsl_clock.o
                0x0000000000003af4                CLOCK_GetOsc32kClkFreq
 .text.CLOCK_GetFreq
                0x0000000000003b24      0x11c ./drivers/fsl_clock.o
                0x0000000000003b24                CLOCK_GetFreq
 .text.CLOCK_GetIpFreq
                0x0000000000003c40       0xd4 ./drivers/fsl_clock.o
                0x0000000000003c40                CLOCK_GetIpFreq
 .text.CLOCK_GetSysClkFreq
                0x0000000000003d14       0xb4 ./drivers/fsl_clock.o
                0x0000000000003d14                CLOCK_GetSysClkFreq
 .text.CLOCK_GetSysOscFreq
                0x0000000000003dc8       0x48 ./drivers/fsl_clock.o
                0x0000000000003dc8                CLOCK_GetSysOscFreq
 .text.CLOCK_GetSysOscAsyncFreq
                0x0000000000003e10       0x68 ./drivers/fsl_clock.o
                0x0000000000003e10                CLOCK_GetSysOscAsyncFreq
 .text.CLOCK_InitSirc
                0x0000000000003e78       0x8c ./drivers/fsl_clock.o
                0x0000000000003e78                CLOCK_InitSirc
 .text.CLOCK_DeinitSirc
                0x0000000000003f04       0x48 ./drivers/fsl_clock.o
                0x0000000000003f04                CLOCK_DeinitSirc
 .text.CLOCK_GetSircFreq
                0x0000000000003f4c       0x38 ./drivers/fsl_clock.o
                0x0000000000003f4c                CLOCK_GetSircFreq
 .text.CLOCK_GetSircAsyncFreq
                0x0000000000003f84       0x68 ./drivers/fsl_clock.o
                0x0000000000003f84                CLOCK_GetSircAsyncFreq
 .text.CLOCK_InitFirc
                0x0000000000003fec      0x104 ./drivers/fsl_clock.o
                0x0000000000003fec                CLOCK_InitFirc
 .text.CLOCK_DeinitFirc
                0x00000000000040f0       0x48 ./drivers/fsl_clock.o
                0x00000000000040f0                CLOCK_DeinitFirc
 .text.CLOCK_GetFircFreq
                0x0000000000004138       0x38 ./drivers/fsl_clock.o
                0x0000000000004138                CLOCK_GetFircFreq
 .text.CLOCK_GetFircAsyncFreq
                0x0000000000004170       0x68 ./drivers/fsl_clock.o
                0x0000000000004170                CLOCK_GetFircAsyncFreq
 .text.CLOCK_InitSysPll
                0x00000000000041d8       0xb8 ./drivers/fsl_clock.o
                0x00000000000041d8                CLOCK_InitSysPll
 .text.CLOCK_DeinitSysPll
                0x0000000000004290       0x48 ./drivers/fsl_clock.o
                0x0000000000004290                CLOCK_DeinitSysPll
 .text.CLOCK_GetSysPllCommonFreq
                0x00000000000042d8       0x68 ./drivers/fsl_clock.o
 .text.CLOCK_GetSysPllFreq
                0x0000000000004340       0x30 ./drivers/fsl_clock.o
                0x0000000000004340                CLOCK_GetSysPllFreq
 .text.CLOCK_GetSysPllAsyncFreq
                0x0000000000004370       0x68 ./drivers/fsl_clock.o
                0x0000000000004370                CLOCK_GetSysPllAsyncFreq
 .text.EDMA_HandleIRQ
                0x00000000000043d8      0x164 ./drivers/fsl_edma.o
                0x00000000000043d8                EDMA_HandleIRQ
 .text.DMA0_DriverIRQHandler
                0x000000000000453c       0x1c ./drivers/fsl_edma.o
                0x000000000000453c                DMA0_DriverIRQHandler
 .text.DMA1_DriverIRQHandler
                0x0000000000004558       0x1c ./drivers/fsl_edma.o
                0x0000000000004558                DMA1_DriverIRQHandler
 .text.DMA2_DriverIRQHandler
                0x0000000000004574       0x1c ./drivers/fsl_edma.o
                0x0000000000004574                DMA2_DriverIRQHandler
 .text.DMA3_DriverIRQHandler
                0x0000000000004590       0x1c ./drivers/fsl_edma.o
                0x0000000000004590                DMA3_DriverIRQHandler
 .text.DMA4_DriverIRQHandler
                0x00000000000045ac       0x1c ./drivers/fsl_edma.o
                0x00000000000045ac                DMA4_DriverIRQHandler
 .text.DMA5_DriverIRQHandler
                0x00000000000045c8       0x1c ./drivers/fsl_edma.o
                0x00000000000045c8                DMA5_DriverIRQHandler
 .text.DMA6_DriverIRQHandler
                0x00000000000045e4       0x1c ./drivers/fsl_edma.o
                0x00000000000045e4                DMA6_DriverIRQHandler
 .text.DMA7_DriverIRQHandler
                0x0000000000004600       0x1c ./drivers/fsl_edma.o
                0x0000000000004600                DMA7_DriverIRQHandler
 .text.DMA8_DriverIRQHandler
                0x000000000000461c       0x1c ./drivers/fsl_edma.o
                0x000000000000461c                DMA8_DriverIRQHandler
 .text.DMA9_DriverIRQHandler
                0x0000000000004638       0x1c ./drivers/fsl_edma.o
                0x0000000000004638                DMA9_DriverIRQHandler
 .text.DMA10_DriverIRQHandler
                0x0000000000004654       0x1c ./drivers/fsl_edma.o
                0x0000000000004654                DMA10_DriverIRQHandler
 .text.DMA11_DriverIRQHandler
                0x0000000000004670       0x1c ./drivers/fsl_edma.o
                0x0000000000004670                DMA11_DriverIRQHandler
 .text.DMA12_DriverIRQHandler
                0x000000000000468c       0x1c ./drivers/fsl_edma.o
                0x000000000000468c                DMA12_DriverIRQHandler
 .text.DMA13_DriverIRQHandler
                0x00000000000046a8       0x1c ./drivers/fsl_edma.o
                0x00000000000046a8                DMA13_DriverIRQHandler
 .text.DMA14_DriverIRQHandler
                0x00000000000046c4       0x1c ./drivers/fsl_edma.o
                0x00000000000046c4                DMA14_DriverIRQHandler
 .text.DMA15_DriverIRQHandler
                0x00000000000046e0       0x1c ./drivers/fsl_edma.o
                0x00000000000046e0                DMA15_DriverIRQHandler
 .text.CLOCK_EnableClock
                0x00000000000046fc       0x40 ./drivers/fsl_flexcan.o
 .text.FLEXCAN_GetInstance
                0x000000000000473c       0x58 ./drivers/fsl_flexcan.o
                0x000000000000473c                FLEXCAN_GetInstance
 .text.FLEXCAN_Reset
                0x0000000000004794       0xdc ./drivers/fsl_flexcan.o
 .text.FLEXCAN_SetBaudRate
                0x0000000000004870       0xb4 ./drivers/fsl_flexcan.o
 .text.FLEXCAN_Init
                0x0000000000004924      0x160 ./drivers/fsl_flexcan.o
                0x0000000000004924                FLEXCAN_Init
 .text.FLEXCAN_GetDefaultConfig
                0x0000000000004a84       0x88 ./drivers/fsl_flexcan.o
                0x0000000000004a84                FLEXCAN_GetDefaultConfig
 .text.FLEXCAN_SetTimingConfig
                0x0000000000004b0c       0x8c ./drivers/fsl_flexcan.o
                0x0000000000004b0c                FLEXCAN_SetTimingConfig
 .text.FLEXCAN_SetTxMbConfig
                0x0000000000004b98       0xbc ./drivers/fsl_flexcan.o
                0x0000000000004b98                FLEXCAN_SetTxMbConfig
 .text.FLEXCAN_SetRxMbConfig
                0x0000000000004c54      0x118 ./drivers/fsl_flexcan.o
                0x0000000000004c54                FLEXCAN_SetRxMbConfig
 .text.FLEXCAN_WriteTxMb
                0x0000000000004d6c      0x16c ./drivers/fsl_flexcan.o
                0x0000000000004d6c                FLEXCAN_WriteTxMb
 .text.FLEXCAN_ReadRxMb
                0x0000000000004ed8      0x140 ./drivers/fsl_flexcan.o
                0x0000000000004ed8                FLEXCAN_ReadRxMb
 .text.CAN0_DriverIRQHandler
                0x0000000000005018       0x48 ./drivers/fsl_flexcan.o
                0x0000000000005018                CAN0_DriverIRQHandler
 .text.CAN1_DriverIRQHandler
                0x0000000000005060       0x48 ./drivers/fsl_flexcan.o
                0x0000000000005060                CAN1_DriverIRQHandler
 .text.FLEXIO_CommonIRQHandler
                0x00000000000050a8       0x58 ./drivers/fsl_flexio.o
                0x00000000000050a8                FLEXIO_CommonIRQHandler
 .text.LPI2C_CommonIRQHandler
                0x0000000000005100       0x74 ./drivers/fsl_lpi2c.o
 .text.LPI2C0_DriverIRQHandler
                0x0000000000005174       0x14 ./drivers/fsl_lpi2c.o
                0x0000000000005174                LPI2C0_DriverIRQHandler
 .text.LPI2C1_DriverIRQHandler
                0x0000000000005188       0x14 ./drivers/fsl_lpi2c.o
                0x0000000000005188                LPI2C1_DriverIRQHandler
 .text.CLOCK_EnableClock
                0x000000000000519c       0x40 ./drivers/fsl_lpspi.o
 .text.LPSPI_GetInstance
                0x00000000000051dc       0x5c ./drivers/fsl_lpspi.o
                0x00000000000051dc                LPSPI_GetInstance
 .text.LPSPI_SetDummyData
                0x0000000000005238       0x2c ./drivers/fsl_lpspi.o
                0x0000000000005238                LPSPI_SetDummyData
 .text.LPSPI_MasterInit
                0x0000000000005264      0x128 ./drivers/fsl_lpspi.o
                0x0000000000005264                LPSPI_MasterInit
 .text.LPSPI_MasterSetBaudRate
                0x000000000000538c      0x100 ./drivers/fsl_lpspi.o
                0x000000000000538c                LPSPI_MasterSetBaudRate
 .text.LPSPI_MasterSetDelayScaler
                0x000000000000548c       0x80 ./drivers/fsl_lpspi.o
                0x000000000000548c                LPSPI_MasterSetDelayScaler
 .text.LPSPI_CommonIRQHandler
                0x000000000000550c       0x40 ./drivers/fsl_lpspi.o
 .text.LPSPI0_DriverIRQHandler
                0x000000000000554c       0x40 ./drivers/fsl_lpspi.o
                0x000000000000554c                LPSPI0_DriverIRQHandler
 .text.LPSPI1_DriverIRQHandler
                0x000000000000558c       0x40 ./drivers/fsl_lpspi.o
                0x000000000000558c                LPSPI1_DriverIRQHandler
 .text.LPUART0_TX_DriverIRQHandler
                0x00000000000055cc       0x28 ./drivers/fsl_lpuart.o
                0x00000000000055cc                LPUART0_TX_DriverIRQHandler
 .text.LPUART0_RX_DriverIRQHandler
                0x00000000000055f4       0x28 ./drivers/fsl_lpuart.o
                0x00000000000055f4                LPUART0_RX_DriverIRQHandler
 .text.LPUART1_TX_DriverIRQHandler
                0x000000000000561c       0x28 ./drivers/fsl_lpuart.o
                0x000000000000561c                LPUART1_TX_DriverIRQHandler
 .text.LPUART1_RX_DriverIRQHandler
                0x0000000000005644       0x28 ./drivers/fsl_lpuart.o
                0x0000000000005644                LPUART1_RX_DriverIRQHandler
 .text.LPUART2_TX_DriverIRQHandler
                0x000000000000566c       0x28 ./drivers/fsl_lpuart.o
                0x000000000000566c                LPUART2_TX_DriverIRQHandler
 .text.LPUART2_RX_DriverIRQHandler
                0x0000000000005694       0x28 ./drivers/fsl_lpuart.o
                0x0000000000005694                LPUART2_RX_DriverIRQHandler
 .text.SystemInit
                0x00000000000056bc       0x7c ./device/system_MKE18F16.o
                0x00000000000056bc                SystemInit
 .text.CLOCK_SetRunModeSysClkConfig
                0x0000000000005738       0x3c ./board/clock_config.o
 .text.CLOCK_GetCurSysClkConfig
                0x0000000000005774       0x3c ./board/clock_config.o
 .text.CLOCK_CONFIG_FircSafeConfig
                0x00000000000057b0       0xa4 ./board/clock_config.o
 .text.BOARD_BootClockRUN
                0x0000000000005854       0x5c ./board/clock_config.o
                0x0000000000005854                BOARD_BootClockRUN
 .text.CLOCK_EnableClock
                0x00000000000058b0       0x40 ./board/pin_mux.o
 .text.BOARD_InitPins
                0x00000000000058f0      0x170 ./board/pin_mux.o
                0x00000000000058f0                BOARD_InitPins
 .text          0x0000000000005a60      0x534 ./System/SystemTesting.o
                0x0000000000005e2c                Task3()
                0x0000000000005e44                TestTasksFinite()
                0x0000000000005f04                TestSys()
 .text._ZN6System4TaskC2Ev
                0x0000000000005f94       0x28 ./System/SystemTesting.o
                0x0000000000005f94                System::Task::Task()
                0x0000000000005f94                System::Task::Task()
 .text          0x0000000000005fbc       0x30 /Applications/MCUXpressoIDE_10.3.0_2200/ide/plugins/com.nxp.mcuxpresso.tools.macosx_10.3.0.201811011841/tools/bin/../lib/gcc/arm-none-eabi/7.3.1/thumb/v7e-m/fpv4-sp/hard/libgcc.a(_aeabi_uldivmod.o)
                0x0000000000005fbc                __aeabi_uldivmod
 .text          0x0000000000005fec      0x2cc /Applications/MCUXpressoIDE_10.3.0_2200/ide/plugins/com.nxp.mcuxpresso.tools.macosx_10.3.0.201811011841/tools/bin/../lib/gcc/arm-none-eabi/7.3.1/thumb/v7e-m/fpv4-sp/hard/libgcc.a(_udivmoddi4.o)
                0x0000000000005fec                __udivmoddi4
 .text          0x00000000000062b8      0x9ec /Applications/MCUXpressoIDE_10.3.0_2200/ide/plugins/com.nxp.mcuxpresso.tools.macosx_10.3.0.201811011841/tools/bin/../lib/gcc/arm-none-eabi/7.3.1/thumb/v7e-m/fpv4-sp/hard/libgcc.a(unwind-arm.o)
                0x000000000000656c                _Unwind_GetCFA
                0x0000000000006570                __gnu_Unwind_RaiseException
                0x00000000000065d0                __gnu_Unwind_ForcedUnwind
                0x00000000000065e4                __gnu_Unwind_Resume
                0x0000000000006628                __gnu_Unwind_Resume_or_Rethrow
                0x0000000000006638                _Unwind_Complete
                0x000000000000663c                _Unwind_DeleteException
                0x0000000000006648                _Unwind_VRS_Get
                0x000000000000668c                _Unwind_VRS_Set
                0x00000000000066d4                __gnu_Unwind_Backtrace
                0x0000000000006a18                __aeabi_unwind_cpp_pr0
                0x0000000000006a1c                __aeabi_unwind_cpp_pr1
                0x0000000000006a20                __aeabi_unwind_cpp_pr2
                0x0000000000006a24                _Unwind_VRS_Pop
 .text          0x0000000000006ca4      0x1ac /Applications/MCUXpressoIDE_10.3.0_2200/ide/plugins/com.nxp.mcuxpresso.tools.macosx_10.3.0.201811011841/tools/bin/../lib/gcc/arm-none-eabi/7.3.1/thumb/v7e-m/fpv4-sp/hard/libgcc.a(libunwind.o)
                0x0000000000006ca4                __restore_core_regs
                0x0000000000006ca4                restore_core_regs
                0x0000000000006cbc                __gnu_Unwind_Restore_VFP
                0x0000000000006cc4                __gnu_Unwind_Save_VFP
                0x0000000000006ccc                __gnu_Unwind_Restore_VFP_D
                0x0000000000006cd4                __gnu_Unwind_Save_VFP_D
                0x0000000000006cdc                __gnu_Unwind_Restore_VFP_D_16_to_31
                0x0000000000006ce4                __gnu_Unwind_Save_VFP_D_16_to_31
                0x0000000000006cec                __gnu_Unwind_Restore_WMMXD
                0x0000000000006d30                __gnu_Unwind_Save_WMMXD
                0x0000000000006d74                __gnu_Unwind_Restore_WMMXC
                0x0000000000006d88                __gnu_Unwind_Save_WMMXC
                0x0000000000006d9c                _Unwind_RaiseException
                0x0000000000006d9c                ___Unwind_RaiseException
                0x0000000000006dc0                ___Unwind_Resume
                0x0000000000006dc0                _Unwind_Resume
                0x0000000000006de4                ___Unwind_Resume_or_Rethrow
                0x0000000000006de4                _Unwind_Resume_or_Rethrow
                0x0000000000006e08                _Unwind_ForcedUnwind
                0x0000000000006e08                ___Unwind_ForcedUnwind
                0x0000000000006e2c                _Unwind_Backtrace
                0x0000000000006e2c                ___Unwind_Backtrace
 .text          0x0000000000006e50      0x374 /Applications/MCUXpressoIDE_10.3.0_2200/ide/plugins/com.nxp.mcuxpresso.tools.macosx_10.3.0.201811011841/tools/bin/../lib/gcc/arm-none-eabi/7.3.1/thumb/v7e-m/fpv4-sp/hard/libgcc.a(pr-support.o)
                0x0000000000006ea8                __gnu_unwind_execute
                0x000000000000716c                __gnu_unwind_frame
                0x0000000000007194                _Unwind_GetRegionStart
                0x00000000000071a0                _Unwind_GetLanguageSpecificData
                0x00000000000071b4                _Unwind_GetDataRelBase
                0x00000000000071bc                _Unwind_GetTextRelBase
 .text          0x00000000000071c4        0x4 /Applications/MCUXpressoIDE_10.3.0_2200/ide/plugins/com.nxp.mcuxpresso.tools.macosx_10.3.0.201811011841/tools/bin/../lib/gcc/arm-none-eabi/7.3.1/thumb/v7e-m/fpv4-sp/hard/libgcc.a(_dvmd_tls.o)
                0x00000000000071c4                __aeabi_ldiv0
                0x00000000000071c4                __aeabi_idiv0
 .text.__cxa_atexit
                0x00000000000071c8       0x1c /Applications/MCUXpressoIDE_10.3.0_2200/ide/plugins/com.nxp.mcuxpresso.tools.macosx_10.3.0.201811011841/tools/bin/../lib/gcc/arm-none-eabi/7.3.1/../../../../arm-none-eabi/lib/thumb/v7e-m/fpv4-sp/hard/libc_nano.a(lib_a-cxa_atexit.o)
                0x00000000000071c8                __cxa_atexit
 .text.__libc_init_array
                0x00000000000071e4       0x48 /Applications/MCUXpressoIDE_10.3.0_2200/ide/plugins/com.nxp.mcuxpresso.tools.macosx_10.3.0.201811011841/tools/bin/../lib/gcc/arm-none-eabi/7.3.1/../../../../arm-none-eabi/lib/thumb/v7e-m/fpv4-sp/hard/libc_nano.a(lib_a-init.o)
                0x00000000000071e4                __libc_init_array
 .text.free     0x000000000000722c       0x10 /Applications/MCUXpressoIDE_10.3.0_2200/ide/plugins/com.nxp.mcuxpresso.tools.macosx_10.3.0.201811011841/tools/bin/../lib/gcc/arm-none-eabi/7.3.1/../../../../arm-none-eabi/lib/thumb/v7e-m/fpv4-sp/hard/libc_nano.a(lib_a-malloc.o)
                0x000000000000722c                free
 .text._free_r  0x000000000000723c       0x9c /Applications/MCUXpressoIDE_10.3.0_2200/ide/plugins/com.nxp.mcuxpresso.tools.macosx_10.3.0.201811011841/tools/bin/../lib/gcc/arm-none-eabi/7.3.1/../../../../arm-none-eabi/lib/thumb/v7e-m/fpv4-sp/hard/libc_nano.a(lib_a-nano-freer.o)
                0x000000000000723c                _free_r
 .text._malloc_r
                0x00000000000072d8       0xb4 /Applications/MCUXpressoIDE_10.3.0_2200/ide/plugins/com.nxp.mcuxpresso.tools.macosx_10.3.0.201811011841/tools/bin/../lib/gcc/arm-none-eabi/7.3.1/../../../../arm-none-eabi/lib/thumb/v7e-m/fpv4-sp/hard/libc_nano.a(lib_a-nano-mallocr.o)
                0x00000000000072d8                _malloc_r
 .text.printf   0x000000000000738c       0x30 /Applications/MCUXpressoIDE_10.3.0_2200/ide/plugins/com.nxp.mcuxpresso.tools.macosx_10.3.0.201811011841/tools/bin/../lib/gcc/arm-none-eabi/7.3.1/../../../../arm-none-eabi/lib/thumb/v7e-m/fpv4-sp/hard/libc_nano.a(lib_a-printf.o)
                0x000000000000738c                printf
                0x000000000000738c                iprintf
 .text._puts_r  0x00000000000073bc       0xb8 /Applications/MCUXpressoIDE_10.3.0_2200/ide/plugins/com.nxp.mcuxpresso.tools.macosx_10.3.0.201811011841/tools/bin/../lib/gcc/arm-none-eabi/7.3.1/../../../../arm-none-eabi/lib/thumb/v7e-m/fpv4-sp/hard/libc_nano.a(lib_a-puts.o)
                0x00000000000073bc                _puts_r
 .text.puts     0x0000000000007474       0x10 /Applications/MCUXpressoIDE_10.3.0_2200/ide/plugins/com.nxp.mcuxpresso.tools.macosx_10.3.0.201811011841/tools/bin/../lib/gcc/arm-none-eabi/7.3.1/../../../../arm-none-eabi/lib/thumb/v7e-m/fpv4-sp/hard/libc_nano.a(lib_a-puts.o)
                0x0000000000007474                puts
 .text._sbrk_r  0x0000000000007484       0x20 /Applications/MCUXpressoIDE_10.3.0_2200/ide/plugins/com.nxp.mcuxpresso.tools.macosx_10.3.0.201811011841/tools/bin/../lib/gcc/arm-none-eabi/7.3.1/../../../../arm-none-eabi/lib/thumb/v7e-m/fpv4-sp/hard/libc_nano.a(lib_a-sbrkr.o)
                0x0000000000007484                _sbrk_r
 .text.raise    0x00000000000074a4       0x10 /Applications/MCUXpressoIDE_10.3.0_2200/ide/plugins/com.nxp.mcuxpresso.tools.macosx_10.3.0.201811011841/tools/bin/../lib/gcc/arm-none-eabi/7.3.1/../../../../arm-none-eabi/lib/thumb/v7e-m/fpv4-sp/hard/libc_nano.a(lib_a-signal.o)
                0x00000000000074a4                raise
 .text._kill_r  0x00000000000074b4       0x24 /Applications/MCUXpressoIDE_10.3.0_2200/ide/plugins/com.nxp.mcuxpresso.tools.macosx_10.3.0.201811011841/tools/bin/../lib/gcc/arm-none-eabi/7.3.1/../../../../arm-none-eabi/lib/thumb/v7e-m/fpv4-sp/hard/libc_nano.a(lib_a-signalr.o)
                0x00000000000074b4                _kill_r
 .text.__swbuf_r
                0x00000000000074d8       0xa4 /Applications/MCUXpressoIDE_10.3.0_2200/ide/plugins/com.nxp.mcuxpresso.tools.macosx_10.3.0.201811011841/tools/bin/../lib/gcc/arm-none-eabi/7.3.1/../../../../arm-none-eabi/lib/thumb/v7e-m/fpv4-sp/hard/libc_nano.a(lib_a-wbuf.o)
                0x00000000000074d8                __swbuf_r
 .text.__swsetup_r
                0x000000000000757c       0xdc /Applications/MCUXpressoIDE_10.3.0_2200/ide/plugins/com.nxp.mcuxpresso.tools.macosx_10.3.0.201811011841/tools/bin/../lib/gcc/arm-none-eabi/7.3.1/../../../../arm-none-eabi/lib/thumb/v7e-m/fpv4-sp/hard/libc_nano.a(lib_a-wsetup.o)
                0x000000000000757c                __swsetup_r
 .text.__sflush_r
                0x0000000000007658      0x10c /Applications/MCUXpressoIDE_10.3.0_2200/ide/plugins/com.nxp.mcuxpresso.tools.macosx_10.3.0.201811011841/tools/bin/../lib/gcc/arm-none-eabi/7.3.1/../../../../arm-none-eabi/lib/thumb/v7e-m/fpv4-sp/hard/libc_nano.a(lib_a-fflush.o)
                0x0000000000007658                __sflush_r
 .text._fflush_r
                0x0000000000007764       0x54 /Applications/MCUXpressoIDE_10.3.0_2200/ide/plugins/com.nxp.mcuxpresso.tools.macosx_10.3.0.201811011841/tools/bin/../lib/gcc/arm-none-eabi/7.3.1/../../../../arm-none-eabi/lib/thumb/v7e-m/fpv4-sp/hard/libc_nano.a(lib_a-fflush.o)
                0x0000000000007764                _fflush_r
 .text.std      0x00000000000077b8       0x48 /Applications/MCUXpressoIDE_10.3.0_2200/ide/plugins/com.nxp.mcuxpresso.tools.macosx_10.3.0.201811011841/tools/bin/../lib/gcc/arm-none-eabi/7.3.1/../../../../arm-none-eabi/lib/thumb/v7e-m/fpv4-sp/hard/libc_nano.a(lib_a-findfp.o)
 .text._cleanup_r
                0x0000000000007800        0xc /Applications/MCUXpressoIDE_10.3.0_2200/ide/plugins/com.nxp.mcuxpresso.tools.macosx_10.3.0.201811011841/tools/bin/../lib/gcc/arm-none-eabi/7.3.1/../../../../arm-none-eabi/lib/thumb/v7e-m/fpv4-sp/hard/libc_nano.a(lib_a-findfp.o)
                0x0000000000007800                _cleanup_r
 .text.__sinit  0x000000000000780c       0x60 /Applications/MCUXpressoIDE_10.3.0_2200/ide/plugins/com.nxp.mcuxpresso.tools.macosx_10.3.0.201811011841/tools/bin/../lib/gcc/arm-none-eabi/7.3.1/../../../../arm-none-eabi/lib/thumb/v7e-m/fpv4-sp/hard/libc_nano.a(lib_a-findfp.o)
                0x000000000000780c                __sinit
 .text.__sfp    0x000000000000786c       0x78 /Applications/MCUXpressoIDE_10.3.0_2200/ide/plugins/com.nxp.mcuxpresso.tools.macosx_10.3.0.201811011841/tools/bin/../lib/gcc/arm-none-eabi/7.3.1/../../../../arm-none-eabi/lib/thumb/v7e-m/fpv4-sp/hard/libc_nano.a(lib_a-findfp.o)
                0x000000000000786c                __sfp
 .text.__smakebuf_r
                0x00000000000078e4       0x80 /Applications/MCUXpressoIDE_10.3.0_2200/ide/plugins/com.nxp.mcuxpresso.tools.macosx_10.3.0.201811011841/tools/bin/../lib/gcc/arm-none-eabi/7.3.1/../../../../arm-none-eabi/lib/thumb/v7e-m/fpv4-sp/hard/libc_nano.a(lib_a-makebuf.o)
                0x00000000000078e4                __smakebuf_r
 .text._vfprintf_r
                0x0000000000007964      0x22c /Applications/MCUXpressoIDE_10.3.0_2200/ide/plugins/com.nxp.mcuxpresso.tools.macosx_10.3.0.201811011841/tools/bin/../lib/gcc/arm-none-eabi/7.3.1/../../../../arm-none-eabi/lib/thumb/v7e-m/fpv4-sp/hard/libc_nano.a(lib_a-nano-vfprintf.o)
                0x0000000000007964                _vfiprintf_r
                0x0000000000007964                _vfprintf_r
 .text._printf_i
                0x0000000000007b90      0x224 /Applications/MCUXpressoIDE_10.3.0_2200/ide/plugins/com.nxp.mcuxpresso.tools.macosx_10.3.0.201811011841/tools/bin/../lib/gcc/arm-none-eabi/7.3.1/../../../../arm-none-eabi/lib/thumb/v7e-m/fpv4-sp/hard/libc_nano.a(lib_a-nano-vfprintf_i.o)
                0x0000000000007b90                _printf_i
 .text._write_r
                0x0000000000007db4       0x24 /Applications/MCUXpressoIDE_10.3.0_2200/ide/plugins/com.nxp.mcuxpresso.tools.macosx_10.3.0.201811011841/tools/bin/../lib/gcc/arm-none-eabi/7.3.1/../../../../arm-none-eabi/lib/thumb/v7e-m/fpv4-sp/hard/libc_nano.a(lib_a-writer.o)
                0x0000000000007db4                _write_r
 .text._close_r
                0x0000000000007dd8       0x20 /Applications/MCUXpressoIDE_10.3.0_2200/ide/plugins/com.nxp.mcuxpresso.tools.macosx_10.3.0.201811011841/tools/bin/../lib/gcc/arm-none-eabi/7.3.1/../../../../arm-none-eabi/lib/thumb/v7e-m/fpv4-sp/hard/libc_nano.a(lib_a-closer.o)
                0x0000000000007dd8                _close_r
 .text._fstat_r
                0x0000000000007df8       0x24 /Applications/MCUXpressoIDE_10.3.0_2200/ide/plugins/com.nxp.mcuxpresso.tools.macosx_10.3.0.201811011841/tools/bin/../lib/gcc/arm-none-eabi/7.3.1/../../../../arm-none-eabi/lib/thumb/v7e-m/fpv4-sp/hard/libc_nano.a(lib_a-fstatr.o)
                0x0000000000007df8                _fstat_r
 .text._isatty_r
                0x0000000000007e1c       0x20 /Applications/MCUXpressoIDE_10.3.0_2200/ide/plugins/com.nxp.mcuxpresso.tools.macosx_10.3.0.201811011841/tools/bin/../lib/gcc/arm-none-eabi/7.3.1/../../../../arm-none-eabi/lib/thumb/v7e-m/fpv4-sp/hard/libc_nano.a(lib_a-isattyr.o)
                0x0000000000007e1c                _isatty_r
 .text._lseek_r
                0x0000000000007e3c       0x24 /Applications/MCUXpressoIDE_10.3.0_2200/ide/plugins/com.nxp.mcuxpresso.tools.macosx_10.3.0.201811011841/tools/bin/../lib/gcc/arm-none-eabi/7.3.1/../../../../arm-none-eabi/lib/thumb/v7e-m/fpv4-sp/hard/libc_nano.a(lib_a-lseekr.o)
                0x0000000000007e3c                _lseek_r
 .text._read_r  0x0000000000007e60       0x24 /Applications/MCUXpressoIDE_10.3.0_2200/ide/plugins/com.nxp.mcuxpresso.tools.macosx_10.3.0.201811011841/tools/bin/../lib/gcc/arm-none-eabi/7.3.1/../../../../arm-none-eabi/lib/thumb/v7e-m/fpv4-sp/hard/libc_nano.a(lib_a-readr.o)
                0x0000000000007e60                _read_r
 .text._ZN10__cxxabiv117__class_type_infoD2Ev
                0x0000000000007e84       0x14 /Applications/MCUXpressoIDE_10.3.0_2200/ide/plugins/com.nxp.mcuxpresso.tools.macosx_10.3.0.201811011841/tools/bin/../lib/gcc/arm-none-eabi/7.3.1/../../../../arm-none-eabi/lib/thumb/v7e-m/fpv4-sp/hard/libstdc++_nano.a(class_type_info.o)
                0x0000000000007e84                __cxxabiv1::__class_type_info::~__class_type_info()
                0x0000000000007e84                __cxxabiv1::__class_type_info::~__class_type_info()
 .text.__cxa_type_match
                0x0000000000007e98       0xbc /Applications/MCUXpressoIDE_10.3.0_2200/ide/plugins/com.nxp.mcuxpresso.tools.macosx_10.3.0.201811011841/tools/bin/../lib/gcc/arm-none-eabi/7.3.1/../../../../arm-none-eabi/lib/thumb/v7e-m/fpv4-sp/hard/libstdc++_nano.a(eh_arm.o)
                0x0000000000007e98                __cxa_type_match
 .text.__cxa_get_globals
                0x0000000000007f54        0x8 /Applications/MCUXpressoIDE_10.3.0_2200/ide/plugins/com.nxp.mcuxpresso.tools.macosx_10.3.0.201811011841/tools/bin/../lib/gcc/arm-none-eabi/7.3.1/../../../../arm-none-eabi/lib/thumb/v7e-m/fpv4-sp/hard/libstdc++_nano.a(eh_globals.o)
                0x0000000000007f54                __cxa_get_globals
 .text.__gxx_personality_v0
                0x0000000000007f5c      0x380 /Applications/MCUXpressoIDE_10.3.0_2200/ide/plugins/com.nxp.mcuxpresso.tools.macosx_10.3.0.201811011841/tools/bin/../lib/gcc/arm-none-eabi/7.3.1/../../../../arm-none-eabi/lib/thumb/v7e-m/fpv4-sp/hard/libstdc++_nano.a(eh_personality.o)
                0x0000000000007f5c                __gxx_personality_v0
 .text._ZSt13get_terminatev
                0x00000000000082dc       0x10 /Applications/MCUXpressoIDE_10.3.0_2200/ide/plugins/com.nxp.mcuxpresso.tools.macosx_10.3.0.201811011841/tools/bin/../lib/gcc/arm-none-eabi/7.3.1/../../../../arm-none-eabi/lib/thumb/v7e-m/fpv4-sp/hard/libstdc++_nano.a(eh_terminate.o)
                0x00000000000082dc                std::get_terminate()
 .text._ZSt14get_unexpectedv
                0x00000000000082ec       0x10 /Applications/MCUXpressoIDE_10.3.0_2200/ide/plugins/com.nxp.mcuxpresso.tools.macosx_10.3.0.201811011841/tools/bin/../lib/gcc/arm-none-eabi/7.3.1/../../../../arm-none-eabi/lib/thumb/v7e-m/fpv4-sp/hard/libstdc++_nano.a(eh_terminate.o)
                0x00000000000082ec                std::get_unexpected()
 .text._ZN10__cxxabiv120__si_class_type_infoD2Ev
                0x00000000000082fc       0x14 /Applications/MCUXpressoIDE_10.3.0_2200/ide/plugins/com.nxp.mcuxpresso.tools.macosx_10.3.0.201811011841/tools/bin/../lib/gcc/arm-none-eabi/7.3.1/../../../../arm-none-eabi/lib/thumb/v7e-m/fpv4-sp/hard/libstdc++_nano.a(si_class_type_info.o)
                0x00000000000082fc                __cxxabiv1::__si_class_type_info::~__si_class_type_info()
                0x00000000000082fc                __cxxabiv1::__si_class_type_info::~__si_class_type_info()
 .text._sbrk    0x0000000000008310       0x3c /Applications/MCUXpressoIDE_10.3.0_2200/ide/plugins/com.nxp.mcuxpresso.tools.macosx_10.3.0.201811011841/tools/bin/../lib/gcc/arm-none-eabi/7.3.1/../../../../arm-none-eabi/lib/thumb/v7e-m/fpv4-sp/hard/libcr_newlib_semihost.a(_cr_sbrk.o)
                0x0000000000008310                _sbrk
 .text._kill    0x000000000000834c       0x20 /Applications/MCUXpressoIDE_10.3.0_2200/ide/plugins/com.nxp.mcuxpresso.tools.macosx_10.3.0.201811011841/tools/bin/../lib/gcc/arm-none-eabi/7.3.1/../../../../arm-none-eabi/lib/thumb/v7e-m/fpv4-sp/hard/libcr_newlib_semihost.a(_kill.o)
                0x000000000000834c                _kill
 .text.initialise_monitor_handles.part.0
                0x000000000000836c       0xa4 /Applications/MCUXpressoIDE_10.3.0_2200/ide/plugins/com.nxp.mcuxpresso.tools.macosx_10.3.0.201811011841/tools/bin/../lib/gcc/arm-none-eabi/7.3.1/../../../../arm-none-eabi/lib/thumb/v7e-m/fpv4-sp/hard/libcr_newlib_semihost.a(syscalls.o)
 .text.findslot
                0x0000000000008410       0x30 /Applications/MCUXpressoIDE_10.3.0_2200/ide/plugins/com.nxp.mcuxpresso.tools.macosx_10.3.0.201811011841/tools/bin/../lib/gcc/arm-none-eabi/7.3.1/../../../../arm-none-eabi/lib/thumb/v7e-m/fpv4-sp/hard/libcr_newlib_semihost.a(syscalls.o)
 .text._close   0x0000000000008440       0x4c /Applications/MCUXpressoIDE_10.3.0_2200/ide/plugins/com.nxp.mcuxpresso.tools.macosx_10.3.0.201811011841/tools/bin/../lib/gcc/arm-none-eabi/7.3.1/../../../../arm-none-eabi/lib/thumb/v7e-m/fpv4-sp/hard/libcr_newlib_semihost.a(syscalls.o)
                0x0000000000008440                _close
 .text.__check_heap_overflow
                0x000000000000848c       0x18 /Applications/MCUXpressoIDE_10.3.0_2200/ide/plugins/com.nxp.mcuxpresso.tools.macosx_10.3.0.201811011841/tools/bin/../lib/gcc/arm-none-eabi/7.3.1/../../../../arm-none-eabi/lib/thumb/v7e-m/fpv4-sp/hard/libcr_newlib_semihost.a(_cr_check_heap.o)
                0x000000000000848c                __check_heap_overflow
 .text          0x00000000000084a4       0x40 /Applications/MCUXpressoIDE_10.3.0_2200/ide/plugins/com.nxp.mcuxpresso.tools.macosx_10.3.0.201811011841/tools/bin/../lib/gcc/arm-none-eabi/7.3.1/thumb/v7e-m/fpv4-sp/hard/crtbegin.o
 .text.__errno  0x00000000000084e4        0xc /Applications/MCUXpressoIDE_10.3.0_2200/ide/plugins/com.nxp.mcuxpresso.tools.macosx_10.3.0.201811011841/tools/bin/../lib/gcc/arm-none-eabi/7.3.1/../../../../arm-none-eabi/lib/thumb/v7e-m/fpv4-sp/hard/libc_nano.a(lib_a-errno.o)
                0x00000000000084e4                __errno
 .text          0x00000000000084f0      0x2c8 ./startup/startup_mke18f16.o
                0x00000000000084f0                DMA0_IRQHandler
                0x00000000000084f8                DMA1_IRQHandler
                0x0000000000008500                DMA2_IRQHandler
                0x0000000000008508                DMA3_IRQHandler
                0x0000000000008510                DMA4_IRQHandler
                0x0000000000008518                DMA5_IRQHandler
                0x0000000000008520                DMA6_IRQHandler
                0x0000000000008528                DMA7_IRQHandler
                0x0000000000008530                DMA8_IRQHandler
                0x0000000000008538                DMA9_IRQHandler
                0x0000000000008540                DMA10_IRQHandler
                0x0000000000008548                DMA11_IRQHandler
                0x0000000000008550                DMA12_IRQHandler
                0x0000000000008558                DMA13_IRQHandler
                0x0000000000008560                DMA14_IRQHandler
                0x0000000000008568                DMA15_IRQHandler
                0x0000000000008570                DMA_Error_IRQHandler
                0x0000000000008578                MCM_IRQHandler
                0x0000000000008580                FTFE_IRQHandler
                0x0000000000008588                Read_Collision_IRQHandler
                0x0000000000008590                LVD_LVW_IRQHandler
                0x0000000000008598                Doublebit_Fault_IRQHandler
                0x00000000000085a0                WDOG_EWM_IRQHandler
                0x00000000000085a8                Reserved39_IRQHandler
                0x00000000000085b0                LPI2C0_IRQHandler
                0x00000000000085b8                LPI2C1_IRQHandler
                0x00000000000085d0                Reserved44_IRQHandler
                0x00000000000085d8                PWT_IRQHandler
                0x00000000000085e0                Reserved46_IRQHandler
                0x00000000000085e8                LPUART0_TX_IRQHandler
                0x00000000000085f0                LPUART0_RX_IRQHandler
                0x00000000000085f8                LPUART1_TX_IRQHandler
                0x0000000000008600                LPUART1_RX_IRQHandler
                0x0000000000008608                LPUART2_TX_IRQHandler
                0x0000000000008610                LPUART2_RX_IRQHandler
                0x0000000000008618                Reserved53_IRQHandler
                0x0000000000008620                Reserved54_IRQHandler
                0x0000000000008630                CMP0_IRQHandler
                0x0000000000008638                CMP1_IRQHandler
                0x0000000000008640                FTM0_IRQHandler
                0x0000000000008648                FTM1_IRQHandler
                0x0000000000008650                FTM2_IRQHandler
                0x0000000000008658                Reserved61_IRQHandler
                0x0000000000008660                RTC_IRQHandler
                0x0000000000008668                RTC_Seconds_IRQHandler
                0x0000000000008690                PDB0_IRQHandler
                0x0000000000008698                Reserved69_IRQHandler
                0x00000000000086a0                Reserved70_IRQHandler
                0x00000000000086a8                Reserved71_IRQHandler
                0x00000000000086b0                DAC0_IRQHandler
                0x00000000000086b8                SCG_RCM_IRQHandler
                0x00000000000086c0                LPTMR0_IRQHandler
                0x00000000000086f0                SWI_IRQHandler
                0x00000000000086f8                Reserved81_IRQHandler
                0x0000000000008700                Reserved82_IRQHandler
                0x0000000000008708                Reserved83_IRQHandler
                0x0000000000008710                PDB1_IRQHandler
                0x0000000000008718                FLEXIO_IRQHandler
                0x0000000000008720                CMP2_IRQHandler
                0x0000000000008728                FTM3_IRQHandler
                0x0000000000008730                Reserved88_IRQHandler
                0x0000000000008748                Reserved91_IRQHandler
                0x0000000000008750                Reserved92_IRQHandler
                0x0000000000008758                PDB2_IRQHandler
                0x0000000000008760                CAN0_ORed_IRQHandler
                0x0000000000008768                CAN0_Error_IRQHandler
                0x0000000000008770                CAN0_Wake_Up_IRQHandler
                0x0000000000008780                Reserved98_IRQHandler
                0x0000000000008788                Reserved99_IRQHandler
                0x0000000000008790                Reserved100_IRQHandler
                0x0000000000008798                CAN1_ORed_IRQHandler
                0x00000000000087a0                CAN1_Error_IRQHandler
                0x00000000000087a8                CAN1_Wake_Up_IRQHandler
 .text._ZN7ServiceD0Ev
                0x00000000000087b8       0x20 ./source/CAN.o
                0x00000000000087b8                Service::~Service()
 .text._ZSt7forwardIPKN3BSP3can16_canlight_configEEOT_RNSt16remove_referenceIS5_E4typeE
                0x00000000000087d8       0x16 ./source/CAN.o
                0x00000000000087d8                BSP::can::_canlight_config const*&& std::forward<BSP::can::_canlight_config const*>(std::remove_reference<BSP::can::_canlight_config const*>::type&)
 .text._ZN13StaticServiceIN3BSP3can8CANlightEJPKNS1_16_canlight_configEEED0Ev
                0x00000000000087ee       0x20 ./source/CAN.o
                0x00000000000087ee                StaticService<BSP::can::CANlight, BSP::can::_canlight_config const*>::~StaticService()
 .text._ZN3BSP3can8CANlightD0Ev
                0x000000000000880e       0x20 ./source/CAN.o
                0x000000000000880e                BSP::can::CANlight::~CANlight()
 .text._ZN13StaticServiceIN3BSP3can8CANlightEJPKNS1_16_canlight_configEEE4initEv
                0x000000000000882e       0x14 ./source/CAN.o
                0x000000000000882e                StaticService<BSP::can::CANlight, BSP::can::_canlight_config const*>::init()
 .text          0x0000000000008842       0x30 ./source/DashB.o
                0x0000000000008842                main
 .text._ZN13StaticServiceIN3BSP4gpio4GPIOEJEED0Ev
                0x0000000000008872       0x20 ./source/Gears.o
                0x0000000000008872                StaticService<BSP::gpio::GPIO>::~StaticService()
 .text._ZN3BSP4gpio4GPIOD0Ev
                0x0000000000008892       0x20 ./source/Gears.o
                0x0000000000008892                BSP::gpio::GPIO::~GPIO()
 .text._ZN13StaticServiceIN3BSP4gpio4GPIOEJEE4initEv
                0x00000000000088b2       0x14 ./source/Gears.o
                0x00000000000088b2                StaticService<BSP::gpio::GPIO>::init()
 .text          0x00000000000088c6      0x12a ./source/WarningLEDs.o
                0x00000000000088c6                initLEDs()
                0x0000000000008900                toggleLED1()
                0x0000000000008914                toggleLED2()
                0x0000000000008928                toggleLED3()
                0x000000000000893c                toggleLED4()
                0x0000000000008950                setLED1()
                0x0000000000008964                setLED2()
                0x0000000000008978                setLED3()
                0x000000000000898c                setLED4()
                0x00000000000089a0                clearLED1()
                0x00000000000089b4                clearLED2()
                0x00000000000089c8                clearLED3()
                0x00000000000089dc                clearLED4()
 .text.HardFault_Handler
                0x00000000000089f0       0x2c ./source/semihost_hardfault.o
                0x00000000000089f0                HardFault_Handler
 .text._ZN13StaticServiceIN3BSP3adc3ADCEJPKNS1_10adc_configEEED0Ev
                0x0000000000008a1c       0x20 ./lib/adc.o
                0x0000000000008a1c                StaticService<BSP::adc::ADC, BSP::adc::adc_config const*>::~StaticService()
 .text._ZN3BSP3adc3ADCD0Ev
                0x0000000000008a3c       0x20 ./lib/adc.o
                0x0000000000008a3c                BSP::adc::ADC::~ADC()
 .text._ZN13StaticServiceIN3BSP3adc3ADCEJPKNS1_10adc_configEEE4initEv
                0x0000000000008a5c       0x14 ./lib/adc.o
                0x0000000000008a5c                StaticService<BSP::adc::ADC, BSP::adc::adc_config const*>::init()
 .text._ZN3BSP3can16_canlight_configC2Ev
                0x0000000000008a70       0x22 ./lib/canlight.o
                0x0000000000008a70                BSP::can::_canlight_config::_canlight_config()
                0x0000000000008a70                BSP::can::_canlight_config::_canlight_config()
 .text._ZN13StaticServiceIN3BSP4lpit4LPITEJPKNS1_11lpit_configEEED0Ev
                0x0000000000008a92       0x20 ./lib/lpit.o
                0x0000000000008a92                StaticService<BSP::lpit::LPIT, BSP::lpit::lpit_config const*>::~StaticService()
 .text._ZN3BSP4lpit4LPITD0Ev
                0x0000000000008ab2       0x20 ./lib/lpit.o
                0x0000000000008ab2                BSP::lpit::LPIT::~LPIT()
 .text._ZN13StaticServiceIN3BSP4lpit4LPITEJPKNS1_11lpit_configEEE4initEv
                0x0000000000008ad2       0x14 ./lib/lpit.o
                0x0000000000008ad2                StaticService<BSP::lpit::LPIT, BSP::lpit::lpit_config const*>::init()
 .text._ZN13StaticServiceIN3BSP3spi3SPIEJPKNS1_10spi_configEEED0Ev
                0x0000000000008ae6       0x20 ./lib/spi.o
                0x0000000000008ae6                StaticService<BSP::spi::SPI, BSP::spi::spi_config const*>::~StaticService()
 .text._ZN3BSP3spi3SPI11transceiverC2Ev
                0x0000000000008b06       0x40 ./lib/spi.o
                0x0000000000008b06                BSP::spi::SPI::transceiver::transceiver()
                0x0000000000008b06                BSP::spi::SPI::transceiver::transceiver()
 .text._ZN3BSP3spi3SPID0Ev
                0x0000000000008b46       0x20 ./lib/spi.o
                0x0000000000008b46                BSP::spi::SPI::~SPI()
 .text._ZN13StaticServiceIN3BSP3spi3SPIEJPKNS1_10spi_configEEE4initEv
                0x0000000000008b66       0x14 ./lib/spi.o
                0x0000000000008b66                StaticService<BSP::spi::SPI, BSP::spi::spi_config const*>::init()
 .text.ADC12_GetCalibrationStatus
                0x0000000000008b7a      0x14c ./drivers/fsl_adc12.o
 .text.ADC12_DoAutoCalibration
                0x0000000000008cc6      0x112 ./drivers/fsl_adc12.o
                0x0000000000008cc6                ADC12_DoAutoCalibration
 .text.ADC12_SetHardwareAverage
                0x0000000000008dd8       0x58 ./drivers/fsl_adc12.o
                0x0000000000008dd8                ADC12_SetHardwareAverage
 .text.ADC12_GetStatusFlags
                0x0000000000008e30       0x40 ./drivers/fsl_adc12.o
                0x0000000000008e30                ADC12_GetStatusFlags
 .text.FLEXCAN_GetMbStatusFlags
                0x0000000000008e70       0x1e ./drivers/fsl_flexcan.o
 .text.FLEXCAN_ClearMbStatusFlags
                0x0000000000008e8e       0x1c ./drivers/fsl_flexcan.o
 .text.FLEXCAN_Enable
                0x0000000000008eaa       0x54 ./drivers/fsl_flexcan.o
 .text.FLEXCAN_EnterFreezeMode
                0x0000000000008efe       0x3a ./drivers/fsl_flexcan.o
 .text.FLEXCAN_ExitFreezeMode
                0x0000000000008f38       0x3a ./drivers/fsl_flexcan.o
 .text.FLEXCAN_IsMbOccupied
                0x0000000000008f72       0x52 ./drivers/fsl_flexcan.o
 .text.FLEXCAN_SetRxMbGlobalMask
                0x0000000000008fc4       0x30 ./drivers/fsl_flexcan.o
                0x0000000000008fc4                FLEXCAN_SetRxMbGlobalMask
 .text.FLEXCAN_TransferSendBlocking
                0x0000000000008ff4       0x56 ./drivers/fsl_flexcan.o
                0x0000000000008ff4                FLEXCAN_TransferSendBlocking
 .text.FLEXIO_DriverIRQHandler
                0x000000000000904a        0xc ./drivers/fsl_flexio.o
                0x000000000000904a                FLEXIO_DriverIRQHandler
 .text.LPSPI_Enable
                0x0000000000009056       0x38 ./drivers/fsl_lpspi.o
 .text.LPSPI_SetMasterSlaveMode
                0x000000000000908e       0x2c ./drivers/fsl_lpspi.o
 .text.LPSPI_IsMaster
                0x00000000000090ba       0x26 ./drivers/fsl_lpspi.o
 .text.LPSPI_SetFifoWatermarks
                0x00000000000090e0       0x2a ./drivers/fsl_lpspi.o
 .text.LPSPI_SetOnePcsPolarity
                0x000000000000910a       0x44 ./drivers/fsl_lpspi.o
 .text.SystemInitHook
                0x000000000000914e        0xe ./device/system_MKE18F16.o
                0x000000000000914e                SystemInitHook
 .text.BOARD_InitDebugConsole
                0x000000000000915c        0xe ./board/board.o
                0x000000000000915c                BOARD_InitDebugConsole
 .text.BOARD_InitBootClocks
                0x000000000000916a        0xc ./board/clock_config.o
                0x000000000000916a                BOARD_InitBootClocks
 .text.BOARD_InitBootPeripherals
                0x0000000000009176        0xe ./board/peripherals.o
                0x0000000000009176                BOARD_InitBootPeripherals
 .text.PORT_SetPinMux
                0x0000000000009184       0x3a ./board/pin_mux.o
 .text.BOARD_InitBootPins
                0x00000000000091be        0xc ./board/pin_mux.o
                0x00000000000091be                BOARD_InitBootPins
 .text._ZN6System9emptyTaskEv
                0x00000000000091ca        0xe ./System/SystemTesting.o
                0x00000000000091ca                System::emptyTask()
 .text._ZN6System8TaskBaseC2Et
                0x00000000000091d8       0x20 ./System/SystemTesting.o
                0x00000000000091d8                System::TaskBase::TaskBase(unsigned short)
                0x00000000000091d8                System::TaskBase::TaskBase(unsigned short)
 .text._ZN6System4TaskC2EtPFvvE
                0x00000000000091f8       0x2a ./System/SystemTesting.o
                0x00000000000091f8                System::Task::Task(unsigned short, void (*)())
                0x00000000000091f8                System::Task::Task(unsigned short, void (*)())
 .text._ZN6System4TaskclEv
                0x0000000000009222       0x16 ./System/SystemTesting.o
                0x0000000000009222                System::Task::operator()()
 .text._ZN6System10TaskFiniteC2Ev
                0x0000000000009238       0x3e ./System/SystemTesting.o
                0x0000000000009238                System::TaskFinite::TaskFinite()
                0x0000000000009238                System::TaskFinite::TaskFinite()
 .text._ZN6System10TaskFiniteC2EPFvvEtmm
                0x0000000000009276       0x4a ./System/SystemTesting.o
                0x0000000000009276                System::TaskFinite::TaskFinite(void (*)(), unsigned short, unsigned long, unsigned long)
                0x0000000000009276                System::TaskFinite::TaskFinite(void (*)(), unsigned short, unsigned long, unsigned long)
 .text._ZN6System10TaskFiniteclEv
                0x00000000000092c0       0x1e ./System/SystemTesting.o
                0x00000000000092c0                System::TaskFinite::operator()()
 .text._ZNK6System10TaskFinite7isReadyEv
                0x00000000000092de       0x1a ./System/SystemTesting.o
                0x00000000000092de                System::TaskFinite::isReady() const
 .text._ZN6System10TaskFinite8setFiresEm
                0x00000000000092f8       0x36 ./System/SystemTesting.o
                0x00000000000092f8                System::TaskFinite::setFires(unsigned long)
 .text._ZN6System12TaskPeriodicC2Ev
                0x000000000000932e       0x3e ./System/SystemTesting.o
                0x000000000000932e                System::TaskPeriodic::TaskPeriodic()
                0x000000000000932e                System::TaskPeriodic::TaskPeriodic()
 .text._ZN6System12TaskPeriodicC2EPFvvEttt
                0x000000000000936c       0x50 ./System/SystemTesting.o
                0x000000000000936c                System::TaskPeriodic::TaskPeriodic(void (*)(), unsigned short, unsigned short, unsigned short)
                0x000000000000936c                System::TaskPeriodic::TaskPeriodic(void (*)(), unsigned short, unsigned short, unsigned short)
 .text._ZN6System12TaskPeriodicclEv
                0x00000000000093bc       0x1e ./System/SystemTesting.o
                0x00000000000093bc                System::TaskPeriodic::operator()()
 .text._ZNK6System12TaskPeriodic7isReadyEv
                0x00000000000093da       0x1a ./System/SystemTesting.o
                0x00000000000093da                System::TaskPeriodic::isReady() const
 .text._ZN2se5EventIFvtEEC2Ev
                0x00000000000093f4       0x22 ./System/SystemTesting.o
                0x00000000000093f4                se::Event<void (unsigned short)>::Event()
                0x00000000000093f4                se::Event<void (unsigned short)>::Event()
 .text._ZN6System17PeriodicSchedulerINS_12TaskPeriodicELm5EEC2Ev
                0x0000000000009416       0x2c ./System/SystemTesting.o
                0x0000000000009416                System::PeriodicScheduler<System::TaskPeriodic, 5ul>::PeriodicScheduler()
                0x0000000000009416                System::PeriodicScheduler<System::TaskPeriodic, 5ul>::PeriodicScheduler()
 .text._ZN6System16SetFireSchedulerINS_10TaskFiniteELm5EEC2Ev
                0x0000000000009442       0x22 ./System/SystemTesting.o
                0x0000000000009442                System::SetFireScheduler<System::TaskFinite, 5ul>::SetFireScheduler()
                0x0000000000009442                System::SetFireScheduler<System::TaskFinite, 5ul>::SetFireScheduler()
 .text._ZSt4moveIRN2se5EventIFvtEEEEONSt16remove_referenceIT_E4typeEOS6_
                0x0000000000009464       0x16 ./System/SystemTesting.o
                0x0000000000009464                std::remove_reference<se::Event<void (unsigned short)>&>::type&& std::move<se::Event<void (unsigned short)>&>(se::Event<void (unsigned short)>&)
 .text._ZN6System17PeriodicSchedulerINS_12TaskPeriodicELm5EE17setOnErrorHandlerEN2se5EventIFvtEEE
                0x000000000000947a       0x26 ./System/SystemTesting.o
                0x000000000000947a                System::PeriodicScheduler<System::TaskPeriodic, 5ul>::setOnErrorHandler(se::Event<void (unsigned short)>)
 .text._ZN6System9SchedulerINS_12TaskPeriodicELm5ENS_17PeriodicSchedulerIS1_Lm5EEEE7addTaskERKS1_
                0x00000000000094a0       0x5e ./System/SystemTesting.o
                0x00000000000094a0                System::Scheduler<System::TaskPeriodic, 5ul, System::PeriodicScheduler<System::TaskPeriodic, 5ul> >::addTask(System::TaskPeriodic const&)
 .text._ZN6System9SchedulerINS_12TaskPeriodicELm5ENS_17PeriodicSchedulerIS1_Lm5EEEE5startEv
                0x00000000000094fe       0x2c ./System/SystemTesting.o
                0x00000000000094fe                System::Scheduler<System::TaskPeriodic, 5ul, System::PeriodicScheduler<System::TaskPeriodic, 5ul> >::start()
 .text._ZN6System9SchedulerINS_12TaskPeriodicELm5ENS_17PeriodicSchedulerIS1_Lm5EEEE7onFrameEv
                0x000000000000952a       0x28 ./System/SystemTesting.o
                0x000000000000952a                System::Scheduler<System::TaskPeriodic, 5ul, System::PeriodicScheduler<System::TaskPeriodic, 5ul> >::onFrame()
 .text._ZN6System16SetFireSchedulerINS_10TaskFiniteELm5EE7SetTaskEtm
                0x0000000000009552       0x6a ./System/SystemTesting.o
                0x0000000000009552                System::SetFireScheduler<System::TaskFinite, 5ul>::SetTask(unsigned short, unsigned long)
 .text._ZN6System9SchedulerINS_10TaskFiniteELm5ENS_16SetFireSchedulerIS1_Lm5EEEE7addTaskERKS1_
                0x00000000000095bc       0x5a ./System/SystemTesting.o
                0x00000000000095bc                System::Scheduler<System::TaskFinite, 5ul, System::SetFireScheduler<System::TaskFinite, 5ul> >::addTask(System::TaskFinite const&)
 .text._ZN6System9SchedulerINS_10TaskFiniteELm5ENS_16SetFireSchedulerIS1_Lm5EEEE5startEv
                0x0000000000009616       0x30 ./System/SystemTesting.o
                0x0000000000009616                System::Scheduler<System::TaskFinite, 5ul, System::SetFireScheduler<System::TaskFinite, 5ul> >::start()
 .text._ZN6System9SchedulerINS_10TaskFiniteELm5ENS_16SetFireSchedulerIS1_Lm5EEEE7onFrameEv
                0x0000000000009646       0x2a ./System/SystemTesting.o
                0x0000000000009646                System::Scheduler<System::TaskFinite, 5ul, System::SetFireScheduler<System::TaskFinite, 5ul> >::onFrame()
 .text._ZN6System9SchedulerINS_12TaskPeriodicELm5ENS_17PeriodicSchedulerIS1_Lm5EEEEC2Ev
                0x0000000000009670       0x50 ./System/SystemTesting.o
                0x0000000000009670                System::Scheduler<System::TaskPeriodic, 5ul, System::PeriodicScheduler<System::TaskPeriodic, 5ul> >::Scheduler()
                0x0000000000009670                System::Scheduler<System::TaskPeriodic, 5ul, System::PeriodicScheduler<System::TaskPeriodic, 5ul> >::Scheduler()
 .text._ZN6System9SchedulerINS_10TaskFiniteELm5ENS_16SetFireSchedulerIS1_Lm5EEEEC2Ev
                0x00000000000096c0       0x52 ./System/SystemTesting.o
                0x00000000000096c0                System::Scheduler<System::TaskFinite, 5ul, System::SetFireScheduler<System::TaskFinite, 5ul> >::Scheduler()
                0x00000000000096c0                System::Scheduler<System::TaskFinite, 5ul, System::SetFireScheduler<System::TaskFinite, 5ul> >::Scheduler()
 .text._ZN2se5EventIFvtEEC2EPvPFvS3_OtE
                0x0000000000009712       0x26 ./System/SystemTesting.o
                0x0000000000009712                se::Event<void (unsigned short)>::Event(void*, void (*)(void*, unsigned short&&))
                0x0000000000009712                se::Event<void (unsigned short)>::Event(void*, void (*)(void*, unsigned short&&))
 .text._ZN6System17PeriodicSchedulerINS_12TaskPeriodicELm5EE10doNextTaskEv
                0x0000000000009738       0xcc ./System/SystemTesting.o
                0x0000000000009738                System::PeriodicScheduler<System::TaskPeriodic, 5ul>::doNextTask()
 .text._ZN6System9SchedulerINS_10TaskFiniteELm5ENS_16SetFireSchedulerIS1_Lm5EEEE12getTaskCountEv
                0x0000000000009804       0x1a ./System/SystemTesting.o
                0x0000000000009804                System::Scheduler<System::TaskFinite, 5ul, System::SetFireScheduler<System::TaskFinite, 5ul> >::getTaskCount()
 .text._ZN6System16SetFireSchedulerINS_10TaskFiniteELm5EE10doNextTaskEv
                0x000000000000981e       0xce ./System/SystemTesting.o
                0x000000000000981e                System::SetFireScheduler<System::TaskFinite, 5ul>::doNextTask()
 .text._ZN6System9SchedulerINS_12TaskPeriodicELm5ENS_17PeriodicSchedulerIS1_Lm5EEEE12getTaskCountEv
                0x00000000000098ec       0x1a ./System/SystemTesting.o
                0x00000000000098ec                System::Scheduler<System::TaskPeriodic, 5ul, System::PeriodicScheduler<System::TaskPeriodic, 5ul> >::getTaskCount()
 .text.abort    0x0000000000009906        0xe /Applications/MCUXpressoIDE_10.3.0_2200/ide/plugins/com.nxp.mcuxpresso.tools.macosx_10.3.0.201811011841/tools/bin/../lib/gcc/arm-none-eabi/7.3.1/../../../../arm-none-eabi/lib/thumb/v7e-m/fpv4-sp/hard/libc_nano.a(lib_a-abort.o)
                0x0000000000009906                abort
 .text.__aeabi_atexit
                0x0000000000009914        0xa /Applications/MCUXpressoIDE_10.3.0_2200/ide/plugins/com.nxp.mcuxpresso.tools.macosx_10.3.0.201811011841/tools/bin/../lib/gcc/arm-none-eabi/7.3.1/../../../../arm-none-eabi/lib/thumb/v7e-m/fpv4-sp/hard/libc_nano.a(lib_a-aeabi_atexit.o)
                0x0000000000009914                __aeabi_atexit
 .text.memcpy   0x000000000000991e       0x16 /Applications/MCUXpressoIDE_10.3.0_2200/ide/plugins/com.nxp.mcuxpresso.tools.macosx_10.3.0.201811011841/tools/bin/../lib/gcc/arm-none-eabi/7.3.1/../../../../arm-none-eabi/lib/thumb/v7e-m/fpv4-sp/hard/libc_nano.a(lib_a-memcpy-stub.o)
                0x000000000000991e                memcpy
 .text.memset   0x0000000000009934       0x10 /Applications/MCUXpressoIDE_10.3.0_2200/ide/plugins/com.nxp.mcuxpresso.tools.macosx_10.3.0.201811011841/tools/bin/../lib/gcc/arm-none-eabi/7.3.1/../../../../arm-none-eabi/lib/thumb/v7e-m/fpv4-sp/hard/libc_nano.a(lib_a-memset.o)
                0x0000000000009934                memset
 .text._raise_r
                0x0000000000009944       0x50 /Applications/MCUXpressoIDE_10.3.0_2200/ide/plugins/com.nxp.mcuxpresso.tools.macosx_10.3.0.201811011841/tools/bin/../lib/gcc/arm-none-eabi/7.3.1/../../../../arm-none-eabi/lib/thumb/v7e-m/fpv4-sp/hard/libc_nano.a(lib_a-signal.o)
                0x0000000000009944                _raise_r
 .text._getpid_r
                0x0000000000009994        0x4 /Applications/MCUXpressoIDE_10.3.0_2200/ide/plugins/com.nxp.mcuxpresso.tools.macosx_10.3.0.201811011841/tools/bin/../lib/gcc/arm-none-eabi/7.3.1/../../../../arm-none-eabi/lib/thumb/v7e-m/fpv4-sp/hard/libc_nano.a(lib_a-signalr.o)
                0x0000000000009994                _getpid_r
 .text.__sfmoreglue
                0x0000000000009998       0x2c /Applications/MCUXpressoIDE_10.3.0_2200/ide/plugins/com.nxp.mcuxpresso.tools.macosx_10.3.0.201811011841/tools/bin/../lib/gcc/arm-none-eabi/7.3.1/../../../../arm-none-eabi/lib/thumb/v7e-m/fpv4-sp/hard/libc_nano.a(lib_a-findfp.o)
                0x0000000000009998                __sfmoreglue
 .text._fwalk_reent
                0x00000000000099c4       0x3c /Applications/MCUXpressoIDE_10.3.0_2200/ide/plugins/com.nxp.mcuxpresso.tools.macosx_10.3.0.201811011841/tools/bin/../lib/gcc/arm-none-eabi/7.3.1/../../../../arm-none-eabi/lib/thumb/v7e-m/fpv4-sp/hard/libc_nano.a(lib_a-fwalk.o)
                0x00000000000099c4                _fwalk_reent
 .text.__swhatbuf_r
                0x0000000000009a00       0x48 /Applications/MCUXpressoIDE_10.3.0_2200/ide/plugins/com.nxp.mcuxpresso.tools.macosx_10.3.0.201811011841/tools/bin/../lib/gcc/arm-none-eabi/7.3.1/../../../../arm-none-eabi/lib/thumb/v7e-m/fpv4-sp/hard/libc_nano.a(lib_a-makebuf.o)
                0x0000000000009a00                __swhatbuf_r
 .text.__malloc_lock
                0x0000000000009a48        0x2 /Applications/MCUXpressoIDE_10.3.0_2200/ide/plugins/com.nxp.mcuxpresso.tools.macosx_10.3.0.201811011841/tools/bin/../lib/gcc/arm-none-eabi/7.3.1/../../../../arm-none-eabi/lib/thumb/v7e-m/fpv4-sp/hard/libc_nano.a(lib_a-mlock.o)
                0x0000000000009a48                __malloc_lock
 .text.__malloc_unlock
                0x0000000000009a4a        0x2 /Applications/MCUXpressoIDE_10.3.0_2200/ide/plugins/com.nxp.mcuxpresso.tools.macosx_10.3.0.201811011841/tools/bin/../lib/gcc/arm-none-eabi/7.3.1/../../../../arm-none-eabi/lib/thumb/v7e-m/fpv4-sp/hard/libc_nano.a(lib_a-mlock.o)
                0x0000000000009a4a                __malloc_unlock
 .text.__sfputc_r
                0x0000000000009a4c       0x2e /Applications/MCUXpressoIDE_10.3.0_2200/ide/plugins/com.nxp.mcuxpresso.tools.macosx_10.3.0.201811011841/tools/bin/../lib/gcc/arm-none-eabi/7.3.1/../../../../arm-none-eabi/lib/thumb/v7e-m/fpv4-sp/hard/libc_nano.a(lib_a-nano-vfprintf.o)
 .text.__sfputs_r
                0x0000000000009a7a       0x24 /Applications/MCUXpressoIDE_10.3.0_2200/ide/plugins/com.nxp.mcuxpresso.tools.macosx_10.3.0.201811011841/tools/bin/../lib/gcc/arm-none-eabi/7.3.1/../../../../arm-none-eabi/lib/thumb/v7e-m/fpv4-sp/hard/libc_nano.a(lib_a-nano-vfprintf.o)
                0x0000000000009a7a                __sfputs_r
 .text._printf_common
                0x0000000000009a9e       0xea /Applications/MCUXpressoIDE_10.3.0_2200/ide/plugins/com.nxp.mcuxpresso.tools.macosx_10.3.0.201811011841/tools/bin/../lib/gcc/arm-none-eabi/7.3.1/../../../../arm-none-eabi/lib/thumb/v7e-m/fpv4-sp/hard/libc_nano.a(lib_a-nano-vfprintf_i.o)
                0x0000000000009a9e                _printf_common
 .text.__sread  0x0000000000009b88       0x22 /Applications/MCUXpressoIDE_10.3.0_2200/ide/plugins/com.nxp.mcuxpresso.tools.macosx_10.3.0.201811011841/tools/bin/../lib/gcc/arm-none-eabi/7.3.1/../../../../arm-none-eabi/lib/thumb/v7e-m/fpv4-sp/hard/libc_nano.a(lib_a-stdio.o)
                0x0000000000009b88                __sread
 .text.__swrite
                0x0000000000009baa       0x38 /Applications/MCUXpressoIDE_10.3.0_2200/ide/plugins/com.nxp.mcuxpresso.tools.macosx_10.3.0.201811011841/tools/bin/../lib/gcc/arm-none-eabi/7.3.1/../../../../arm-none-eabi/lib/thumb/v7e-m/fpv4-sp/hard/libc_nano.a(lib_a-stdio.o)
                0x0000000000009baa                __swrite
 .text.__sseek  0x0000000000009be2       0x24 /Applications/MCUXpressoIDE_10.3.0_2200/ide/plugins/com.nxp.mcuxpresso.tools.macosx_10.3.0.201811011841/tools/bin/../lib/gcc/arm-none-eabi/7.3.1/../../../../arm-none-eabi/lib/thumb/v7e-m/fpv4-sp/hard/libc_nano.a(lib_a-stdio.o)
                0x0000000000009be2                __sseek
 .text.__sclose
                0x0000000000009c06        0x8 /Applications/MCUXpressoIDE_10.3.0_2200/ide/plugins/com.nxp.mcuxpresso.tools.macosx_10.3.0.201811011841/tools/bin/../lib/gcc/arm-none-eabi/7.3.1/../../../../arm-none-eabi/lib/thumb/v7e-m/fpv4-sp/hard/libc_nano.a(lib_a-stdio.o)
                0x0000000000009c06                __sclose
 .text._ZNK10__cxxabiv117__class_type_info11__do_upcastEPKS0_PPv
                0x0000000000009c0e       0x34 /Applications/MCUXpressoIDE_10.3.0_2200/ide/plugins/com.nxp.mcuxpresso.tools.macosx_10.3.0.201811011841/tools/bin/../lib/gcc/arm-none-eabi/7.3.1/../../../../arm-none-eabi/lib/thumb/v7e-m/fpv4-sp/hard/libstdc++_nano.a(class_type_info.o)
                0x0000000000009c0e                __cxxabiv1::__class_type_info::__do_upcast(__cxxabiv1::__class_type_info const*, void**) const
 .text._ZNK10__cxxabiv117__class_type_info20__do_find_public_srcEiPKvPKS0_S2_
                0x0000000000009c42        0xc /Applications/MCUXpressoIDE_10.3.0_2200/ide/plugins/com.nxp.mcuxpresso.tools.macosx_10.3.0.201811011841/tools/bin/../lib/gcc/arm-none-eabi/7.3.1/../../../../arm-none-eabi/lib/thumb/v7e-m/fpv4-sp/hard/libstdc++_nano.a(class_type_info.o)
                0x0000000000009c42                __cxxabiv1::__class_type_info::__do_find_public_src(int, void const*, __cxxabiv1::__class_type_info const*, void const*) const
 .text._ZN10__cxxabiv117__class_type_infoD0Ev
                0x0000000000009c4e       0x14 /Applications/MCUXpressoIDE_10.3.0_2200/ide/plugins/com.nxp.mcuxpresso.tools.macosx_10.3.0.201811011841/tools/bin/../lib/gcc/arm-none-eabi/7.3.1/../../../../arm-none-eabi/lib/thumb/v7e-m/fpv4-sp/hard/libstdc++_nano.a(class_type_info.o)
                0x0000000000009c4e                __cxxabiv1::__class_type_info::~__class_type_info()
 .text._ZNK10__cxxabiv117__class_type_info12__do_dyncastEiNS0_10__sub_kindEPKS0_PKvS3_S5_RNS0_16__dyncast_resultE