Archive member included to satisfy reference by file (symbol)

/Applications/MCUXpressoIDE_10.3.0_2200/ide/plugins/com.nxp.mcuxpresso.tools.macosx_10.3.0.201811011841/tools/bin/../lib/gcc/arm-none-eabi/7.3.1/thumb/v7e-m/fpv4-sp/hard/libgcc.a(_aeabi_uldivmod.o)
                              ./drivers/fsl_lpspi.o (__aeabi_uldivmod)
/Applications/MCUXpressoIDE_10.3.0_2200/ide/plugins/com.nxp.mcuxpresso.tools.macosx_10.3.0.201811011841/tools/bin/../lib/gcc/arm-none-eabi/7.3.1/thumb/v7e-m/fpv4-sp/hard/libgcc.a(_udivmoddi4.o)
                              /Applications/MCUXpressoIDE_10.3.0_2200/ide/plugins/com.nxp.mcuxpresso.tools.macosx_10.3.0.201811011841/tools/bin/../lib/gcc/arm-none-eabi/7.3.1/thumb/v7e-m/fpv4-sp/hard/libgcc.a(_aeabi_uldivmod.o) (__udivmoddi4)
/Applications/MCUXpressoIDE_10.3.0_2200/ide/plugins/com.nxp.mcuxpresso.tools.macosx_10.3.0.201811011841/tools/bin/../lib/gcc/arm-none-eabi/7.3.1/thumb/v7e-m/fpv4-sp/hard/libgcc.a(unwind-arm.o)
                              ./startup/startup_mke18f16.o (__aeabi_unwind_cpp_pr0)
/Applications/MCUXpressoIDE_10.3.0_2200/ide/plugins/com.nxp.mcuxpresso.tools.macosx_10.3.0.201811011841/tools/bin/../lib/gcc/arm-none-eabi/7.3.1/thumb/v7e-m/fpv4-sp/hard/libgcc.a(libunwind.o)
                              /Applications/MCUXpressoIDE_10.3.0_2200/ide/plugins/com.nxp.mcuxpresso.tools.macosx_10.3.0.201811011841/tools/bin/../lib/gcc/arm-none-eabi/7.3.1/thumb/v7e-m/fpv4-sp/hard/libgcc.a(unwind-arm.o) (restore_core_regs)
/Applications/MCUXpressoIDE_10.3.0_2200/ide/plugins/com.nxp.mcuxpresso.tools.macosx_10.3.0.201811011841/tools/bin/../lib/gcc/arm-none-eabi/7.3.1/thumb/v7e-m/fpv4-sp/hard/libgcc.a(pr-support.o)
                              /Applications/MCUXpressoIDE_10.3.0_2200/ide/plugins/com.nxp.mcuxpresso.tools.macosx_10.3.0.201811011841/tools/bin/../lib/gcc/arm-none-eabi/7.3.1/thumb/v7e-m/fpv4-sp/hard/libgcc.a(unwind-arm.o) (__gnu_unwind_execute)
/Applications/MCUXpressoIDE_10.3.0_2200/ide/plugins/com.nxp.mcuxpresso.tools.macosx_10.3.0.201811011841/tools/bin/../lib/gcc/arm-none-eabi/7.3.1/thumb/v7e-m/fpv4-sp/hard/libgcc.a(_dvmd_tls.o)
                              /Applications/MCUXpressoIDE_10.3.0_2200/ide/plugins/com.nxp.mcuxpresso.tools.macosx_10.3.0.201811011841/tools/bin/../lib/gcc/arm-none-eabi/7.3.1/thumb/v7e-m/fpv4-sp/hard/libgcc.a(_aeabi_uldivmod.o) (__aeabi_ldiv0)
/Applications/MCUXpressoIDE_10.3.0_2200/ide/plugins/com.nxp.mcuxpresso.tools.macosx_10.3.0.201811011841/tools/bin/../lib/gcc/arm-none-eabi/7.3.1/../../../../arm-none-eabi/lib/thumb/v7e-m/fpv4-sp/hard/libc_nano.a(lib_a-abort.o)
                              /Applications/MCUXpressoIDE_10.3.0_2200/ide/plugins/com.nxp.mcuxpresso.tools.macosx_10.3.0.201811011841/tools/bin/../lib/gcc/arm-none-eabi/7.3.1/thumb/v7e-m/fpv4-sp/hard/libgcc.a(unwind-arm.o) (abort)
/Applications/MCUXpressoIDE_10.3.0_2200/ide/plugins/com.nxp.mcuxpresso.tools.macosx_10.3.0.201811011841/tools/bin/../lib/gcc/arm-none-eabi/7.3.1/../../../../arm-none-eabi/lib/thumb/v7e-m/fpv4-sp/hard/libc_nano.a(lib_a-aeabi_atexit.o)
                              ./source/Gears.o (__aeabi_atexit)
/Applications/MCUXpressoIDE_10.3.0_2200/ide/plugins/com.nxp.mcuxpresso.tools.macosx_10.3.0.201811011841/tools/bin/../lib/gcc/arm-none-eabi/7.3.1/../../../../arm-none-eabi/lib/thumb/v7e-m/fpv4-sp/hard/libc_nano.a(lib_a-cxa_atexit.o)
                              /Applications/MCUXpressoIDE_10.3.0_2200/ide/plugins/com.nxp.mcuxpresso.tools.macosx_10.3.0.201811011841/tools/bin/../lib/gcc/arm-none-eabi/7.3.1/../../../../arm-none-eabi/lib/thumb/v7e-m/fpv4-sp/hard/libc_nano.a(lib_a-aeabi_atexit.o) (__cxa_atexit)
/Applications/MCUXpressoIDE_10.3.0_2200/ide/plugins/com.nxp.mcuxpresso.tools.macosx_10.3.0.201811011841/tools/bin/../lib/gcc/arm-none-eabi/7.3.1/../../../../arm-none-eabi/lib/thumb/v7e-m/fpv4-sp/hard/libc_nano.a(lib_a-init.o)
                              ./startup/startup_mke18f16.o (__libc_init_array)
/Applications/MCUXpressoIDE_10.3.0_2200/ide/plugins/com.nxp.mcuxpresso.tools.macosx_10.3.0.201811011841/tools/bin/../lib/gcc/arm-none-eabi/7.3.1/../../../../arm-none-eabi/lib/thumb/v7e-m/fpv4-sp/hard/libc_nano.a(lib_a-malloc.o)
                              ./drivers/fsl_common.o (malloc)
/Applications/MCUXpressoIDE_10.3.0_2200/ide/plugins/com.nxp.mcuxpresso.tools.macosx_10.3.0.201811011841/tools/bin/../lib/gcc/arm-none-eabi/7.3.1/../../../../arm-none-eabi/lib/thumb/v7e-m/fpv4-sp/hard/libc_nano.a(lib_a-memcpy-stub.o)
                              ./utilities/fsl_shell.o (memcpy)
/Applications/MCUXpressoIDE_10.3.0_2200/ide/plugins/com.nxp.mcuxpresso.tools.macosx_10.3.0.201811011841/tools/bin/../lib/gcc/arm-none-eabi/7.3.1/../../../../arm-none-eabi/lib/thumb/v7e-m/fpv4-sp/hard/libc_nano.a(lib_a-memmove.o)
                              ./utilities/fsl_shell.o (memmove)
[...]
Memory Configuration

Name             Origin             Length             Attributes
PROGRAM_FLASH    0x0000000000000000 0x0000000000080000 xr
SRAM_UPPER       0x0000000020000000 0x0000000000008000 xrw
SRAM_LOWER       0x000000001fff8000 0x0000000000008000 xrw
FLEX_RAM         0x0000000014000000 0x0000000000001000 xrw
*default*        0x0000000000000000 0xffffffffffffffff

Linker script and memory map

LOAD ./utilities/utilities/fsl_notifier.o
LOAD ./utilities/fsl_assert.o
LOAD ./utilities/fsl_debug_console.o
LOAD ./utilities/fsl_shell.o
LOAD ./utilities/fsl_str.o
LOAD ./startup/startup_mke18f16.o
LOAD ./source/DashB.o
LOAD ./source/Gears.o
LOAD ./source/WarningLEDs.o
LOAD ./source/semihost_hardfault.o
LOAD ./lib/adc.o
LOAD ./lib/candrv.o
LOAD ./lib/canlight.o
LOAD ./lib/gpio.o
LOAD ./lib/lpit.o
LOAD ./lib/spi.o
LOAD ./drivers/fsl_acmp.o
LOAD ./drivers/fsl_adc12.o
LOAD ./drivers/fsl_cache.o
LOAD ./drivers/fsl_clock.o
LOAD ./drivers/fsl_common.o
LOAD ./drivers/fsl_crc.o
LOAD ./drivers/fsl_dac32.o
LOAD ./drivers/fsl_dmamux.o
LOAD ./drivers/fsl_edma.o
LOAD ./drivers/fsl_ewm.o
LOAD ./drivers/fsl_flexcan.o
LOAD ./drivers/fsl_flexcan_edma.o
LOAD ./drivers/fsl_flexio.o
LOAD ./drivers/fsl_flexio_i2c_master.o
LOAD ./drivers/fsl_flexio_spi.o
LOAD ./drivers/fsl_flexio_spi_edma.o
LOAD ./drivers/fsl_flexio_uart.o
LOAD ./drivers/fsl_flexio_uart_edma.o
LOAD ./drivers/fsl_ftfx_cache.o
LOAD ./drivers/fsl_ftfx_controller.o
LOAD ./drivers/fsl_ftfx_flash.o
LOAD ./drivers/fsl_ftfx_flexnvm.o
LOAD ./drivers/fsl_ftm.o
LOAD ./drivers/fsl_gpio.o
LOAD ./drivers/fsl_lmem_cache.o
LOAD ./drivers/fsl_lpi2c.o
LOAD ./drivers/fsl_lpi2c_edma.o
LOAD ./drivers/fsl_lpit.o
LOAD ./drivers/fsl_lpspi.o
LOAD ./drivers/fsl_lpspi_edma.o
LOAD ./drivers/fsl_lptmr.o
LOAD ./drivers/fsl_lpuart.o
LOAD ./drivers/fsl_lpuart_edma.o
LOAD ./drivers/fsl_pdb.o
LOAD ./drivers/fsl_pmc.o
LOAD ./drivers/fsl_pwt.o
LOAD ./drivers/fsl_rcm.o
LOAD ./drivers/fsl_rtc.o
LOAD ./drivers/fsl_sim.o
LOAD ./drivers/fsl_smc.o
LOAD ./drivers/fsl_sysmpu.o
LOAD ./drivers/fsl_trgmux.o
LOAD ./drivers/fsl_wdog32.o
LOAD ./device/system_MKE18F16.o
LOAD ./component/uart/lpuart_adapter.o
LOAD ./component/serial_manager/serial_manager.o
LOAD ./component/serial_manager/serial_port_uart.o
LOAD ./component/lists/generic_list.o
LOAD ./board/board.o
LOAD ./board/clock_config.o
LOAD ./board/peripherals.o
LOAD ./board/pin_mux.o
LOAD ./System/Scheduler.o
LOAD ./System/System.o
LOAD ./System/SystemTesting.o
START GROUP
LOAD /Applications/MCUXpressoIDE_10.3.0_2200/ide/plugins/com.nxp.mcuxpresso.tools.macosx_10.3.0.201811011841/tools/bin/../lib/gcc/arm-none-eabi/7.3.1/thumb/v7e-m/fpv4-sp/hard/libgcc.a
LOAD /Applications/MCUXpressoIDE_10.3.0_2200/ide/plugins/com.nxp.mcuxpresso.tools.macosx_10.3.0.201811011841/tools/bin/../lib/gcc/arm-none-eabi/7.3.1/../../../../arm-none-eabi/lib/thumb/v7e-m/fpv4-sp/hard/libc_nano.a
LOAD /Applications/MCUXpressoIDE_10.3.0_2200/ide/plugins/com.nxp.mcuxpresso.tools.macosx_10.3.0.201811011841/tools/bin/../lib/gcc/arm-none-eabi/7.3.1/../../../../arm-none-eabi/lib/thumb/v7e-m/fpv4-sp/hard/libstdc++_nano.a
LOAD /Applications/MCUXpressoIDE_10.3.0_2200/ide/plugins/com.nxp.mcuxpresso.tools.macosx_10.3.0.201811011841/tools/bin/../lib/gcc/arm-none-eabi/7.3.1/../../../../arm-none-eabi/lib/thumb/v7e-m/fpv4-sp/hard/libm.a
LOAD /Applications/MCUXpressoIDE_10.3.0_2200/ide/plugins/com.nxp.mcuxpresso.tools.macosx_10.3.0.201811011841/tools/bin/../lib/gcc/arm-none-eabi/7.3.1/../../../../arm-none-eabi/lib/thumb/v7e-m/fpv4-sp/hard/libcr_newlib_semihost.a
LOAD /Applications/MCUXpressoIDE_10.3.0_2200/ide/plugins/com.nxp.mcuxpresso.tools.macosx_10.3.0.201811011841/tools/bin/../lib/gcc/arm-none-eabi/7.3.1/thumb/v7e-m/fpv4-sp/hard/crti.o
LOAD /Applications/MCUXpressoIDE_10.3.0_2200/ide/plugins/com.nxp.mcuxpresso.tools.macosx_10.3.0.201811011841/tools/bin/../lib/gcc/arm-none-eabi/7.3.1/thumb/v7e-m/fpv4-sp/hard/crtn.o
LOAD /Applications/MCUXpressoIDE_10.3.0_2200/ide/plugins/com.nxp.mcuxpresso.tools.macosx_10.3.0.201811011841/tools/bin/../lib/gcc/arm-none-eabi/7.3.1/thumb/v7e-m/fpv4-sp/hard/crtbegin.o
LOAD /Applications/MCUXpressoIDE_10.3.0_2200/ide/plugins/com.nxp.mcuxpresso.tools.macosx_10.3.0.201811011841/tools/bin/../lib/gcc/arm-none-eabi/7.3.1/thumb/v7e-m/fpv4-sp/hard/crtend.o
END GROUP
                0x0000000000000000                __base_PROGRAM_FLASH = 0x0
                0x0000000000000000                __base_Flash = 0x0
                0x0000000000080000                __top_PROGRAM_FLASH = 0x80000
                0x0000000000080000                __top_Flash = 0x80000
                0x0000000020000000                __base_SRAM_UPPER = 0x20000000
                0x0000000020000000                __base_RAM = 0x20000000
                0x0000000020008000                __top_SRAM_UPPER = 0x20008000
                0x0000000020008000                __top_RAM = 0x20008000
                0x000000001fff8000                __base_SRAM_LOWER = 0x1fff8000
                0x000000001fff8000                __base_RAM2 = 0x1fff8000
                0x0000000020000000                __top_SRAM_LOWER = 0x20000000
                0x0000000020000000                __top_RAM2 = 0x20000000
                0x0000000014000000                __base_FLEX_RAM = 0x14000000
                0x0000000014000000                __base_RAM3 = 0x14000000
                0x0000000014001000                __top_FLEX_RAM = 0x14001000
                0x0000000014001000                __top_RAM3 = 0x14001000

.text           0x0000000000000000     0xb358
 FILL mask 0xff
                0x0000000000000000                __vectors_start__ = ABSOLUTE (.)
 *(SORT_BY_ALIGNMENT(.isr_vector))
 .isr_vector    0x0000000000000000      0x1a4 ./startup/startup_mke18f16.o
                0x0000000000000000                __Vectors
                0x0000000000000000                g_pfnVectors
                0x00000000000001a4                . = ALIGN (0x4)
                0x00000000000001a4                __section_table_start = .
                0x00000000000001a4                __data_section_table = .
                0x00000000000001a4        0x4 LONG 0xc160 LOADADDR (.data)
                0x00000000000001a8        0x4 LONG 0x20000000 ADDR (.data)
                0x00000000000001ac        0x4 LONG 0x78 SIZEOF (.data)
                0x00000000000001b0        0x4 LONG 0xc160 LOADADDR (.data_RAM2)
                0x00000000000001b4        0x4 LONG 0x1fff8000 ADDR (.data_RAM2)
                0x00000000000001b8        0x4 LONG 0x0 SIZEOF (.data_RAM2)
                0x00000000000001bc        0x4 LONG 0xc160 LOADADDR (.data_RAM3)
                0x00000000000001c0        0x4 LONG 0x14000000 ADDR (.data_RAM3)
                0x00000000000001c4        0x4 LONG 0x0 SIZEOF (.data_RAM3)
                0x00000000000001c8                __data_section_table_end = .
                0x00000000000001c8                __bss_section_table = .
                0x00000000000001c8        0x4 LONG 0x20000078 ADDR (.bss)
                0x00000000000001cc        0x4 LONG 0x258 SIZEOF (.bss)
                0x00000000000001d0        0x4 LONG 0x1fff8000 ADDR (.bss_RAM2)
                0x00000000000001d4        0x4 LONG 0x0 SIZEOF (.bss_RAM2)
                0x00000000000001d8        0x4 LONG 0x14000000 ADDR (.bss_RAM3)
                0x00000000000001dc        0x4 LONG 0x0 SIZEOF (.bss_RAM3)
                0x00000000000001e0                __bss_section_table_end = .
                0x00000000000001e0                __section_table_end = .
 *(SORT_BY_ALIGNMENT(.after_vectors*))
 .after_vectors.reset
                0x00000000000001e0       0x50 ./startup/startup_mke18f16.o
                0x00000000000001e0                ResetISR
 .after_vectors.init_data
                0x0000000000000230       0x1e ./startup/startup_mke18f16.o
                0x0000000000000230                data_init(unsigned int, unsigned int, unsigned int)
 .after_vectors.init_bss
                0x000000000000024e       0x12 ./startup/startup_mke18f16.o
                0x000000000000024e                bss_init(unsigned int, unsigned int)
 .after_vectors
                0x0000000000000260       0x14 ./startup/startup_mke18f16.o
                0x0000000000000260                NMI_Handler
                0x0000000000000264                MemManage_Handler
                0x0000000000000266                BusFault_Handler
                0x0000000000000268                UsageFault_Handler
                0x000000000000026a                SVC_Handler
                0x000000000000026c                DebugMon_Handler
                0x000000000000026e                PendSV_Handler
                0x0000000000000272                FTM2_DriverIRQHandler
                0x0000000000000272                Reserved82_DriverIRQHandler
                0x0000000000000272                RTC_Seconds_DriverIRQHandler
                0x0000000000000272                MCM_DriverIRQHandler
                0x0000000000000272                LPIT0_Ch0_DriverIRQHandler
                0x0000000000000272                Reserved69_DriverIRQHandler
                0x0000000000000272                PDB1_DriverIRQHandler
                0x0000000000000272                CMP1_DriverIRQHandler
                0x0000000000000272                FTM0_DriverIRQHandler
                0x0000000000000272                IntDefaultHandler
                0x0000000000000272                SCG_RCM_DriverIRQHandler
                0x0000000000000272                PORTC_DriverIRQHandler
                0x0000000000000272                DAC0_DriverIRQHandler
                0x0000000000000272                CMP2_DriverIRQHandler
                0x0000000000000272                LVD_LVW_DriverIRQHandler
                0x0000000000000272                PWT_DriverIRQHandler
                0x0000000000000272                Reserved53_DriverIRQHandler
                0x0000000000000272                Reserved91_DriverIRQHandler
                0x0000000000000272                Reserved71_DriverIRQHandler
                0x0000000000000272                ADC1_DriverIRQHandler
                0x0000000000000272                PORTA_DriverIRQHandler
                0x0000000000000272                Reserved92_DriverIRQHandler
                0x0000000000000272                WDOG_EWM_DriverIRQHandler
                0x0000000000000272                PDB0_DriverIRQHandler
                0x0000000000000272                Reserved83_DriverIRQHandler
                0x0000000000000272                Reserved61_DriverIRQHandler
                0x0000000000000272                LPIT0_Ch2_DriverIRQHandler
                0x0000000000000272                RTC_DriverIRQHandler
                0x0000000000000272                Read_Collision_DriverIRQHandler
                0x0000000000000272                Reserved54_DriverIRQHandler
                0x0000000000000272                SWI_DriverIRQHandler
                0x0000000000000272                Reserved99_DriverIRQHandler
                0x0000000000000272                PDB2_DriverIRQHandler
                0x0000000000000272                Reserved44_DriverIRQHandler
                0x0000000000000272                LPIT0_Ch1_DriverIRQHandler
                0x0000000000000272                Reserved81_DriverIRQHandler
                0x0000000000000272                Reserved88_DriverIRQHandler
                0x0000000000000272                ADC0_DriverIRQHandler
                0x0000000000000272                LPIT0_Ch3_DriverIRQHandler
                0x0000000000000272                Doublebit_Fault_DriverIRQHandler
                0x0000000000000272                CMP0_DriverIRQHandler
                0x0000000000000272                Reserved98_DriverIRQHandler
                0x0000000000000272                FTM3_DriverIRQHandler
                0x0000000000000272                ADC2_DriverIRQHandler
                0x0000000000000272                PORTD_DriverIRQHandler
                0x0000000000000272                Reserved46_DriverIRQHandler
                0x0000000000000272                Reserved70_DriverIRQHandler
                0x0000000000000272                PORTE_DriverIRQHandler
                0x0000000000000272                FTFE_DriverIRQHandler
                0x0000000000000272                Reserved39_DriverIRQHandler
                0x0000000000000272                PORTB_DriverIRQHandler
                0x0000000000000272                LPTMR0_DriverIRQHandler
                0x0000000000000272                DMA_Error_DriverIRQHandler
                0x0000000000000272                FTM1_DriverIRQHandler
                0x0000000000000272                Reserved100_DriverIRQHandler
                0x0000000000000400                . = 0x400
 *fill*         0x0000000000000274      0x18c ff
                0x0000000000000400                PROVIDE (__FLASH_CONFIG_START__ = .)
 *(SORT_BY_ALIGNMENT(.FlashConfig))
 .FlashConfig   0x0000000000000400       0x10 ./startup/startup_mke18f16.o
                0x0000000000000410                PROVIDE (__FLASH_CONFIG_END__ = .)
                0x0000000000000001                ASSERT (! ((__FLASH_CONFIG_START__ == __FLASH_CONFIG_END__)), Linker Flash Config Support Enabled, but no .FlashConfig section provided within application)
 *(SORT_BY_ALIGNMENT(.text*))
 .text          0x0000000000000410       0xa0 /Applications/MCUXpressoIDE_10.3.0_2200/ide/plugins/com.nxp.mcuxpresso.tools.macosx_10.3.0.201811011841/tools/bin/../lib/gcc/arm-none-eabi/7.3.1/../../../../arm-none-eabi/lib/thumb/v7e-m/fpv4-sp/hard/libc_nano.a(lib_a-memchr.o)
                0x0000000000000410                memchr
 .text.LPSPI_MasterSetDelayTimes
                0x00000000000004b0      0x204 ./drivers/fsl_lpspi.o
                0x00000000000004b0                LPSPI_MasterSetDelayTimes
 .text.__assert_func
                0x00000000000006b4       0x28 ./utilities/fsl_assert.o
                0x00000000000006b4                __assert_func
 .text          0x00000000000006dc      0x118 ./source/DashB.o
                0x000000000000077c                main
                0x00000000000007dc                SysTick_Handler
 .text          0x00000000000007f4      0x290 ./source/Gears.o
                0x00000000000007f4                initGears()
                0x0000000000000846                shift(int)
 .text._ZN7ServiceD2Ev
                0x0000000000000a84       0x20 ./source/Gears.o
                0x0000000000000a84                Service::~Service()
                0x0000000000000a84                Service::~Service()
 .text._ZN3BSP4gpio4GPIO4tickEv
                0x0000000000000aa4       0x1c ./source/Gears.o
                0x0000000000000aa4                BSP::gpio::GPIO::tick()
 .text._ZN13StaticServiceIN3BSP4gpio4GPIOEJEED2Ev
                0x0000000000000ac0       0x24 ./source/Gears.o
                0x0000000000000ac0                StaticService<BSP::gpio::GPIO>::~StaticService()
                0x0000000000000ac0                StaticService<BSP::gpio::GPIO>::~StaticService()
 .text._ZN3BSP4gpio4GPIOD2Ev
                0x0000000000000ae4       0x24 ./source/Gears.o
                0x0000000000000ae4                BSP::gpio::GPIO::~GPIO()
                0x0000000000000ae4                BSP::gpio::GPIO::~GPIO()
 .text._ZN13StaticServiceIN3BSP4gpio4GPIOEJEE15ConstructStaticEv
                0x0000000000000b08       0x7c ./source/Gears.o
                0x0000000000000b08                StaticService<BSP::gpio::GPIO>::ConstructStatic()
 .text._ZN13StaticServiceIN3BSP4gpio4GPIOEJEE11StaticClassEv
                0x0000000000000b84       0x30 ./source/Gears.o
                0x0000000000000b84                StaticService<BSP::gpio::GPIO>::StaticClass()
 .text          0x0000000000000bb4      0x858 ./lib/adc.o
                0x0000000000000d2a                BSP::adc::ADC::ADC(BSP::adc::adc_config const*)
                0x0000000000000d2a                BSP::adc::ADC::ADC(BSP::adc::adc_config const*)
                0x0000000000000e84                BSP::adc::ADC::tick()
                0x0000000000000e98                BSP::adc::ADC::config_base(ADC_Type*, _adc12_config*)
                0x0000000000000f90                BSP::adc::ADC::config_hardware_compare(ADC_Type*, _adc12_hardware_compare_config*)
                0x0000000000000fec                BSP::adc::ADC::set_callback(ADC_Type*, void (*)(ADC_Type*, void*))
                0x0000000000001020                BSP::adc::ADC::set_offset(ADC_Type*, unsigned long)
                0x000000000000106e                BSP::adc::ADC::set_gain(ADC_Type*, unsigned long)
                0x00000000000010bc                BSP::adc::ADC::set_hardware_average(ADC_Type*, _adc12_hardware_average_mode)
                0x000000000000110c                BSP::adc::ADC::enable_dma(ADC_Type*, bool)
                0x000000000000115c                BSP::adc::ADC::enable_hardware_trigger(ADC_Type*, bool)
                0x00000000000011ac                BSP::adc::ADC::get_default_config(BSP::adc::adc_config*)
                0x0000000000001220                BSP::adc::ADC::get_callback(ADC_Type*)
                0x000000000000124c                BSP::adc::ADC::get_base_status_flags(ADC_Type*)
                0x0000000000001266                BSP::adc::ADC::get_channel_status_flags(ADC_Type*, unsigned long)
                0x0000000000001284                BSP::adc::ADC::calibrate(ADC_Type*)
                0x000000000000129e                BSP::adc::ADC::read(ADC_Type*, unsigned long)
                0x0000000000001346                BSP::adc::ADC::get_index(ADC_Type*)
                0x00000000000013a0                ADC0_IRQHandler
                0x00000000000013c4                ADC1_IRQHandler
                0x00000000000013e8                ADC2_IRQHandler
 .text._ZN13StaticServiceIN3BSP3adc3ADCEJPKNS1_10adc_configEEED2Ev
                0x000000000000140c       0x24 ./lib/adc.o
                0x000000000000140c                StaticService<BSP::adc::ADC, BSP::adc::adc_config const*>::~StaticService()
                0x000000000000140c                StaticService<BSP::adc::ADC, BSP::adc::adc_config const*>::~StaticService()
 .text._ZN7ServiceC2Ev
                0x0000000000001430       0x20 ./lib/adc.o
                0x0000000000001430                Service::Service()
                0x0000000000001430                Service::Service()
 .text._ZN13StaticServiceIN3BSP3adc3ADCEJPKNS1_10adc_configEEEC2Ev
                0x0000000000001450       0x24 ./lib/adc.o
                0x0000000000001450                StaticService<BSP::adc::ADC, BSP::adc::adc_config const*>::StaticService()
                0x0000000000001450                StaticService<BSP::adc::ADC, BSP::adc::adc_config const*>::StaticService()
 .text._ZN13StaticServiceIN3BSP3adc3ADCEJPKNS1_10adc_configEEE11StaticClassEv
                0x0000000000001474       0x30 ./lib/adc.o
                0x0000000000001474                StaticService<BSP::adc::ADC, BSP::adc::adc_config const*>::StaticClass()
 .text._ZN3BSP3adc3ADCD2Ev
                0x00000000000014a4       0x24 ./lib/adc.o
                0x00000000000014a4                BSP::adc::ADC::~ADC()
                0x00000000000014a4                BSP::adc::ADC::~ADC()
 .text          0x00000000000014c8      0x4b0 ./lib/canlight.o
                0x0000000000001556                BSP::can::CANlight::CANlight(BSP::can::_canlight_config const*)
                0x0000000000001556                BSP::can::CANlight::CANlight(BSP::can::_canlight_config const*)
                0x00000000000015cc                BSP::can::CANlight::mbinterrupt(unsigned char)
                0x0000000000001682                BSP::can::CANlight::init(unsigned char, BSP::can::CANlight::_canx_config*)
                0x0000000000001784                BSP::can::CANlight::tx(unsigned char, BSP::can::CANlight::_frame)
                0x000000000000186c                BSP::can::CANlight::readrx(unsigned char)
                0x0000000000001936                BSP::can::CANlight::tick()
                0x000000000000194a                CAN0_ORed_Message_buffer_IRQHandler
                0x0000000000001960                CAN1_ORed_Message_buffer_IRQHandler
 .text._ZN3BSP3can8CANlight4baseEh
                0x0000000000001978       0x2c ./lib/canlight.o
                0x0000000000001978                BSP::can::CANlight::base(unsigned char)
 .text._ZN13StaticServiceIN3BSP3can8CANlightEJPKNS1_16_canlight_configEEED2Ev
                0x00000000000019a4       0x24 ./lib/canlight.o
                0x00000000000019a4                StaticService<BSP::can::CANlight, BSP::can::_canlight_config const*>::~StaticService()
                0x00000000000019a4                StaticService<BSP::can::CANlight, BSP::can::_canlight_config const*>::~StaticService()
 .text._ZN13StaticServiceIN3BSP3can8CANlightEJPKNS1_16_canlight_configEEEC2Ev
                0x00000000000019c8       0x24 ./lib/canlight.o
                0x00000000000019c8                StaticService<BSP::can::CANlight, BSP::can::_canlight_config const*>::StaticService()
                0x00000000000019c8                StaticService<BSP::can::CANlight, BSP::can::_canlight_config const*>::StaticService()
 .text._ZN13StaticServiceIN3BSP3can8CANlightEJPKNS1_16_canlight_configEEE11StaticClassEv
                0x00000000000019ec       0x30 ./lib/canlight.o
                0x00000000000019ec                StaticService<BSP::can::CANlight, BSP::can::_canlight_config const*>::StaticClass()
 .text._ZN3BSP3can8CANlightD2Ev
                0x0000000000001a1c       0x24 ./lib/canlight.o
                0x0000000000001a1c                BSP::can::CANlight::~CANlight()
                0x0000000000001a1c                BSP::can::CANlight::~CANlight()
 .text          0x0000000000001a40      0x5a4 ./lib/gpio.o
                0x0000000000001b36                BSP::gpio::GPIO::GPIO()
                0x0000000000001b36                BSP::gpio::GPIO::GPIO()
                0x0000000000001b88                BSP::gpio::GPIO::set(BSP::gpio::GPIO_port, unsigned long)
                0x0000000000001be4                BSP::gpio::GPIO::clear(BSP::gpio::GPIO_port, unsigned long)
                0x0000000000001c40                BSP::gpio::GPIO::toggle(BSP::gpio::GPIO_port, unsigned long)
                0x0000000000001c9c                BSP::gpio::GPIO::out_dir(BSP::gpio::GPIO_port, unsigned long)
                0x0000000000001ccc                BSP::gpio::GPIO::in_dir(BSP::gpio::GPIO_port, unsigned long)
                0x0000000000001cfe                BSP::gpio::GPIO::read(BSP::gpio::GPIO_port, unsigned long)
                0x0000000000001d3a                BSP::gpio::GPIO::config_pin(BSP::gpio::GPIO_port, unsigned long, _port_pin_config*)
                0x0000000000001d66                BSP::gpio::GPIO::config_interrupt(BSP::gpio::GPIO_port, unsigned long, _port_interrupt)
                0x0000000000001d94                BSP::gpio::GPIO::config_function(BSP::gpio::GPIO_port, void (*)())
                0x0000000000001dc8                BSP::gpio::GPIO::int_source(BSP::gpio::GPIO_port)
                0x0000000000001e1c                BSP::gpio::GPIO::ack_interrupt(BSP::gpio::GPIO_port, unsigned char)
                0x0000000000001e54                BSP::gpio::GPIO::get_port(BSP::gpio::GPIO_port)
                0x0000000000001eb8                BSP::gpio::GPIO::get_gpio(BSP::gpio::GPIO_port)
                0x0000000000001f1c                PORTA_IRQHandler
                0x0000000000001f44                PORTB_IRQHandler
                0x0000000000001f6c                PORTC_IRQHandler
                0x0000000000001f94                PORTD_IRQHandler
                0x0000000000001fbc                PORTE_IRQHandler
 .text._ZN13StaticServiceIN3BSP4gpio4GPIOEJEEC2Ev
                0x0000000000001fe4       0x24 ./lib/gpio.o
                0x0000000000001fe4                StaticService<BSP::gpio::GPIO>::StaticService()
                0x0000000000001fe4                StaticService<BSP::gpio::GPIO>::StaticService()
 .text          0x0000000000002008      0x338 ./lib/lpit.o
                0x000000000000212c                BSP::lpit::LPIT::LPIT(BSP::lpit::lpit_config const*)
                0x000000000000212c                BSP::lpit::LPIT::LPIT(BSP::lpit::lpit_config const*)
                0x00000000000021c0                BSP::lpit::LPIT::init(unsigned char, unsigned long, void (*)())
                0x000000000000224e                BSP::lpit::LPIT::tick()
                0x0000000000002262                BSP::lpit::LPIT::interrupt(unsigned char)
                0x00000000000022e8                LPIT0_Ch0_IRQHandler
                0x00000000000022fe                LPIT0_Ch1_IRQHandler
                0x0000000000002314                LPIT0_Ch2_IRQHandler
                0x000000000000232a                LPIT0_Ch3_IRQHandler
 .text._ZN13StaticServiceIN3BSP4lpit4LPITEJPKNS1_11lpit_configEEED2Ev
                0x0000000000002340       0x24 ./lib/lpit.o
                0x0000000000002340                StaticService<BSP::lpit::LPIT, BSP::lpit::lpit_config const*>::~StaticService()
                0x0000000000002340                StaticService<BSP::lpit::LPIT, BSP::lpit::lpit_config const*>::~StaticService()
 .text._ZN13StaticServiceIN3BSP4lpit4LPITEJPKNS1_11lpit_configEEEC2Ev
                0x0000000000002364       0x24 ./lib/lpit.o
                0x0000000000002364                StaticService<BSP::lpit::LPIT, BSP::lpit::lpit_config const*>::StaticService()
                0x0000000000002364                StaticService<BSP::lpit::LPIT, BSP::lpit::lpit_config const*>::StaticService()
 .text._ZN13StaticServiceIN3BSP4lpit4LPITEJPKNS1_11lpit_configEEE11StaticClassEv
                0x0000000000002388       0x30 ./lib/lpit.o
                0x0000000000002388                StaticService<BSP::lpit::LPIT, BSP::lpit::lpit_config const*>::StaticClass()
 .text._ZN3BSP4lpit4LPITD2Ev
                0x00000000000023b8       0x24 ./lib/lpit.o
                0x00000000000023b8                BSP::lpit::LPIT::~LPIT()
                0x00000000000023b8                BSP::lpit::LPIT::~LPIT()
 .text          0x00000000000023dc      0xa60 ./lib/spi.o
                0x000000000000260c                BSP::spi::SPI::SPI(BSP::spi::spi_config const*)
                0x000000000000260c                BSP::spi::SPI::SPI(BSP::spi::spi_config const*)
                0x00000000000026cc                BSP::spi::SPI::tick()
                0x00000000000026e0                BSP::spi::SPI::initMaster(unsigned char, BSP::spi::SPI::masterConfig*)
                0x00000000000029d8                BSP::spi::SPI::mastertx(unsigned char, unsigned char*, unsigned char*, unsigned char)
                0x0000000000002ace                BSP::spi::SPI::mastercb(unsigned char)
                0x0000000000002cb6                BSP::spi::SPI::slavecb(unsigned char)
                0x0000000000002cce                BSP::spi::SPI::cson(BSP::spi::SPI::transceiver*)
                0x0000000000002d5c                BSP::spi::SPI::csoff(BSP::spi::SPI::transceiver*)
                0x0000000000002dda                LPSPI0_IRQHandler
                0x0000000000002e0a                LPSPI1_IRQHandler
 .text._ZN13StaticServiceIN3BSP3spi3SPIEJPKNS1_10spi_configEEED2Ev
                0x0000000000002e3c       0x24 ./lib/spi.o
                0x0000000000002e3c                StaticService<BSP::spi::SPI, BSP::spi::spi_config const*>::~StaticService()
                0x0000000000002e3c                StaticService<BSP::spi::SPI, BSP::spi::spi_config const*>::~StaticService()
 .text._ZN13StaticServiceIN3BSP3spi3SPIEJPKNS1_10spi_configEEEC2Ev
                0x0000000000002e60       0x24 ./lib/spi.o
                0x0000000000002e60                StaticService<BSP::spi::SPI, BSP::spi::spi_config const*>::StaticService()
                0x0000000000002e60                StaticService<BSP::spi::SPI, BSP::spi::spi_config const*>::StaticService()
 .text._ZN13StaticServiceIN3BSP3spi3SPIEJPKNS1_10spi_configEEE11StaticClassEv
                0x0000000000002e84       0x30 ./lib/spi.o
                0x0000000000002e84                StaticService<BSP::spi::SPI, BSP::spi::spi_config const*>::StaticClass()
 .text._ZN3BSP3spi3SPID2Ev
                0x0000000000002eb4       0x24 ./lib/spi.o
                0x0000000000002eb4                BSP::spi::SPI::~SPI()
                0x0000000000002eb4                BSP::spi::SPI::~SPI()
 .text.CLOCK_EnableClock
                0x0000000000002ed8       0x40 ./drivers/fsl_adc12.o
 .text.ADC12_GetChannelConversionValue
                0x0000000000002f18       0x3c ./drivers/fsl_adc12.o
 .text.ADC12_GetInstance
                0x0000000000002f54       0x58 ./drivers/fsl_adc12.o
 .text.ADC12_Init
                0x0000000000002fac       0xe4 ./drivers/fsl_adc12.o
                0x0000000000002fac                ADC12_Init
 .text.ADC12_SetChannelConfig
                0x0000000000003090       0x80 ./drivers/fsl_adc12.o
                0x0000000000003090                ADC12_SetChannelConfig
 .text.ADC12_GetChannelStatusFlags
                0x0000000000003110       0x54 ./drivers/fsl_adc12.o
                0x0000000000003110                ADC12_GetChannelStatusFlags
 .text.ADC12_SetHardwareCompareConfig
                0x0000000000003164       0xa4 ./drivers/fsl_adc12.o
                0x0000000000003164                ADC12_SetHardwareCompareConfig
 .text.CLOCK_GetCurSysClkConfig
                0x0000000000003208       0x3c ./drivers/fsl_clock.o
 .text.CLOCK_GetErClkFreq
                0x0000000000003244       0x48 ./drivers/fsl_clock.o
                0x0000000000003244                CLOCK_GetErClkFreq
 .text.CLOCK_GetOsc32kClkFreq
                0x000000000000328c       0x30 ./drivers/fsl_clock.o
                0x000000000000328c                CLOCK_GetOsc32kClkFreq
 .text.CLOCK_GetFreq
                0x00000000000032bc      0x11c ./drivers/fsl_clock.o
                0x00000000000032bc                CLOCK_GetFreq
 .text.CLOCK_GetIpFreq
                0x00000000000033d8       0xd4 ./drivers/fsl_clock.o
                0x00000000000033d8                CLOCK_GetIpFreq
 .text.CLOCK_GetSysClkFreq
                0x00000000000034ac       0xb4 ./drivers/fsl_clock.o
                0x00000000000034ac                CLOCK_GetSysClkFreq
 .text.CLOCK_GetSysOscFreq
                0x0000000000003560       0x48 ./drivers/fsl_clock.o
                0x0000000000003560                CLOCK_GetSysOscFreq
 .text.CLOCK_GetSysOscAsyncFreq
                0x00000000000035a8       0x68 ./drivers/fsl_clock.o
                0x00000000000035a8                CLOCK_GetSysOscAsyncFreq
 .text.CLOCK_InitSirc
                0x0000000000003610       0x8c ./drivers/fsl_clock.o
                0x0000000000003610                CLOCK_InitSirc
 .text.CLOCK_DeinitSirc
                0x000000000000369c       0x48 ./drivers/fsl_clock.o
                0x000000000000369c                CLOCK_DeinitSirc
 .text.CLOCK_GetSircFreq
                0x00000000000036e4       0x38 ./drivers/fsl_clock.o
                0x00000000000036e4                CLOCK_GetSircFreq
 .text.CLOCK_GetSircAsyncFreq
                0x000000000000371c       0x68 ./drivers/fsl_clock.o
                0x000000000000371c                CLOCK_GetSircAsyncFreq
 .text.CLOCK_InitFirc
                0x0000000000003784      0x104 ./drivers/fsl_clock.o
                0x0000000000003784                CLOCK_InitFirc
 .text.CLOCK_DeinitFirc
                0x0000000000003888       0x48 ./drivers/fsl_clock.o
                0x0000000000003888                CLOCK_DeinitFirc
 .text.CLOCK_GetFircFreq
                0x00000000000038d0       0x38 ./drivers/fsl_clock.o
                0x00000000000038d0                CLOCK_GetFircFreq
 .text.CLOCK_GetFircAsyncFreq
                0x0000000000003908       0x68 ./drivers/fsl_clock.o
                0x0000000000003908                CLOCK_GetFircAsyncFreq
 .text.CLOCK_GetSysPllCommonFreq
                0x0000000000003970       0x68 ./drivers/fsl_clock.o
 .text.CLOCK_GetSysPllFreq
                0x00000000000039d8       0x30 ./drivers/fsl_clock.o
                0x00000000000039d8                CLOCK_GetSysPllFreq
 .text.CLOCK_GetSysPllAsyncFreq
                0x0000000000003a08       0x68 ./drivers/fsl_clock.o
                0x0000000000003a08                CLOCK_GetSysPllAsyncFreq
 .text.EDMA_HandleIRQ
                0x0000000000003a70      0x164 ./drivers/fsl_edma.o
                0x0000000000003a70                EDMA_HandleIRQ
 .text.DMA0_DriverIRQHandler
                0x0000000000003bd4       0x1c ./drivers/fsl_edma.o
                0x0000000000003bd4                DMA0_DriverIRQHandler
 .text.DMA1_DriverIRQHandler
                0x0000000000003bf0       0x1c ./drivers/fsl_edma.o
                0x0000000000003bf0                DMA1_DriverIRQHandler
 .text.DMA2_DriverIRQHandler
                0x0000000000003c0c       0x1c ./drivers/fsl_edma.o
                0x0000000000003c0c                DMA2_DriverIRQHandler
 .text.DMA3_DriverIRQHandler
                0x0000000000003c28       0x1c ./drivers/fsl_edma.o
                0x0000000000003c28                DMA3_DriverIRQHandler
 .text.DMA4_DriverIRQHandler
                0x0000000000003c44       0x1c ./drivers/fsl_edma.o
                0x0000000000003c44                DMA4_DriverIRQHandler
 .text.DMA5_DriverIRQHandler
                0x0000000000003c60       0x1c ./drivers/fsl_edma.o
                0x0000000000003c60                DMA5_DriverIRQHandler
 .text.DMA6_DriverIRQHandler
                0x0000000000003c7c       0x1c ./drivers/fsl_edma.o
                0x0000000000003c7c                DMA6_DriverIRQHandler
 .text.DMA7_DriverIRQHandler
                0x0000000000003c98       0x1c ./drivers/fsl_edma.o
                0x0000000000003c98                DMA7_DriverIRQHandler
 .text.DMA8_DriverIRQHandler
                0x0000000000003cb4       0x1c ./drivers/fsl_edma.o
                0x0000000000003cb4                DMA8_DriverIRQHandler
 .text.DMA9_DriverIRQHandler
                0x0000000000003cd0       0x1c ./drivers/fsl_edma.o
                0x0000000000003cd0                DMA9_DriverIRQHandler
 .text.DMA10_DriverIRQHandler
                0x0000000000003cec       0x1c ./drivers/fsl_edma.o
                0x0000000000003cec                DMA10_DriverIRQHandler
 .text.DMA11_DriverIRQHandler
                0x0000000000003d08       0x1c ./drivers/fsl_edma.o
                0x0000000000003d08                DMA11_DriverIRQHandler
 .text.DMA12_DriverIRQHandler
                0x0000000000003d24       0x1c ./drivers/fsl_edma.o
                0x0000000000003d24                DMA12_DriverIRQHandler
 .text.DMA13_DriverIRQHandler
                0x0000000000003d40       0x1c ./drivers/fsl_edma.o
                0x0000000000003d40                DMA13_DriverIRQHandler
 .text.DMA14_DriverIRQHandler
                0x0000000000003d5c       0x1c ./drivers/fsl_edma.o
                0x0000000000003d5c                DMA14_DriverIRQHandler
 .text.DMA15_DriverIRQHandler
                0x0000000000003d78       0x1c ./drivers/fsl_edma.o
                0x0000000000003d78                DMA15_DriverIRQHandler
 .text.CLOCK_EnableClock
                0x0000000000003d94       0x40 ./drivers/fsl_flexcan.o
 .text.FLEXCAN_GetInstance
                0x0000000000003dd4       0x58 ./drivers/fsl_flexcan.o
                0x0000000000003dd4                FLEXCAN_GetInstance
 .text.FLEXCAN_Reset
                0x0000000000003e2c       0xdc ./drivers/fsl_flexcan.o
 .text.FLEXCAN_SetBaudRate
                0x0000000000003f08       0xb4 ./drivers/fsl_flexcan.o
 .text.FLEXCAN_Init
                0x0000000000003fbc      0x160 ./drivers/fsl_flexcan.o
                0x0000000000003fbc                FLEXCAN_Init
 .text.FLEXCAN_GetDefaultConfig
                0x000000000000411c       0x88 ./drivers/fsl_flexcan.o
                0x000000000000411c                FLEXCAN_GetDefaultConfig
 .text.FLEXCAN_SetTimingConfig
                0x00000000000041a4       0x8c ./drivers/fsl_flexcan.o
                0x00000000000041a4                FLEXCAN_SetTimingConfig
 .text.FLEXCAN_SetTxMbConfig
                0x0000000000004230       0xbc ./drivers/fsl_flexcan.o
                0x0000000000004230                FLEXCAN_SetTxMbConfig
 .text.FLEXCAN_SetRxMbConfig
                0x00000000000042ec      0x118 ./drivers/fsl_flexcan.o
                0x00000000000042ec                FLEXCAN_SetRxMbConfig
 .text.FLEXCAN_WriteTxMb
                0x0000000000004404      0x16c ./drivers/fsl_flexcan.o
                0x0000000000004404                FLEXCAN_WriteTxMb
 .text.FLEXCAN_ReadRxMb
                0x0000000000004570      0x140 ./drivers/fsl_flexcan.o
                0x0000000000004570                FLEXCAN_ReadRxMb
 .text.CAN0_DriverIRQHandler
                0x00000000000046b0       0x48 ./drivers/fsl_flexcan.o
                0x00000000000046b0                CAN0_DriverIRQHandler
 .text.CAN1_DriverIRQHandler
                0x00000000000046f8       0x48 ./drivers/fsl_flexcan.o
                0x00000000000046f8                CAN1_DriverIRQHandler
 .text.FLEXIO_CommonIRQHandler
                0x0000000000004740       0x58 ./drivers/fsl_flexio.o
                0x0000000000004740                FLEXIO_CommonIRQHandler
 .text.LPI2C_CommonIRQHandler
                0x0000000000004798       0x74 ./drivers/fsl_lpi2c.o
 .text.LPI2C0_DriverIRQHandler
                0x000000000000480c       0x14 ./drivers/fsl_lpi2c.o
                0x000000000000480c                LPI2C0_DriverIRQHandler
 .text.LPI2C1_DriverIRQHandler
                0x0000000000004820       0x14 ./drivers/fsl_lpi2c.o
                0x0000000000004820                LPI2C1_DriverIRQHandler
 .text.CLOCK_EnableClock
                0x0000000000004834       0x40 ./drivers/fsl_lpspi.o
 .text.LPSPI_GetInstance
                0x0000000000004874       0x5c ./drivers/fsl_lpspi.o
                0x0000000000004874                LPSPI_GetInstance
 .text.LPSPI_SetDummyData
                0x00000000000048d0       0x2c ./drivers/fsl_lpspi.o
                0x00000000000048d0                LPSPI_SetDummyData
 .text.LPSPI_MasterInit
                0x00000000000048fc      0x128 ./drivers/fsl_lpspi.o
                0x00000000000048fc                LPSPI_MasterInit
 .text.LPSPI_MasterSetBaudRate
                0x0000000000004a24      0x100 ./drivers/fsl_lpspi.o
                0x0000000000004a24                LPSPI_MasterSetBaudRate
 .text.LPSPI_MasterSetDelayScaler
                0x0000000000004b24       0x80 ./drivers/fsl_lpspi.o
                0x0000000000004b24                LPSPI_MasterSetDelayScaler
 .text.LPSPI_CommonIRQHandler
                0x0000000000004ba4       0x40 ./drivers/fsl_lpspi.o
 .text.LPSPI0_DriverIRQHandler
                0x0000000000004be4       0x40 ./drivers/fsl_lpspi.o
                0x0000000000004be4                LPSPI0_DriverIRQHandler
 .text.LPSPI1_DriverIRQHandler
                0x0000000000004c24       0x40 ./drivers/fsl_lpspi.o
                0x0000000000004c24                LPSPI1_DriverIRQHandler
 .text.LPUART0_TX_DriverIRQHandler
                0x0000000000004c64       0x28 ./drivers/fsl_lpuart.o
                0x0000000000004c64                LPUART0_TX_DriverIRQHandler
 .text.LPUART0_RX_DriverIRQHandler
                0x0000000000004c8c       0x28 ./drivers/fsl_lpuart.o
                0x0000000000004c8c                LPUART0_RX_DriverIRQHandler
 .text.LPUART1_TX_DriverIRQHandler
                0x0000000000004cb4       0x28 ./drivers/fsl_lpuart.o
                0x0000000000004cb4                LPUART1_TX_DriverIRQHandler
 .text.LPUART1_RX_DriverIRQHandler
                0x0000000000004cdc       0x28 ./drivers/fsl_lpuart.o
                0x0000000000004cdc                LPUART1_RX_DriverIRQHandler
 .text.LPUART2_TX_DriverIRQHandler
                0x0000000000004d04       0x28 ./drivers/fsl_lpuart.o
                0x0000000000004d04                LPUART2_TX_DriverIRQHandler
 .text.LPUART2_RX_DriverIRQHandler
                0x0000000000004d2c       0x28 ./drivers/fsl_lpuart.o
                0x0000000000004d2c                LPUART2_RX_DriverIRQHandler
 .text.SystemInit
                0x0000000000004d54       0x7c ./device/system_MKE18F16.o
                0x0000000000004d54                SystemInit
 .text.CLOCK_SetRunModeSysClkConfig
                0x0000000000004dd0       0x3c ./board/clock_config.o
 .text.CLOCK_GetCurSysClkConfig
                0x0000000000004e0c       0x3c ./board/clock_config.o
 .text.CLOCK_CONFIG_FircSafeConfig
                0x0000000000004e48       0xa4 ./board/clock_config.o
 .text.BOARD_BootClockRUN
                0x0000000000004eec       0x50 ./board/clock_config.o
                0x0000000000004eec                BOARD_BootClockRUN
 .text.CLOCK_EnableClock
                0x0000000000004f3c       0x40 ./board/pin_mux.o
 .text.BOARD_InitPins
                0x0000000000004f7c       0xac ./board/pin_mux.o
                0x0000000000004f7c                BOARD_InitPins
 .text          0x0000000000005028      0x534 ./System/SystemTesting.o
                0x00000000000053f4                Task3()
                0x000000000000540c                TestTasksFinite()
                0x00000000000054cc                TestSys()
 .text._ZN6System4TaskC2Ev
                0x000000000000555c       0x28 ./System/SystemTesting.o
                0x000000000000555c                System::Task::Task()
                0x000000000000555c                System::Task::Task()
 .text          0x0000000000005584       0x30 /Applications/MCUXpressoIDE_10.3.0_2200/ide/plugins/com.nxp.mcuxpresso.tools.macosx_10.3.0.201811011841/tools/bin/../lib/gcc/arm-none-eabi/7.3.1/thumb/v7e-m/fpv4-sp/hard/libgcc.a(_aeabi_uldivmod.o)
                0x0000000000005584                __aeabi_uldivmod
 .text          0x00000000000055b4      0x2cc /Applications/MCUXpressoIDE_10.3.0_2200/ide/plugins/com.nxp.mcuxpresso.tools.macosx_10.3.0.201811011841/tools/bin/../lib/gcc/arm-none-eabi/7.3.1/thumb/v7e-m/fpv4-sp/hard/libgcc.a(_udivmoddi4.o)
                0x00000000000055b4                __udivmoddi4
 .text          0x0000000000005880      0x9ec /Applications/MCUXpressoIDE_10.3.0_2200/ide/plugins/com.nxp.mcuxpresso.tools.macosx_10.3.0.201811011841/tools/bin/../lib/gcc/arm-none-eabi/7.3.1/thumb/v7e-m/fpv4-sp/hard/libgcc.a(unwind-arm.o)
                0x0000000000005b34                _Unwind_GetCFA
                0x0000000000005b38                __gnu_Unwind_RaiseException
                0x0000000000005b98                __gnu_Unwind_ForcedUnwind
                0x0000000000005bac                __gnu_Unwind_Resume
                0x0000000000005bf0                __gnu_Unwind_Resume_or_Rethrow
                0x0000000000005c00                _Unwind_Complete
                0x0000000000005c04                _Unwind_DeleteException
                0x0000000000005c10                _Unwind_VRS_Get
                0x0000000000005c54                _Unwind_VRS_Set
                0x0000000000005c9c                __gnu_Unwind_Backtrace
                0x0000000000005fe0                __aeabi_unwind_cpp_pr0
                0x0000000000005fe4                __aeabi_unwind_cpp_pr1
                0x0000000000005fe8                __aeabi_unwind_cpp_pr2
                0x0000000000005fec                _Unwind_VRS_Pop
 .text          0x000000000000626c      0x1ac /Applications/MCUXpressoIDE_10.3.0_2200/ide/plugins/com.nxp.mcuxpresso.tools.macosx_10.3.0.201811011841/tools/bin/../lib/gcc/arm-none-eabi/7.3.1/thumb/v7e-m/fpv4-sp/hard/libgcc.a(libunwind.o)
                0x000000000000626c                __restore_core_regs
                0x000000000000626c                restore_core_regs
                0x0000000000006284                __gnu_Unwind_Restore_VFP
                0x000000000000628c                __gnu_Unwind_Save_VFP
                0x0000000000006294                __gnu_Unwind_Restore_VFP_D
                0x000000000000629c                __gnu_Unwind_Save_VFP_D
                0x00000000000062a4                __gnu_Unwind_Restore_VFP_D_16_to_31
                0x00000000000062ac                __gnu_Unwind_Save_VFP_D_16_to_31
                0x00000000000062b4                __gnu_Unwind_Restore_WMMXD
                0x00000000000062f8                __gnu_Unwind_Save_WMMXD
                0x000000000000633c                __gnu_Unwind_Restore_WMMXC
                0x0000000000006350                __gnu_Unwind_Save_WMMXC
                0x0000000000006364                _Unwind_RaiseException
                0x0000000000006364                ___Unwind_RaiseException
                0x0000000000006388                ___Unwind_Resume
                0x0000000000006388                _Unwind_Resume
                0x00000000000063ac                ___Unwind_Resume_or_Rethrow
                0x00000000000063ac                _Unwind_Resume_or_Rethrow
                0x00000000000063d0                _Unwind_ForcedUnwind
                0x00000000000063d0                ___Unwind_ForcedUnwind
                0x00000000000063f4                _Unwind_Backtrace
                0x00000000000063f4                ___Unwind_Backtrace
 .text          0x0000000000006418      0x374 /Applications/MCUXpressoIDE_10.3.0_2200/ide/plugins/com.nxp.mcuxpresso.tools.macosx_10.3.0.201811011841/tools/bin/../lib/gcc/arm-none-eabi/7.3.1/thumb/v7e-m/fpv4-sp/hard/libgcc.a(pr-support.o)
                0x0000000000006470                __gnu_unwind_execute
                0x0000000000006734                __gnu_unwind_frame
                0x000000000000675c                _Unwind_GetRegionStart
                0x0000000000006768                _Unwind_GetLanguageSpecificData
                0x000000000000677c                _Unwind_GetDataRelBase
                0x0000000000006784                _Unwind_GetTextRelBase
 .text          0x000000000000678c        0x4 /Applications/MCUXpressoIDE_10.3.0_2200/ide/plugins/com.nxp.mcuxpresso.tools.macosx_10.3.0.201811011841/tools/bin/../lib/gcc/arm-none-eabi/7.3.1/thumb/v7e-m/fpv4-sp/hard/libgcc.a(_dvmd_tls.o)
                0x000000000000678c                __aeabi_ldiv0
                0x000000000000678c                __aeabi_idiv0
 .text.__cxa_atexit
                0x0000000000006790       0x1c /Applications/MCUXpressoIDE_10.3.0_2200/ide/plugins/com.nxp.mcuxpresso.tools.macosx_10.3.0.201811011841/tools/bin/../lib/gcc/arm-none-eabi/7.3.1/../../../../arm-none-eabi/lib/thumb/v7e-m/fpv4-sp/hard/libc_nano.a(lib_a-cxa_atexit.o)
                0x0000000000006790                __cxa_atexit
 .text.__libc_init_array
                0x00000000000067ac       0x48 /Applications/MCUXpressoIDE_10.3.0_2200/ide/plugins/com.nxp.mcuxpresso.tools.macosx_10.3.0.201811011841/tools/bin/../lib/gcc/arm-none-eabi/7.3.1/../../../../arm-none-eabi/lib/thumb/v7e-m/fpv4-sp/hard/libc_nano.a(lib_a-init.o)
                0x00000000000067ac                __libc_init_array
 .text.free     0x00000000000067f4       0x10 /Applications/MCUXpressoIDE_10.3.0_2200/ide/plugins/com.nxp.mcuxpresso.tools.macosx_10.3.0.201811011841/tools/bin/../lib/gcc/arm-none-eabi/7.3.1/../../../../arm-none-eabi/lib/thumb/v7e-m/fpv4-sp/hard/libc_nano.a(lib_a-malloc.o)
                0x00000000000067f4                free
 .text._free_r  0x0000000000006804       0x9c /Applications/MCUXpressoIDE_10.3.0_2200/ide/plugins/com.nxp.mcuxpresso.tools.macosx_10.3.0.201811011841/tools/bin/../lib/gcc/arm-none-eabi/7.3.1/../../../../arm-none-eabi/lib/thumb/v7e-m/fpv4-sp/hard/libc_nano.a(lib_a-nano-freer.o)
                0x0000000000006804                _free_r
 .text._malloc_r
                0x00000000000068a0       0xb4 /Applications/MCUXpressoIDE_10.3.0_2200/ide/plugins/com.nxp.mcuxpresso.tools.macosx_10.3.0.201811011841/tools/bin/../lib/gcc/arm-none-eabi/7.3.1/../../../../arm-none-eabi/lib/thumb/v7e-m/fpv4-sp/hard/libc_nano.a(lib_a-nano-mallocr.o)
                0x00000000000068a0                _malloc_r
 .text.printf   0x0000000000006954       0x30 /Applications/MCUXpressoIDE_10.3.0_2200/ide/plugins/com.nxp.mcuxpresso.tools.macosx_10.3.0.201811011841/tools/bin/../lib/gcc/arm-none-eabi/7.3.1/../../../../arm-none-eabi/lib/thumb/v7e-m/fpv4-sp/hard/libc_nano.a(lib_a-printf.o)
                0x0000000000006954                printf
                0x0000000000006954                iprintf
 .text._puts_r  0x0000000000006984       0xb8 /Applications/MCUXpressoIDE_10.3.0_2200/ide/plugins/com.nxp.mcuxpresso.tools.macosx_10.3.0.201811011841/tools/bin/../lib/gcc/arm-none-eabi/7.3.1/../../../../arm-none-eabi/lib/thumb/v7e-m/fpv4-sp/hard/libc_nano.a(lib_a-puts.o)
                0x0000000000006984                _puts_r
 .text.puts     0x0000000000006a3c       0x10 /Applications/MCUXpressoIDE_10.3.0_2200/ide/plugins/com.nxp.mcuxpresso.tools.macosx_10.3.0.201811011841/tools/bin/../lib/gcc/arm-none-eabi/7.3.1/../../../../arm-none-eabi/lib/thumb/v7e-m/fpv4-sp/hard/libc_nano.a(lib_a-puts.o)
                0x0000000000006a3c                puts
 .text._sbrk_r  0x0000000000006a4c       0x20 /Applications/MCUXpressoIDE_10.3.0_2200/ide/plugins/com.nxp.mcuxpresso.tools.macosx_10.3.0.201811011841/tools/bin/../lib/gcc/arm-none-eabi/7.3.1/../../../../arm-none-eabi/lib/thumb/v7e-m/fpv4-sp/hard/libc_nano.a(lib_a-sbrkr.o)
                0x0000000000006a4c                _sbrk_r
 .text.raise    0x0000000000006a6c       0x10 /Applications/MCUXpressoIDE_10.3.0_2200/ide/plugins/com.nxp.mcuxpresso.tools.macosx_10.3.0.201811011841/tools/bin/../lib/gcc/arm-none-eabi/7.3.1/../../../../arm-none-eabi/lib/thumb/v7e-m/fpv4-sp/hard/libc_nano.a(lib_a-signal.o)
                0x0000000000006a6c                raise
 .text._kill_r  0x0000000000006a7c       0x24 /Applications/MCUXpressoIDE_10.3.0_2200/ide/plugins/com.nxp.mcuxpresso.tools.macosx_10.3.0.201811011841/tools/bin/../lib/gcc/arm-none-eabi/7.3.1/../../../../arm-none-eabi/lib/thumb/v7e-m/fpv4-sp/hard/libc_nano.a(lib_a-signalr.o)
                0x0000000000006a7c                _kill_r
 .text.__swbuf_r
                0x0000000000006aa0       0xa4 /Applications/MCUXpressoIDE_10.3.0_2200/ide/plugins/com.nxp.mcuxpresso.tools.macosx_10.3.0.201811011841/tools/bin/../lib/gcc/arm-none-eabi/7.3.1/../../../../arm-none-eabi/lib/thumb/v7e-m/fpv4-sp/hard/libc_nano.a(lib_a-wbuf.o)
                0x0000000000006aa0                __swbuf_r
 .text.__swsetup_r
                0x0000000000006b44       0xdc /Applications/MCUXpressoIDE_10.3.0_2200/ide/plugins/com.nxp.mcuxpresso.tools.macosx_10.3.0.201811011841/tools/bin/../lib/gcc/arm-none-eabi/7.3.1/../../../../arm-none-eabi/lib/thumb/v7e-m/fpv4-sp/hard/libc_nano.a(lib_a-wsetup.o)
                0x0000000000006b44                __swsetup_r
 .text.__sflush_r
                0x0000000000006c20      0x10c /Applications/MCUXpressoIDE_10.3.0_2200/ide/plugins/com.nxp.mcuxpresso.tools.macosx_10.3.0.201811011841/tools/bin/../lib/gcc/arm-none-eabi/7.3.1/../../../../arm-none-eabi/lib/thumb/v7e-m/fpv4-sp/hard/libc_nano.a(lib_a-fflush.o)
                0x0000000000006c20                __sflush_r
 .text._fflush_r
                0x0000000000006d2c       0x54 /Applications/MCUXpressoIDE_10.3.0_2200/ide/plugins/com.nxp.mcuxpresso.tools.macosx_10.3.0.201811011841/tools/bin/../lib/gcc/arm-none-eabi/7.3.1/../../../../arm-none-eabi/lib/thumb/v7e-m/fpv4-sp/hard/libc_nano.a(lib_a-fflush.o)
                0x0000000000006d2c                _fflush_r
 .text.std      0x0000000000006d80       0x48 /Applications/MCUXpressoIDE_10.3.0_2200/ide/plugins/com.nxp.mcuxpresso.tools.macosx_10.3.0.201811011841/tools/bin/../lib/gcc/arm-none-eabi/7.3.1/../../../../arm-none-eabi/lib/thumb/v7e-m/fpv4-sp/hard/libc_nano.a(lib_a-findfp.o)
 .text._cleanup_r
                0x0000000000006dc8        0xc /Applications/MCUXpressoIDE_10.3.0_2200/ide/plugins/com.nxp.mcuxpresso.tools.macosx_10.3.0.201811011841/tools/bin/../lib/gcc/arm-none-eabi/7.3.1/../../../../arm-none-eabi/lib/thumb/v7e-m/fpv4-sp/hard/libc_nano.a(lib_a-findfp.o)
                0x0000000000006dc8                _cleanup_r
 .text.__sinit  0x0000000000006dd4       0x60 /Applications/MCUXpressoIDE_10.3.0_2200/ide/plugins/com.nxp.mcuxpresso.tools.macosx_10.3.0.201811011841/tools/bin/../lib/gcc/arm-none-eabi/7.3.1/../../../../arm-none-eabi/lib/thumb/v7e-m/fpv4-sp/hard/libc_nano.a(lib_a-findfp.o)
                0x0000000000006dd4                __sinit
 .text.__sfp    0x0000000000006e34       0x78 /Applications/MCUXpressoIDE_10.3.0_2200/ide/plugins/com.nxp.mcuxpresso.tools.macosx_10.3.0.201811011841/tools/bin/../lib/gcc/arm-none-eabi/7.3.1/../../../../arm-none-eabi/lib/thumb/v7e-m/fpv4-sp/hard/libc_nano.a(lib_a-findfp.o)
                0x0000000000006e34                __sfp
 .text.__smakebuf_r
                0x0000000000006eac       0x80 /Applications/MCUXpressoIDE_10.3.0_2200/ide/plugins/com.nxp.mcuxpresso.tools.macosx_10.3.0.201811011841/tools/bin/../lib/gcc/arm-none-eabi/7.3.1/../../../../arm-none-eabi/lib/thumb/v7e-m/fpv4-sp/hard/libc_nano.a(lib_a-makebuf.o)
                0x0000000000006eac                __smakebuf_r
 .text._vfprintf_r
                0x0000000000006f2c      0x22c /Applications/MCUXpressoIDE_10.3.0_2200/ide/plugins/com.nxp.mcuxpresso.tools.macosx_10.3.0.201811011841/tools/bin/../lib/gcc/arm-none-eabi/7.3.1/../../../../arm-none-eabi/lib/thumb/v7e-m/fpv4-sp/hard/libc_nano.a(lib_a-nano-vfprintf.o)
                0x0000000000006f2c                _vfiprintf_r
                0x0000000000006f2c                _vfprintf_r
 .text._printf_i
                0x0000000000007158      0x224 /Applications/MCUXpressoIDE_10.3.0_2200/ide/plugins/com.nxp.mcuxpresso.tools.macosx_10.3.0.201811011841/tools/bin/../lib/gcc/arm-none-eabi/7.3.1/../../../../arm-none-eabi/lib/thumb/v7e-m/fpv4-sp/hard/libc_nano.a(lib_a-nano-vfprintf_i.o)
                0x0000000000007158                _printf_i
 .text._write_r
                0x000000000000737c       0x24 /Applications/MCUXpressoIDE_10.3.0_2200/ide/plugins/com.nxp.mcuxpresso.tools.macosx_10.3.0.201811011841/tools/bin/../lib/gcc/arm-none-eabi/7.3.1/../../../../arm-none-eabi/lib/thumb/v7e-m/fpv4-sp/hard/libc_nano.a(lib_a-writer.o)
                0x000000000000737c                _write_r
 .text._close_r
                0x00000000000073a0       0x20 /Applications/MCUXpressoIDE_10.3.0_2200/ide/plugins/com.nxp.mcuxpresso.tools.macosx_10.3.0.201811011841/tools/bin/../lib/gcc/arm-none-eabi/7.3.1/../../../../arm-none-eabi/lib/thumb/v7e-m/fpv4-sp/hard/libc_nano.a(lib_a-closer.o)
                0x00000000000073a0                _close_r
 .text._fstat_r
                0x00000000000073c0       0x24 /Applications/MCUXpressoIDE_10.3.0_2200/ide/plugins/com.nxp.mcuxpresso.tools.macosx_10.3.0.201811011841/tools/bin/../lib/gcc/arm-none-eabi/7.3.1/../../../../arm-none-eabi/lib/thumb/v7e-m/fpv4-sp/hard/libc_nano.a(lib_a-fstatr.o)
                0x00000000000073c0                _fstat_r
 .text._isatty_r
                0x00000000000073e4       0x20 /Applications/MCUXpressoIDE_10.3.0_2200/ide/plugins/com.nxp.mcuxpresso.tools.macosx_10.3.0.201811011841/tools/bin/../lib/gcc/arm-none-eabi/7.3.1/../../../../arm-none-eabi/lib/thumb/v7e-m/fpv4-sp/hard/libc_nano.a(lib_a-isattyr.o)
                0x00000000000073e4                _isatty_r
 .text._lseek_r
                0x0000000000007404       0x24 /Applications/MCUXpressoIDE_10.3.0_2200/ide/plugins/com.nxp.mcuxpresso.tools.macosx_10.3.0.201811011841/tools/bin/../lib/gcc/arm-none-eabi/7.3.1/../../../../arm-none-eabi/lib/thumb/v7e-m/fpv4-sp/hard/libc_nano.a(lib_a-lseekr.o)
                0x0000000000007404                _lseek_r
 .text._read_r  0x0000000000007428       0x24 /Applications/MCUXpressoIDE_10.3.0_2200/ide/plugins/com.nxp.mcuxpresso.tools.macosx_10.3.0.201811011841/tools/bin/../lib/gcc/arm-none-eabi/7.3.1/../../../../arm-none-eabi/lib/thumb/v7e-m/fpv4-sp/hard/libc_nano.a(lib_a-readr.o)
                0x0000000000007428                _read_r
 .text._ZN10__cxxabiv117__class_type_infoD2Ev
                0x000000000000744c       0x14 /Applications/MCUXpressoIDE_10.3.0_2200/ide/plugins/com.nxp.mcuxpresso.tools.macosx_10.3.0.201811011841/tools/bin/../lib/gcc/arm-none-eabi/7.3.1/../../../../arm-none-eabi/lib/thumb/v7e-m/fpv4-sp/hard/libstdc++_nano.a(class_type_info.o)
                0x000000000000744c                __cxxabiv1::__class_type_info::~__class_type_info()
                0x000000000000744c                __cxxabiv1::__class_type_info::~__class_type_info()
 .text.__cxa_type_match
                0x0000000000007460       0xbc /Applications/MCUXpressoIDE_10.3.0_2200/ide/plugins/com.nxp.mcuxpresso.tools.macosx_10.3.0.201811011841/tools/bin/../lib/gcc/arm-none-eabi/7.3.1/../../../../arm-none-eabi/lib/thumb/v7e-m/fpv4-sp/hard/libstdc++_nano.a(eh_arm.o)
                0x0000000000007460                __cxa_type_match
 .text.__cxa_get_globals
                0x000000000000751c        0x8 /Applications/MCUXpressoIDE_10.3.0_2200/ide/plugins/com.nxp.mcuxpresso.tools.macosx_10.3.0.201811011841/tools/bin/../lib/gcc/arm-none-eabi/7.3.1/../../../../arm-none-eabi/lib/thumb/v7e-m/fpv4-sp/hard/libstdc++_nano.a(eh_globals.o)
                0x000000000000751c                __cxa_get_globals
 .text.__gxx_personality_v0
                0x0000000000007524      0x380 /Applications/MCUXpressoIDE_10.3.0_2200/ide/plugins/com.nxp.mcuxpresso.tools.macosx_10.3.0.201811011841/tools/bin/../lib/gcc/arm-none-eabi/7.3.1/../../../../arm-none-eabi/lib/thumb/v7e-m/fpv4-sp/hard/libstdc++_nano.a(eh_personality.o)
                0x0000000000007524                __gxx_personality_v0
 .text._ZSt13get_terminatev
                0x00000000000078a4       0x10 /Applications/MCUXpressoIDE_10.3.0_2200/ide/plugins/com.nxp.mcuxpresso.tools.macosx_10.3.0.201811011841/tools/bin/../lib/gcc/arm-none-eabi/7.3.1/../../../../arm-none-eabi/lib/thumb/v7e-m/fpv4-sp/hard/libstdc++_nano.a(eh_terminate.o)
                0x00000000000078a4                std::get_terminate()
 .text._ZSt14get_unexpectedv
                0x00000000000078b4       0x10 /Applications/MCUXpressoIDE_10.3.0_2200/ide/plugins/com.nxp.mcuxpresso.tools.macosx_10.3.0.201811011841/tools/bin/../lib/gcc/arm-none-eabi/7.3.1/../../../../arm-none-eabi/lib/thumb/v7e-m/fpv4-sp/hard/libstdc++_nano.a(eh_terminate.o)
                0x00000000000078b4                std::get_unexpected()
 .text._ZN10__cxxabiv120__si_class_type_infoD2Ev
                0x00000000000078c4       0x14 /Applications/MCUXpressoIDE_10.3.0_2200/ide/plugins/com.nxp.mcuxpresso.tools.macosx_10.3.0.201811011841/tools/bin/../lib/gcc/arm-none-eabi/7.3.1/../../../../arm-none-eabi/lib/thumb/v7e-m/fpv4-sp/hard/libstdc++_nano.a(si_class_type_info.o)
                0x00000000000078c4                __cxxabiv1::__si_class_type_info::~__si_class_type_info()
                0x00000000000078c4                __cxxabiv1::__si_class_type_info::~__si_class_type_info()
 .text._sbrk    0x00000000000078d8       0x3c /Applications/MCUXpressoIDE_10.3.0_2200/ide/plugins/com.nxp.mcuxpresso.tools.macosx_10.3.0.201811011841/tools/bin/../lib/gcc/arm-none-eabi/7.3.1/../../../../arm-none-eabi/lib/thumb/v7e-m/fpv4-sp/hard/libcr_newlib_semihost.a(_cr_sbrk.o)
                0x00000000000078d8                _sbrk
 .text._kill    0x0000000000007914       0x20 /Applications/MCUXpressoIDE_10.3.0_2200/ide/plugins/com.nxp.mcuxpresso.tools.macosx_10.3.0.201811011841/tools/bin/../lib/gcc/arm-none-eabi/7.3.1/../../../../arm-none-eabi/lib/thumb/v7e-m/fpv4-sp/hard/libcr_newlib_semihost.a(_kill.o)
                0x0000000000007914                _kill
 .text.initialise_monitor_handles.part.0
                0x0000000000007934       0xa4 /Applications/MCUXpressoIDE_10.3.0_2200/ide/plugins/com.nxp.mcuxpresso.tools.macosx_10.3.0.201811011841/tools/bin/../lib/gcc/arm-none-eabi/7.3.1/../../../../arm-none-eabi/lib/thumb/v7e-m/fpv4-sp/hard/libcr_newlib_semihost.a(syscalls.o)
 .text.findslot
                0x00000000000079d8       0x30 /Applications/MCUXpressoIDE_10.3.0_2200/ide/plugins/com.nxp.mcuxpresso.tools.macosx_10.3.0.201811011841/tools/bin/../lib/gcc/arm-none-eabi/7.3.1/../../../../arm-none-eabi/lib/thumb/v7e-m/fpv4-sp/hard/libcr_newlib_semihost.a(syscalls.o)
 .text._close   0x0000000000007a08       0x4c /Applications/MCUXpressoIDE_10.3.0_2200/ide/plugins/com.nxp.mcuxpresso.tools.macosx_10.3.0.201811011841/tools/bin/../lib/gcc/arm-none-eabi/7.3.1/../../../../arm-none-eabi/lib/thumb/v7e-m/fpv4-sp/hard/libcr_newlib_semihost.a(syscalls.o)
                0x0000000000007a08                _close
 .text.__check_heap_overflow
                0x0000000000007a54       0x18 /Applications/MCUXpressoIDE_10.3.0_2200/ide/plugins/com.nxp.mcuxpresso.tools.macosx_10.3.0.201811011841/tools/bin/../lib/gcc/arm-none-eabi/7.3.1/../../../../arm-none-eabi/lib/thumb/v7e-m/fpv4-sp/hard/libcr_newlib_semihost.a(_cr_check_heap.o)
                0x0000000000007a54                __check_heap_overflow
 .text          0x0000000000007a6c       0x40 /Applications/MCUXpressoIDE_10.3.0_2200/ide/plugins/com.nxp.mcuxpresso.tools.macosx_10.3.0.201811011841/tools/bin/../lib/gcc/arm-none-eabi/7.3.1/thumb/v7e-m/fpv4-sp/hard/crtbegin.o
 .text.__errno  0x0000000000007aac        0xc /Applications/MCUXpressoIDE_10.3.0_2200/ide/plugins/com.nxp.mcuxpresso.tools.macosx_10.3.0.201811011841/tools/bin/../lib/gcc/arm-none-eabi/7.3.1/../../../../arm-none-eabi/lib/thumb/v7e-m/fpv4-sp/hard/libc_nano.a(lib_a-errno.o)
                0x0000000000007aac                __errno
 .text          0x0000000000007ab8      0x2c8 ./startup/startup_mke18f16.o
                0x0000000000007ab8                DMA0_IRQHandler
                0x0000000000007ac0                DMA1_IRQHandler
                0x0000000000007ac8                DMA2_IRQHandler
                0x0000000000007ad0                DMA3_IRQHandler
                0x0000000000007ad8                DMA4_IRQHandler
                0x0000000000007ae0                DMA5_IRQHandler
                0x0000000000007ae8                DMA6_IRQHandler
                0x0000000000007af0                DMA7_IRQHandler
                0x0000000000007af8                DMA8_IRQHandler
                0x0000000000007b00                DMA9_IRQHandler
                0x0000000000007b08                DMA10_IRQHandler
                0x0000000000007b10                DMA11_IRQHandler
                0x0000000000007b18                DMA12_IRQHandler
                0x0000000000007b20                DMA13_IRQHandler
                0x0000000000007b28                DMA14_IRQHandler
                0x0000000000007b30                DMA15_IRQHandler
                0x0000000000007b38                DMA_Error_IRQHandler
                0x0000000000007b40                MCM_IRQHandler
                0x0000000000007b48                FTFE_IRQHandler
                0x0000000000007b50                Read_Collision_IRQHandler
                0x0000000000007b58                LVD_LVW_IRQHandler
                0x0000000000007b60                Doublebit_Fault_IRQHandler
                0x0000000000007b68                WDOG_EWM_IRQHandler
                0x0000000000007b70                Reserved39_IRQHandler
                0x0000000000007b78                LPI2C0_IRQHandler
                0x0000000000007b80                LPI2C1_IRQHandler
                0x0000000000007b98                Reserved44_IRQHandler
                0x0000000000007ba0                PWT_IRQHandler
                0x0000000000007ba8                Reserved46_IRQHandler
                0x0000000000007bb0                LPUART0_TX_IRQHandler
                0x0000000000007bb8                LPUART0_RX_IRQHandler
                0x0000000000007bc0                LPUART1_TX_IRQHandler
                0x0000000000007bc8                LPUART1_RX_IRQHandler
                0x0000000000007bd0                LPUART2_TX_IRQHandler
                0x0000000000007bd8                LPUART2_RX_IRQHandler
                0x0000000000007be0                Reserved53_IRQHandler
                0x0000000000007be8                Reserved54_IRQHandler
                0x0000000000007bf8                CMP0_IRQHandler
                0x0000000000007c00                CMP1_IRQHandler
                0x0000000000007c08                FTM0_IRQHandler
                0x0000000000007c10                FTM1_IRQHandler
                0x0000000000007c18                FTM2_IRQHandler
                0x0000000000007c20                Reserved61_IRQHandler
                0x0000000000007c28                RTC_IRQHandler
                0x0000000000007c30                RTC_Seconds_IRQHandler
                0x0000000000007c58                PDB0_IRQHandler
                0x0000000000007c60                Reserved69_IRQHandler
                0x0000000000007c68                Reserved70_IRQHandler
                0x0000000000007c70                Reserved71_IRQHandler
                0x0000000000007c78                DAC0_IRQHandler
                0x0000000000007c80                SCG_RCM_IRQHandler
                0x0000000000007c88                LPTMR0_IRQHandler
                0x0000000000007cb8                SWI_IRQHandler
                0x0000000000007cc0                Reserved81_IRQHandler
                0x0000000000007cc8                Reserved82_IRQHandler
                0x0000000000007cd0                Reserved83_IRQHandler
                0x0000000000007cd8                PDB1_IRQHandler
                0x0000000000007ce0                FLEXIO_IRQHandler
                0x0000000000007ce8                CMP2_IRQHandler
                0x0000000000007cf0                FTM3_IRQHandler
                0x0000000000007cf8                Reserved88_IRQHandler
                0x0000000000007d10                Reserved91_IRQHandler
                0x0000000000007d18                Reserved92_IRQHandler
                0x0000000000007d20                PDB2_IRQHandler
                0x0000000000007d28                CAN0_ORed_IRQHandler
                0x0000000000007d30                CAN0_Error_IRQHandler
                0x0000000000007d38                CAN0_Wake_Up_IRQHandler
                0x0000000000007d48                Reserved98_IRQHandler
                0x0000000000007d50                Reserved99_IRQHandler
                0x0000000000007d58                Reserved100_IRQHandler
                0x0000000000007d60                CAN1_ORed_IRQHandler
                0x0000000000007d68                CAN1_Error_IRQHandler
                0x0000000000007d70                CAN1_Wake_Up_IRQHandler
 .text._ZN7ServiceD0Ev
                0x0000000000007d80       0x20 ./source/Gears.o
                0x0000000000007d80                Service::~Service()
 .text._ZN13StaticServiceIN3BSP4gpio4GPIOEJEED0Ev
                0x0000000000007da0       0x20 ./source/Gears.o
                0x0000000000007da0                StaticService<BSP::gpio::GPIO>::~StaticService()
 .text._ZN3BSP4gpio4GPIOD0Ev
                0x0000000000007dc0       0x20 ./source/Gears.o
                0x0000000000007dc0                BSP::gpio::GPIO::~GPIO()
 .text._ZN13StaticServiceIN3BSP4gpio4GPIOEJEE4initEv
                0x0000000000007de0       0x14 ./source/Gears.o
                0x0000000000007de0                StaticService<BSP::gpio::GPIO>::init()
 .text          0x0000000000007df4       0x8a ./source/WarningLEDs.o
                0x0000000000007df4                initLEDs()
                0x0000000000007e2e                toggleLED1()
                0x0000000000007e42                toggleLED2()
                0x0000000000007e56                toggleLED3()
                0x0000000000007e6a                toggleLED4()
 .text.HardFault_Handler
                0x0000000000007e7e       0x2c ./source/semihost_hardfault.o
                0x0000000000007e7e                HardFault_Handler
 .text._ZN13StaticServiceIN3BSP3adc3ADCEJPKNS1_10adc_configEEED0Ev
                0x0000000000007eaa       0x20 ./lib/adc.o
                0x0000000000007eaa                StaticService<BSP::adc::ADC, BSP::adc::adc_config const*>::~StaticService()
 .text._ZN3BSP3adc3ADCD0Ev
                0x0000000000007eca       0x20 ./lib/adc.o
                0x0000000000007eca                BSP::adc::ADC::~ADC()
 .text._ZN13StaticServiceIN3BSP3adc3ADCEJPKNS1_10adc_configEEE4initEv
                0x0000000000007eea       0x14 ./lib/adc.o
                0x0000000000007eea                StaticService<BSP::adc::ADC, BSP::adc::adc_config const*>::init()
 .text._ZN13StaticServiceIN3BSP3can8CANlightEJPKNS1_16_canlight_configEEED0Ev
                0x0000000000007efe       0x20 ./lib/canlight.o
                0x0000000000007efe                StaticService<BSP::can::CANlight, BSP::can::_canlight_config const*>::~StaticService()
 .text._ZN3BSP3can16_canlight_configC2Ev
                0x0000000000007f1e       0x22 ./lib/canlight.o
                0x0000000000007f1e                BSP::can::_canlight_config::_canlight_config()
                0x0000000000007f1e                BSP::can::_canlight_config::_canlight_config()
 .text._ZN3BSP3can8CANlightD0Ev
                0x0000000000007f40       0x20 ./lib/canlight.o
                0x0000000000007f40                BSP::can::CANlight::~CANlight()
 .text._ZN13StaticServiceIN3BSP3can8CANlightEJPKNS1_16_canlight_configEEE4initEv
                0x0000000000007f60       0x14 ./lib/canlight.o
                0x0000000000007f60                StaticService<BSP::can::CANlight, BSP::can::_canlight_config const*>::init()
 .text._ZN13StaticServiceIN3BSP4lpit4LPITEJPKNS1_11lpit_configEEED0Ev
                0x0000000000007f74       0x20 ./lib/lpit.o
                0x0000000000007f74                StaticService<BSP::lpit::LPIT, BSP::lpit::lpit_config const*>::~StaticService()
 .text._ZN3BSP4lpit4LPITD0Ev
                0x0000000000007f94       0x20 ./lib/lpit.o
                0x0000000000007f94                BSP::lpit::LPIT::~LPIT()
 .text._ZN13StaticServiceIN3BSP4lpit4LPITEJPKNS1_11lpit_configEEE4initEv
                0x0000000000007fb4       0x14 ./lib/lpit.o
                0x0000000000007fb4                StaticService<BSP::lpit::LPIT, BSP::lpit::lpit_config const*>::init()
 .text._ZN13StaticServiceIN3BSP3spi3SPIEJPKNS1_10spi_configEEED0Ev
                0x0000000000007fc8       0x20 ./lib/spi.o
                0x0000000000007fc8                StaticService<BSP::spi::SPI, BSP::spi::spi_config const*>::~StaticService()
 .text._ZN3BSP3spi3SPI11transceiverC2Ev
                0x0000000000007fe8       0x40 ./lib/spi.o
                0x0000000000007fe8                BSP::spi::SPI::transceiver::transceiver()
                0x0000000000007fe8                BSP::spi::SPI::transceiver::transceiver()
 .text._ZN3BSP3spi3SPID0Ev
                0x0000000000008028       0x20 ./lib/spi.o
                0x0000000000008028                BSP::spi::SPI::~SPI()
 .text._ZN13StaticServiceIN3BSP3spi3SPIEJPKNS1_10spi_configEEE4initEv
                0x0000000000008048       0x14 ./lib/spi.o
                0x0000000000008048                StaticService<BSP::spi::SPI, BSP::spi::spi_config const*>::init()
 .text.ADC12_GetCalibrationStatus
                0x000000000000805c      0x14c ./drivers/fsl_adc12.o
 .text.ADC12_DoAutoCalibration
                0x00000000000081a8      0x112 ./drivers/fsl_adc12.o
                0x00000000000081a8                ADC12_DoAutoCalibration
 .text.ADC12_SetHardwareAverage
                0x00000000000082ba       0x58 ./drivers/fsl_adc12.o
                0x00000000000082ba                ADC12_SetHardwareAverage
 .text.ADC12_GetStatusFlags
                0x0000000000008312       0x40 ./drivers/fsl_adc12.o
                0x0000000000008312                ADC12_GetStatusFlags
 .text.FLEXCAN_GetMbStatusFlags
                0x0000000000008352       0x1e ./drivers/fsl_flexcan.o
 .text.FLEXCAN_ClearMbStatusFlags
                0x0000000000008370       0x1c ./drivers/fsl_flexcan.o
 .text.FLEXCAN_Enable
                0x000000000000838c       0x54 ./drivers/fsl_flexcan.o
 .text.FLEXCAN_EnterFreezeMode
                0x00000000000083e0       0x3a ./drivers/fsl_flexcan.o
 .text.FLEXCAN_ExitFreezeMode
                0x000000000000841a       0x3a ./drivers/fsl_flexcan.o
 .text.FLEXCAN_IsMbOccupied
                0x0000000000008454       0x52 ./drivers/fsl_flexcan.o
 .text.FLEXCAN_SetRxMbGlobalMask
                0x00000000000084a6       0x30 ./drivers/fsl_flexcan.o
                0x00000000000084a6                FLEXCAN_SetRxMbGlobalMask
 .text.FLEXCAN_TransferSendBlocking
                0x00000000000084d6       0x56 ./drivers/fsl_flexcan.o
                0x00000000000084d6                FLEXCAN_TransferSendBlocking
 .text.FLEXIO_DriverIRQHandler
                0x000000000000852c        0xc ./drivers/fsl_flexio.o
                0x000000000000852c                FLEXIO_DriverIRQHandler
 .text.LPSPI_Enable
                0x0000000000008538       0x38 ./drivers/fsl_lpspi.o
 .text.LPSPI_SetMasterSlaveMode
                0x0000000000008570       0x2c ./drivers/fsl_lpspi.o
 .text.LPSPI_IsMaster
                0x000000000000859c       0x26 ./drivers/fsl_lpspi.o
 .text.LPSPI_SetFifoWatermarks
                0x00000000000085c2       0x2a ./drivers/fsl_lpspi.o
 .text.LPSPI_SetOnePcsPolarity
                0x00000000000085ec       0x44 ./drivers/fsl_lpspi.o
 .text.SystemInitHook
                0x0000000000008630        0xe ./device/system_MKE18F16.o
                0x0000000000008630                SystemInitHook
 .text.BOARD_InitDebugConsole
                0x000000000000863e        0xe ./board/board.o
                0x000000000000863e                BOARD_InitDebugConsole
 .text.BOARD_InitBootClocks
                0x000000000000864c        0xc ./board/clock_config.o
                0x000000000000864c                BOARD_InitBootClocks
 .text.BOARD_InitBootPeripherals
                0x0000000000008658        0xe ./board/peripherals.o
                0x0000000000008658                BOARD_InitBootPeripherals
 .text.PORT_SetPinMux
                0x0000000000008666       0x3a ./board/pin_mux.o
 .text.BOARD_InitBootPins
                0x00000000000086a0        0xc ./board/pin_mux.o
                0x00000000000086a0                BOARD_InitBootPins
 .text._ZN6System9emptyTaskEv
                0x00000000000086ac        0xe ./System/SystemTesting.o
                0x00000000000086ac                System::emptyTask()
 .text._ZN6System8TaskBaseC2Et
                0x00000000000086ba       0x20 ./System/SystemTesting.o
                0x00000000000086ba                System::TaskBase::TaskBase(unsigned short)
                0x00000000000086ba                System::TaskBase::TaskBase(unsigned short)
 .text._ZN6System4TaskC2EtPFvvE
                0x00000000000086da       0x2a ./System/SystemTesting.o
                0x00000000000086da                System::Task::Task(unsigned short, void (*)())
                0x00000000000086da                System::Task::Task(unsigned short, void (*)())
 .text._ZN6System4TaskclEv
                0x0000000000008704       0x16 ./System/SystemTesting.o
                0x0000000000008704                System::Task::operator()()
 .text._ZN6System10TaskFiniteC2Ev
                0x000000000000871a       0x3e ./System/SystemTesting.o
                0x000000000000871a                System::TaskFinite::TaskFinite()
                0x000000000000871a                System::TaskFinite::TaskFinite()
 .text._ZN6System10TaskFiniteC2EPFvvEtmm
                0x0000000000008758       0x4a ./System/SystemTesting.o
                0x0000000000008758                System::TaskFinite::TaskFinite(void (*)(), unsigned short, unsigned long, unsigned long)
                0x0000000000008758                System::TaskFinite::TaskFinite(void (*)(), unsigned short, unsigned long, unsigned long)
 .text._ZN6System10TaskFiniteclEv
                0x00000000000087a2       0x1e ./System/SystemTesting.o
                0x00000000000087a2                System::TaskFinite::operator()()
 .text._ZNK6System10TaskFinite7isReadyEv
                0x00000000000087c0       0x1a ./System/SystemTesting.o
                0x00000000000087c0                System::TaskFinite::isReady() const
 .text._ZN6System10TaskFinite8setFiresEm
                0x00000000000087da       0x36 ./System/SystemTesting.o
                0x00000000000087da                System::TaskFinite::setFires(unsigned long)
 .text._ZN6System12TaskPeriodicC2Ev
                0x0000000000008810       0x3e ./System/SystemTesting.o
                0x0000000000008810                System::TaskPeriodic::TaskPeriodic()
                0x0000000000008810                System::TaskPeriodic::TaskPeriodic()
 .text._ZN6System12TaskPeriodicC2EPFvvEttt
                0x000000000000884e       0x50 ./System/SystemTesting.o
                0x000000000000884e                System::TaskPeriodic::TaskPeriodic(void (*)(), unsigned short, unsigned short, unsigned short)
                0x000000000000884e                System::TaskPeriodic::TaskPeriodic(void (*)(), unsigned short, unsigned short, unsigned short)
 .text._ZN6System12TaskPeriodicclEv
                0x000000000000889e       0x1e ./System/SystemTesting.o
                0x000000000000889e                System::TaskPeriodic::operator()()
 .text._ZNK6System12TaskPeriodic7isReadyEv
                0x00000000000088bc       0x1a ./System/SystemTesting.o
                0x00000000000088bc                System::TaskPeriodic::isReady() const
 .text._ZN2se5EventIFvtEEC2Ev
                0x00000000000088d6       0x22 ./System/SystemTesting.o
                0x00000000000088d6                se::Event<void (unsigned short)>::Event()
                0x00000000000088d6                se::Event<void (unsigned short)>::Event()
 .text._ZN6System17PeriodicSchedulerINS_12TaskPeriodicELm5EEC2Ev
                0x00000000000088f8       0x2c ./System/SystemTesting.o
                0x00000000000088f8                System::PeriodicScheduler<System::TaskPeriodic, 5ul>::PeriodicScheduler()
                0x00000000000088f8                System::PeriodicScheduler<System::TaskPeriodic, 5ul>::PeriodicScheduler()
 .text._ZN6System16SetFireSchedulerINS_10TaskFiniteELm5EEC2Ev
                0x0000000000008924       0x22 ./System/SystemTesting.o
                0x0000000000008924                System::SetFireScheduler<System::TaskFinite, 5ul>::SetFireScheduler()
                0x0000000000008924                System::SetFireScheduler<System::TaskFinite, 5ul>::SetFireScheduler()
 .text._ZSt4moveIRN2se5EventIFvtEEEEONSt16remove_referenceIT_E4typeEOS6_
                0x0000000000008946       0x16 ./System/SystemTesting.o
                0x0000000000008946                std::remove_reference<se::Event<void (unsigned short)>&>::type&& std::move<se::Event<void (unsigned short)>&>(se::Event<void (unsigned short)>&)
 .text._ZN6System17PeriodicSchedulerINS_12TaskPeriodicELm5EE17setOnErrorHandlerEN2se5EventIFvtEEE
                0x000000000000895c       0x26 ./System/SystemTesting.o
                0x000000000000895c                System::PeriodicScheduler<System::TaskPeriodic, 5ul>::setOnErrorHandler(se::Event<void (unsigned short)>)
 .text._ZN6System9SchedulerINS_12TaskPeriodicELm5ENS_17PeriodicSchedulerIS1_Lm5EEEE7addTaskERKS1_
                0x0000000000008982       0x5e ./System/SystemTesting.o
                0x0000000000008982                System::Scheduler<System::TaskPeriodic, 5ul, System::PeriodicScheduler<System::TaskPeriodic, 5ul> >::addTask(System::TaskPeriodic const&)
 .text._ZN6System9SchedulerINS_12TaskPeriodicELm5ENS_17PeriodicSchedulerIS1_Lm5EEEE5startEv
                0x00000000000089e0       0x2c ./System/SystemTesting.o
                0x00000000000089e0                System::Scheduler<System::TaskPeriodic, 5ul, System::PeriodicScheduler<System::TaskPeriodic, 5ul> >::start()
 .text._ZN6System9SchedulerINS_12TaskPeriodicELm5ENS_17PeriodicSchedulerIS1_Lm5EEEE7onFrameEv
                0x0000000000008a0c       0x28 ./System/SystemTesting.o
                0x0000000000008a0c                System::Scheduler<System::TaskPeriodic, 5ul, System::PeriodicScheduler<System::TaskPeriodic, 5ul> >::onFrame()
 .text._ZN6System16SetFireSchedulerINS_10TaskFiniteELm5EE7SetTaskEtm
                0x0000000000008a34       0x6a ./System/SystemTesting.o
                0x0000000000008a34                System::SetFireScheduler<System::TaskFinite, 5ul>::SetTask(unsigned short, unsigned long)
 .text._ZN6System9SchedulerINS_10TaskFiniteELm5ENS_16SetFireSchedulerIS1_Lm5EEEE7addTaskERKS1_
                0x0000000000008a9e       0x5a ./System/SystemTesting.o
                0x0000000000008a9e                System::Scheduler<System::TaskFinite, 5ul, System::SetFireScheduler<System::TaskFinite, 5ul> >::addTask(System::TaskFinite const&)
 .text._ZN6System9SchedulerINS_10TaskFiniteELm5ENS_16SetFireSchedulerIS1_Lm5EEEE5startEv
                0x0000000000008af8       0x30 ./System/SystemTesting.o
                0x0000000000008af8                System::Scheduler<System::TaskFinite, 5ul, System::SetFireScheduler<System::TaskFinite, 5ul> >::start()
 .text._ZN6System9SchedulerINS_10TaskFiniteELm5ENS_16SetFireSchedulerIS1_Lm5EEEE7onFrameEv
                0x0000000000008b28       0x2a ./System/SystemTesting.o
                0x0000000000008b28                System::Scheduler<System::TaskFinite, 5ul, System::SetFireScheduler<System::TaskFinite, 5ul> >::onFrame()
 .text._ZN6System9SchedulerINS_12TaskPeriodicELm5ENS_17PeriodicSchedulerIS1_Lm5EEEEC2Ev
                0x0000000000008b52       0x50 ./System/SystemTesting.o
                0x0000000000008b52                System::Scheduler<System::TaskPeriodic, 5ul, System::PeriodicScheduler<System::TaskPeriodic, 5ul> >::Scheduler()
                0x0000000000008b52                System::Scheduler<System::TaskPeriodic, 5ul, System::PeriodicScheduler<System::TaskPeriodic, 5ul> >::Scheduler()
 .text._ZN6System9SchedulerINS_10TaskFiniteELm5ENS_16SetFireSchedulerIS1_Lm5EEEEC2Ev
                0x0000000000008ba2       0x52 ./System/SystemTesting.o
                0x0000000000008ba2                System::Scheduler<System::TaskFinite, 5ul, System::SetFireScheduler<System::TaskFinite, 5ul> >::Scheduler()
                0x0000000000008ba2                System::Scheduler<System::TaskFinite, 5ul, System::SetFireScheduler<System::TaskFinite, 5ul> >::Scheduler()
 .text._ZN2se5EventIFvtEEC2EPvPFvS3_OtE
                0x0000000000008bf4       0x26 ./System/SystemTesting.o
                0x0000000000008bf4                se::Event<void (unsigned short)>::Event(void*, void (*)(void*, unsigned short&&))
                0x0000000000008bf4                se::Event<void (unsigned short)>::Event(void*, void (*)(void*, unsigned short&&))
 .text._ZN6System17PeriodicSchedulerINS_12TaskPeriodicELm5EE10doNextTaskEv
                0x0000000000008c1a       0xcc ./System/SystemTesting.o
                0x0000000000008c1a                System::PeriodicScheduler<System::TaskPeriodic, 5ul>::doNextTask()
 .text._ZN6System9SchedulerINS_10TaskFiniteELm5ENS_16SetFireSchedulerIS1_Lm5EEEE12getTaskCountEv
                0x0000000000008ce6       0x1a ./System/SystemTesting.o
                0x0000000000008ce6                System::Scheduler<System::TaskFinite, 5ul, System::SetFireScheduler<System::TaskFinite, 5ul> >::getTaskCount()
 .text._ZN6System16SetFireSchedulerINS_10TaskFiniteELm5EE10doNextTaskEv
                0x0000000000008d00       0xce ./System/SystemTesting.o
                0x0000000000008d00                System::SetFireScheduler<System::TaskFinite, 5ul>::doNextTask()
 .text._ZN6System9SchedulerINS_12TaskPeriodicELm5ENS_17PeriodicSchedulerIS1_Lm5EEEE12getTaskCountEv
                0x0000000000008dce       0x1a ./System/SystemTesting.o
                0x0000000000008dce                System::Scheduler<System::TaskPeriodic, 5ul, System::PeriodicScheduler<System::TaskPeriodic, 5ul> >::getTaskCount()
 .text.abort    0x0000000000008de8        0xe /Applications/MCUXpressoIDE_10.3.0_2200/ide/plugins/com.nxp.mcuxpresso.tools.macosx_10.3.0.201811011841/tools/bin/../lib/gcc/arm-none-eabi/7.3.1/../../../../arm-none-eabi/lib/thumb/v7e-m/fpv4-sp/hard/libc_nano.a(lib_a-abort.o)
                0x0000000000008de8                abort
 .text.__aeabi_atexit
                0x0000000000008df6        0xa /Applications/MCUXpressoIDE_10.3.0_2200/ide/plugins/com.nxp.mcuxpresso.tools.macosx_10.3.0.201811011841/tools/bin/../lib/gcc/arm-none-eabi/7.3.1/../../../../arm-none-eabi/lib/thumb/v7e-m/fpv4-sp/hard/libc_nano.a(lib_a-aeabi_atexit.o)
                0x0000000000008df6                __aeabi_atexit
 .text.memcpy   0x0000000000008e00       0x16 /Applications/MCUXpressoIDE_10.3.0_2200/ide/plugins/com.nxp.mcuxpresso.tools.macosx_10.3.0.201811011841/tools/bin/../lib/gcc/arm-none-eabi/7.3.1/../../../../arm-none-eabi/lib/thumb/v7e-m/fpv4-sp/hard/libc_nano.a(lib_a-memcpy-stub.o)
                0x0000000000008e00                memcpy
 .text.memset   0x0000000000008e16       0x10 /Applications/MCUXpressoIDE_10.3.0_2200/ide/plugins/com.nxp.mcuxpresso.tools.macosx_10.3.0.201811011841/tools/bin/../lib/gcc/arm-none-eabi/7.3.1/../../../../arm-none-eabi/lib/thumb/v7e-m/fpv4-sp/hard/libc_nano.a(lib_a-memset.o)
                0x0000000000008e16                memset
 .text._raise_r
                0x0000000000008e26       0x50 /Applications/MCUXpressoIDE_10.3.0_2200/ide/plugins/com.nxp.mcuxpresso.tools.macosx_10.3.0.201811011841/tools/bin/../lib/gcc/arm-none-eabi/7.3.1/../../../../arm-none-eabi/lib/thumb/v7e-m/fpv4-sp/hard/libc_nano.a(lib_a-signal.o)
                0x0000000000008e26                _raise_r
 .text._getpid_r
                0x0000000000008e76        0x4 /Applications/MCUXpressoIDE_10.3.0_2200/ide/plugins/com.nxp.mcuxpresso.tools.macosx_10.3.0.201811011841/tools/bin/../lib/gcc/arm-none-eabi/7.3.1/../../../../arm-none-eabi/lib/thumb/v7e-m/fpv4-sp/hard/libc_nano.a(lib_a-signalr.o)
                0x0000000000008e76                _getpid_r
 .text.__sfmoreglue
                0x0000000000008e7a       0x2c /Applications/MCUXpressoIDE_10.3.0_2200/ide/plugins/com.nxp.mcuxpresso.tools.macosx_10.3.0.201811011841/tools/bin/../lib/gcc/arm-none-eabi/7.3.1/../../../../arm-none-eabi/lib/thumb/v7e-m/fpv4-sp/hard/libc_nano.a(lib_a-findfp.o)
                0x0000000000008e7a                __sfmoreglue
 .text._fwalk_reent
                0x0000000000008ea6       0x3c /Applications/MCUXpressoIDE_10.3.0_2200/ide/plugins/com.nxp.mcuxpresso.tools.macosx_10.3.0.201811011841/tools/bin/../lib/gcc/arm-none-eabi/7.3.1/../../../../arm-none-eabi/lib/thumb/v7e-m/fpv4-sp/hard/libc_nano.a(lib_a-fwalk.o)
                0x0000000000008ea6                _fwalk_reent
 .text.__swhatbuf_r
                0x0000000000008ee2       0x48 /Applications/MCUXpressoIDE_10.3.0_2200/ide/plugins/com.nxp.mcuxpresso.tools.macosx_10.3.0.201811011841/tools/bin/../lib/gcc/arm-none-eabi/7.3.1/../../../../arm-none-eabi/lib/thumb/v7e-m/fpv4-sp/hard/libc_nano.a(lib_a-makebuf.o)
                0x0000000000008ee2                __swhatbuf_r
 .text.__malloc_lock
                0x0000000000008f2a        0x2 /Applications/MCUXpressoIDE_10.3.0_2200/ide/plugins/com.nxp.mcuxpresso.tools.macosx_10.3.0.201811011841/tools/bin/../lib/gcc/arm-none-eabi/7.3.1/../../../../arm-none-eabi/lib/thumb/v7e-m/fpv4-sp/hard/libc_nano.a(lib_a-mlock.o)
                0x0000000000008f2a                __malloc_lock
 .text.__malloc_unlock
                0x0000000000008f2c        0x2 /Applications/MCUXpressoIDE_10.3.0_2200/ide/plugins/com.nxp.mcuxpresso.tools.macosx_10.3.0.201811011841/tools/bin/../lib/gcc/arm-none-eabi/7.3.1/../../../../arm-none-eabi/lib/thumb/v7e-m/fpv4-sp/hard/libc_nano.a(lib_a-mlock.o)
                0x0000000000008f2c                __malloc_unlock
 .text.__sfputc_r
                0x0000000000008f2e       0x2e /Applications/MCUXpressoIDE_10.3.0_2200/ide/plugins/com.nxp.mcuxpresso.tools.macosx_10.3.0.201811011841/tools/bin/../lib/gcc/arm-none-eabi/7.3.1/../../../../arm-none-eabi/lib/thumb/v7e-m/fpv4-sp/hard/libc_nano.a(lib_a-nano-vfprintf.o)
 .text.__sfputs_r
                0x0000000000008f5c       0x24 /Applications/MCUXpressoIDE_10.3.0_2200/ide/plugins/com.nxp.mcuxpresso.tools.macosx_10.3.0.201811011841/tools/bin/../lib/gcc/arm-none-eabi/7.3.1/../../../../arm-none-eabi/lib/thumb/v7e-m/fpv4-sp/hard/libc_nano.a(lib_a-nano-vfprintf.o)
                0x0000000000008f5c                __sfputs_r
 .text._printf_common
                0x0000000000008f80       0xea /Applications/MCUXpressoIDE_10.3.0_2200/ide/plugins/com.nxp.mcuxpresso.tools.macosx_10.3.0.201811011841/tools/bin/../lib/gcc/arm-none-eabi/7.3.1/../../../../arm-none-eabi/lib/thumb/v7e-m/fpv4-sp/hard/libc_nano.a(lib_a-nano-vfprintf_i.o)
                0x0000000000008f80                _printf_common
 .text.__sread  0x000000000000906a       0x22 /Applications/MCUXpressoIDE_10.3.0_2200/ide/plugins/com.nxp.mcuxpresso.tools.macosx_10.3.0.201811011841/tools/bin/../lib/gcc/arm-none-eabi/7.3.1/../../../../arm-none-eabi/lib/thumb/v7e-m/fpv4-sp/hard/libc_nano.a(lib_a-stdio.o)
                0x000000000000906a                __sread
 .text.__swrite
                0x000000000000908c       0x38 /Applications/MCUXpressoIDE_10.3.0_2200/ide/plugins/com.nxp.mcuxpresso.tools.macosx_10.3.0.201811011841/tools/bin/../lib/gcc/arm-none-eabi/7.3.1/../../../../arm-none-eabi/lib/thumb/v7e-m/fpv4-sp/hard/libc_nano.a(lib_a-stdio.o)
                0x000000000000908c                __swrite
 .text.__sseek  0x00000000000090c4       0x24 /Applications/MCUXpressoIDE_10.3.0_2200/ide/plugins/com.nxp.mcuxpresso.tools.macosx_10.3.0.201811011841/tools/bin/../lib/gcc/arm-none-eabi/7.3.1/../../../../arm-none-eabi/lib/thumb/v7e-m/fpv4-sp/hard/libc_nano.a(lib_a-stdio.o)
                0x00000000000090c4                __sseek
 .text.__sclose
                0x00000000000090e8        0x8 /Applications/MCUXpressoIDE_10.3.0_2200/ide/plugins/com.nxp.mcuxpresso.tools.macosx_10.3.0.201811011841/tools/bin/../lib/gcc/arm-none-eabi/7.3.1/../../../../arm-none-eabi/lib/thumb/v7e-m/fpv4-sp/hard/libc_nano.a(lib_a-stdio.o)
                0x00000000000090e8                __sclose
 .text._ZNK10__cxxabiv117__class_type_info11__do_upcastEPKS0_PPv
                0x00000000000090f0       0x34 /Applications/MCUXpressoIDE_10.3.0_2200/ide/plugins/com.nxp.mcuxpresso.tools.macosx_10.3.0.201811011841/tools/bin/../lib/gcc/arm-none-eabi/7.3.1/../../../../arm-none-eabi/lib/thumb/v7e-m/fpv4-sp/hard/libstdc++_nano.a(class_type_info.o)
                0x00000000000090f0                __cxxabiv1::__class_type_info::__do_upcast(__cxxabiv1::__class_type_info const*, void**) const
 .text._ZNK10__cxxabiv117__class_type_info20__do_find_public_srcEiPKvPKS0_S2_
                0x0000000000009124        0xc /Applications/MCUXpressoIDE_10.3.0_2200/ide/plugins/com.nxp.mcuxpresso.tools.macosx_10.3.0.201811011841/tools/bin/../lib/gcc/arm-none-eabi/7.3.1/../../../../arm-none-eabi/lib/thumb/v7e-m/fpv4-sp/hard/libstdc++_nano.a(class_type_info.o)
                0x0000000000009124                __cxxabiv1::__class_type_info::__do_find_public_src(int, void const*, __cxxabiv1::__class_type_info const*, void const*) const
 .text._ZN10__cxxabiv117__class_type_infoD0Ev
                0x0000000000009130       0x14 /Applications/MCUXpressoIDE_10.3.0_2200/ide/plugins/com.nxp.mcuxpresso.tools.macosx_10.3.0.201811011841/tools/bin/../lib/gcc/arm-none-eabi/7.3.1/../../../../arm-none-eabi/lib/thumb/v7e-m/fpv4-sp/hard/libstdc++_nano.a(class_type_info.o)
                0x0000000000009130                __cxxabiv1::__class_type_info::~__class_type_info()
 .text._ZNK10__cxxabiv117__class_type_info12__do_dyncastEiNS0_10__sub_kindEPKS0_PKvS3_S5_RNS0_16__dyncast_resultE
                0x0000000000009144       0x3a /Applications/MCUXpressoIDE_10.3.0_2200/ide/plugins/com.nxp.mcuxpresso.tools.macosx_10.3.0.201811011841/tools/bin/../lib/gcc/arm-none-eabi/7.3.1/../../../../arm-none-eabi/lib/thumb/v7e-m/fpv4-sp/hard/libstdc++_nano.a(class_type_info.o)
                0x0000000000009144                __cxxabiv1::__class_type_info::__do_dyncast(int, __cxxabiv1::__class_type_info::__sub_kind, __cxxabiv1::__class_type_info const*, void const*, __cxxabiv1::__class_type_info const*, void const*, __cxxabiv1::__class_type_info::__dyncast_result&) const
 .text._ZNK10__cxxabiv117__class_type_info11__do_upcastEPKS0_PKvRNS0_15__upcast_resultE
                0x000000000000917e       0x18 /Applications/MCUXpressoIDE_10.3.0_2200/ide/plugins/com.nxp.mcuxpresso.tools.macosx_10.3.0.201811011841/tools/bin/../lib/gcc/arm-none-eabi/7.3.1/../../../../arm-none-eabi/lib/thumb/v7e-m/fpv4-sp/hard/libstdc++_nano.a(class_type_info.o)
                0x000000000000917e                __cxxabiv1::__class_type_info::__do_upcast(__cxxabiv1::__class_type_info const*, void const*, __cxxabiv1::__class_type_info::__upcast_result&) const
 .text._ZNK10__cxxabiv117__class_type_info10__do_catchEPKSt9type_infoPPvj
                0x0000000000009196       0x2a /Applications/MCUXpressoIDE_10.3.0_2200/ide/plugins/com.nxp.mcuxpresso.tools.macosx_10.3.0.201811011841/tools/bin/../lib/gcc/arm-none-eabi/7.3.1/../../../../arm-none-eabi/lib/thumb/v7e-m/fpv4-sp/hard/libstdc++_nano.a(class_type_info.o)
                0x0000000000009196                __cxxabiv1::__class_type_info::__do_catch(std::type_info const*, void**, unsigned int) const
 .text._ZdlPvj  0x00000000000091c0        0x4 /Applications/MCUXpressoIDE_10.3.0_2200/ide/plugins/com.nxp.mcuxpresso.tools.macosx_10.3.0.201811011841/tools/bin/../lib/gcc/arm-none-eabi/7.3.1/../../../../arm-none-eabi/lib/thumb/v7e-m/fpv4-sp/hard/libstdc++_nano.a(del_ops.o)
                0x00000000000091c0                operator delete(void*, unsigned int)
 .text.__cxa_end_cleanup
                0x00000000000091c4        0xc /Applications/MCUXpressoIDE_10.3.0_2200/ide/plugins/com.nxp.mcuxpresso.tools.macosx_10.3.0.201811011841/tools/bin/../lib/gcc/arm-none-eabi/7.3.1/../../../../arm-none-eabi/lib/thumb/v7e-m/fpv4-sp/hard/libstdc++_nano.a(eh_arm.o)
                0x00000000000091c4                __cxa_end_cleanup
 .text._ZN10__cxxabiv1L24__is_gxx_exception_classEPc